Archive member included because of file (symbol)

contiki-z1.a(contiki-z1-plat)
                              obj_z1/contiki-z1-main.o (init_platform)
contiki-z1.a(msp430.o)        obj_z1/contiki-z1-main.o (splhigh_)
contiki-z1.a(leds.o)          obj_z1/contiki-z1-main.o (leds_init)
contiki-z1.a(watchdog.o)      obj_z1/contiki-z1-main.o (watchdog_start)
contiki-z1.a(xmem.o)          obj_z1/contiki-z1-main.o (xmem_init)
contiki-z1.a(spi.o)           contiki-z1.a(xmem.o) (spi_init)
contiki-z1.a(cc2420.o)        obj_z1/contiki-z1-main.o (cc2420_set_pan_addr)
contiki-z1.a(cc2420-arch.o)   contiki-z1.a(cc2420.o) (cc2420_arch_init)
contiki-z1.a(node-id.o)       obj_z1/contiki-z1-main.o (node_id_restore)
contiki-z1.a(sensors.o)       contiki-z1.a(contiki-z1-plat) (sensors_process)
contiki-z1.a(uart0.o)         obj_z1/contiki-z1-main.o (uart0_active)
contiki-z1.a(uart0-putchar.o)
                              obj_z1/contiki-z1-main.o (putchar)
contiki-z1.a(z1-sensors.o)    contiki-z1.a(sensors.o) (sensors_flags)
contiki-z1.a(adxl345.o)       obj_z1/contiki-z1-main.o (adxl345)
contiki-z1.a(tmp102.o)        contiki-z1.a(z1-sensors.o) (tmp102)
contiki-z1.a(clock.o)         obj_z1/contiki-z1-main.o (clock_init)
contiki-z1.a(leds-arch.o)     contiki-z1.a(leds.o) (leds_arch_init)
contiki-z1.a(rtimer-arch.o)   obj_z1/contiki-z1-main.o (rtimer_arch_now)
contiki-z1.a(autostart.o)     obj_z1/contiki-z1-main.o (autostart_start)
contiki-z1.a(ctimer.o)        obj_z1/contiki-z1-main.o (ctimer_init)
contiki-z1.a(energest.o)      obj_z1/contiki-z1-main.o (energest_init)
contiki-z1.a(etimer.o)        contiki-z1.a(clock.o) (etimer_request_poll)
contiki-z1.a(process.o)       udp-client.co (process_current)
contiki-z1.a(rtimer.o)        obj_z1/contiki-z1-main.o (rtimer_init)
contiki-z1.a(timer.o)         contiki-z1.a(adxl345.o) (timer_set)
contiki-z1.a(serial-line.o)   udp-client.co (serial_line_event_message)
contiki-z1.a(list.o)          contiki-z1.a(ctimer.o) (list_init)
contiki-z1.a(random.o)        obj_z1/contiki-z1-main.o (random_init)
contiki-z1.a(ringbuf.o)       contiki-z1.a(serial-line.o) (ringbuf_init)
contiki-z1.a(sicslowpan.o)    obj_z1/contiki-z1-main.o (sicslowpan_driver)
contiki-z1.a(uip6.o)          contiki-z1.a(sicslowpan.o) (uip_aligned_buf)
contiki-z1.a(uip-ds6.o)       contiki-z1.a(uip6.o) (uip_ds6_is_addr_onlink)
contiki-z1.a(uip-ds6-nbr.o)   contiki-z1.a(uip-ds6.o) (uip_ds6_neighbors_init)
contiki-z1.a(uip-ds6-route.o)
                              contiki-z1.a(uip-ds6.o) (uip_ds6_route_init)
contiki-z1.a(uip-icmp6.o)     contiki-z1.a(uip6.o) (uip_icmp6_input)
contiki-z1.a(uip-nd6.o)       contiki-z1.a(uip6.o) (uip_nd6_init)
contiki-z1.a(tcpip.o)         contiki-z1.a(sicslowpan.o) (tcpip_set_outputfunc)
contiki-z1.a(uip-debug.o)     contiki-z1.a(uip-ds6-route.o) (uip_debug_ipaddr_print)
contiki-z1.a(uip-udp-packet.)
                              udp-client.co (uip_udp_packet_sendto)
contiki-z1.a(rpl.o)           contiki-z1.a(uip-ds6-nbr.o) (rpl_link_neighbor_callback)
contiki-z1.a(rpl-dag.o)       contiki-z1.a(rpl.o) (rpl_dag_init)
contiki-z1.a(rpl-ext-header.)
                              contiki-z1.a(uip6.o) (rpl_verify_hbh_header)
contiki-z1.a(rpl-icmp6.o)     contiki-z1.a(rpl-dag.o) (rpl_icmp6_update_nbr_table)
contiki-z1.a(rpl-mrhof.o)     contiki-z1.a(rpl-dag.o) (rpl_mrhof)
contiki-z1.a(rpl-timers.o)    contiki-z1.a(rpl.o) (rpl_reset_periodic_timer)
contiki-z1.a(linkaddr.o)      obj_z1/contiki-z1-main.o (linkaddr_copy)
contiki-z1.a(link-stats.o)    contiki-z1.a(rpl-dag.o) (link_stats_from_lladdr)
contiki-z1.a(nbr-table.o)     contiki-z1.a(uip-ds6-nbr.o) (nbr_table_register)
contiki-z1.a(packetbuf.o)     contiki-z1.a(cc2420.o) (packetbuf_set_datalen)
contiki-z1.a(queuebuf.o)      obj_z1/contiki-z1-main.o (queuebuf_init)
contiki-z1.a(csma.o)          obj_z1/contiki-z1-main.o (csma_driver)
contiki-z1.a(framer-802154.o)
                              contiki-z1.a(sicslowpan.o) (framer_802154)
contiki-z1.a(mac.o)           contiki-z1.a(csma.o) (mac_call_sent_callback)
contiki-z1.a(contikimac.o)    obj_z1/contiki-z1-main.o (contikimac_driver)
contiki-z1.a(nullsec.o)       contiki-z1.a(sicslowpan.o) (nullsec_driver)
contiki-z1.a(i2cmaster.o)     contiki-z1.a(adxl345.o) (i2c_receiveinit)
contiki-z1.a(button-sensor.o)
                              contiki-z1.a(z1-sensors.o) (button_sensor)
contiki-z1.a(stimer.o)        contiki-z1.a(uip-ds6.o) (stimer_set)
contiki-z1.a(memb.o)          contiki-z1.a(uip-ds6-route.o) (memb_init)
contiki-z1.a(rpl-nbr-policy.)
                              contiki-z1.a(nbr-table.o) (rpl_nbr_policy_find_removable)
contiki-z1.a(frame802154.o)   contiki-z1.a(framer-802154.o) (frame802154_get_pan_id)
contiki-z1.a(mac-sequence.o)  contiki-z1.a(contikimac.o) (mac_sequence_is_duplicate)
/usr/local/msp430/bin/../lib/gcc/msp430/4.7.0/mcpu-430x/mmpy-16/msr20/mc20/libgcc.a(_mulsi3.o)
                              contiki-z1.a(rpl-timers.o) (__mulsi3)
[...]
Memory Configuration

Name             Origin             Length             Attributes
sfr              0x00000000         0x00000010
peripheral_8bit  0x00000010         0x000000f0
peripheral_16bit 0x00000100         0x00000100
ram_mirror       0x00000200         0x00000800         xw
infomem          0x00001000         0x00000100
infod            0x00001000         0x00000040
infoc            0x00001040         0x00000040
infob            0x00001080         0x00000040
infoa            0x000010c0         0x00000040
ram              0x00001100         0x00002000         xw
rom              0x00003100         0x0000cebe         xr
vectors          0x0000ffc0         0x00000040
far_rom          0x00010000         0x0000a000
bsl              0x00000000         0x00000000
ram2             0x00000000         0x00000000         xw
usbram           0x00000000         0x00000000         xw
*default*        0x00000000         0xffffffff

Linker script and memory map

LOAD /usr/local/msp430/bin/../lib/gcc/msp430/4.7.0/mcpu-430x/mmpy-16/msr20/mc20/crt0ivtbl32.o
                0x00000041                __P1SEL2 = 0x41
                0x00000045                __P5SEL2 = 0x45
LOAD udp-client.co
LOAD obj_z1/contiki-z1-main.o
LOAD contiki-z1.a
LOAD /usr/local/msp430/bin/../lib/gcc/msp430/4.7.0/mcpu-430x/mmpy-16/msr20/mc20/libgcc.a
LOAD /usr/local/msp430/bin/../lib/gcc/msp430/4.7.0/../../../../msp430/lib/mcpu-430x/mmpy-16/msr20/mc20/libc.a
LOAD /usr/local/msp430/bin/../lib/gcc/msp430/4.7.0/mcpu-430x/mmpy-16/msr20/mc20/libgcc.a
LOAD /usr/local/msp430/bin/../lib/gcc/msp430/4.7.0/mcpu-430x/mmpy-16/msr20/mc20/libcrt0.a
                0x00000040                PROVIDE (__info_segment_size, 0x40)
                0x00001000                PROVIDE (__infod, 0x1000)
                0x00001040                PROVIDE (__infoc, 0x1040)
                0x00001080                PROVIDE (__infob, 0x1080)
                0x000010c0                PROVIDE (__infoa, 0x10c0)
                0x00000000                __IE1 = 0x0
                0x00000002                __IFG1 = 0x2
                0x00000001                __IE2 = 0x1
                0x00000003                __IFG2 = 0x3
                0x00000006                __UC1IE = 0x6
                0x00000007                __UC1IFG = 0x7
                0x000001a0                __ADC12CTL0 = 0x1a0
                0x000001a2                __ADC12CTL1 = 0x1a2
                0x000001a4                __ADC12IFG = 0x1a4
                0x000001a6                __ADC12IE = 0x1a6
                0x000001a8                __ADC12IV = 0x1a8
                0x00000140                __ADC12MEM0 = 0x140
                0x00000142                __ADC12MEM1 = 0x142
                0x00000144                __ADC12MEM2 = 0x144
                0x00000146                __ADC12MEM3 = 0x146
                0x00000148                __ADC12MEM4 = 0x148
                0x0000014a                __ADC12MEM5 = 0x14a
                0x0000014c                __ADC12MEM6 = 0x14c
                0x0000014e                __ADC12MEM7 = 0x14e
                0x00000150                __ADC12MEM8 = 0x150
                0x00000152                __ADC12MEM9 = 0x152
                0x00000154                __ADC12MEM10 = 0x154
                0x00000156                __ADC12MEM11 = 0x156
                0x00000158                __ADC12MEM12 = 0x158
                0x0000015a                __ADC12MEM13 = 0x15a
                0x0000015c                __ADC12MEM14 = 0x15c
                0x0000015e                __ADC12MEM15 = 0x15e
                0x00000080                __ADC12MCTL0 = 0x80
                0x00000081                __ADC12MCTL1 = 0x81
                0x00000082                __ADC12MCTL2 = 0x82
                0x00000083                __ADC12MCTL3 = 0x83
                0x00000084                __ADC12MCTL4 = 0x84
                0x00000085                __ADC12MCTL5 = 0x85
                0x00000086                __ADC12MCTL6 = 0x86
                0x00000087                __ADC12MCTL7 = 0x87
                0x00000088                __ADC12MCTL8 = 0x88
                0x00000089                __ADC12MCTL9 = 0x89
                0x0000008a                __ADC12MCTL10 = 0x8a
                0x0000008b                __ADC12MCTL11 = 0x8b
                0x0000008c                __ADC12MCTL12 = 0x8c
                0x0000008d                __ADC12MCTL13 = 0x8d
                0x0000008e                __ADC12MCTL14 = 0x8e
                0x0000008f                __ADC12MCTL15 = 0x8f
                0x00000056                __DCOCTL = 0x56
                0x00000057                __BCSCTL1 = 0x57
                0x00000058                __BCSCTL2 = 0x58
                0x00000053                __BCSCTL3 = 0x53
                0x00000059                __CACTL1 = 0x59
                0x0000005a                __CACTL2 = 0x5a
                0x0000005b                __CAPD = 0x5b
                0x000001c0                __DAC12_0CTL = 0x1c0
                0x000001c2                __DAC12_1CTL = 0x1c2
                0x000001c8                __DAC12_0DAT = 0x1c8
                0x000001ca                __DAC12_1DAT = 0x1ca
                0x00000122                __DMACTL0 = 0x122
                0x00000124                __DMACTL1 = 0x124
                0x00000126                __DMAIV = 0x126
                0x000001d0                __DMA0CTL = 0x1d0
                0x000001dc                __DMA1CTL = 0x1dc
                0x000001e8                __DMA2CTL = 0x1e8
                0x000001d2                __DMA0SA = 0x1d2
                0x000001d2                __DMA0SAL = 0x1d2
                0x000001d6                __DMA0DA = 0x1d6
                0x000001d6                __DMA0DAL = 0x1d6
                0x000001da                __DMA0SZ = 0x1da
                0x000001de                __DMA1SA = 0x1de
                0x000001de                __DMA1SAL = 0x1de
                0x000001e2                __DMA1DA = 0x1e2
                0x000001e2                __DMA1DAL = 0x1e2
                0x000001e6                __DMA1SZ = 0x1e6
                0x000001ea                __DMA2SA = 0x1ea
                0x000001ea                __DMA2SAL = 0x1ea
                0x000001ee                __DMA2DA = 0x1ee
                0x000001ee                __DMA2DAL = 0x1ee
                0x000001f2                __DMA2SZ = 0x1f2
                0x00000128                __FCTL1 = 0x128
                0x0000012a                __FCTL2 = 0x12a
                0x0000012c                __FCTL3 = 0x12c
                0x000001be                __FCTL4 = 0x1be
                0x00000130                __MPY = 0x130
                0x00000132                __MPYS = 0x132
                0x00000134                __MAC = 0x134
                0x00000136                __MACS = 0x136
                0x00000138                __OP2 = 0x138
                0x0000013a                __RESLO = 0x13a
                0x0000013c                __RESHI = 0x13c
                0x0000013e                __SUMEXT = 0x13e
                0x00000020                __P1IN = 0x20
                0x00000021                __P1OUT = 0x21
                0x00000022                __P1DIR = 0x22
                0x00000023                __P1IFG = 0x23
                0x00000024                __P1IES = 0x24
                0x00000025                __P1IE = 0x25
                0x00000026                __P1SEL = 0x26
                0x00000027                __P1REN = 0x27
                0x00000028                __P2IN = 0x28
                0x00000029                __P2OUT = 0x29
                0x0000002a                __P2DIR = 0x2a
                0x0000002b                __P2IFG = 0x2b
                0x0000002c                __P2IES = 0x2c
                0x0000002d                __P2IE = 0x2d
                0x0000002e                __P2SEL = 0x2e
                0x0000002f                __P2REN = 0x2f
                0x00000018                __P3IN = 0x18
                0x00000019                __P3OUT = 0x19
                0x0000001a                __P3DIR = 0x1a
                0x0000001b                __P3SEL = 0x1b
                0x00000010                __P3REN = 0x10
                0x0000001c                __P4IN = 0x1c
                0x0000001d                __P4OUT = 0x1d
                0x0000001e                __P4DIR = 0x1e
                0x0000001f                __P4SEL = 0x1f
                0x00000011                __P4REN = 0x11
                0x00000030                __P5IN = 0x30
                0x00000031                __P5OUT = 0x31
                0x00000032                __P5DIR = 0x32
                0x00000033                __P5SEL = 0x33
                0x00000012                __P5REN = 0x12
                0x00000034                __P6IN = 0x34
                0x00000035                __P6OUT = 0x35
                0x00000036                __P6DIR = 0x36
                0x00000037                __P6SEL = 0x37
                0x00000013                __P6REN = 0x13
                0x00000038                __P7IN = 0x38
                0x0000003a                __P7OUT = 0x3a
                0x0000003c                __P7DIR = 0x3c
                0x0000003e                __P7SEL = 0x3e
                0x00000014                __P7REN = 0x14
                0x00000039                __P8IN = 0x39
                0x0000003b                __P8OUT = 0x3b
                0x0000003d                __P8DIR = 0x3d
                0x0000003f                __P8SEL = 0x3f
                0x00000015                __P8REN = 0x15
                0x00000038                __PAIN = 0x38
                0x0000003a                __PAOUT = 0x3a
                0x0000003c                __PADIR = 0x3c
                0x0000003e                __PASEL = 0x3e
                0x00000014                __PAREN = 0x14
                0x00000055                __SVSCTL = 0x55
                0x0000012e                __TAIV = 0x12e
                0x00000160                __TACTL = 0x160
                0x00000162                __TACCTL0 = 0x162
                0x00000164                __TACCTL1 = 0x164
                0x00000166                __TACCTL2 = 0x166
                0x00000170                __TAR = 0x170
                0x00000172                __TACCR0 = 0x172
                0x00000174                __TACCR1 = 0x174
                0x00000176                __TACCR2 = 0x176
                0x0000011e                __TBIV = 0x11e
                0x00000180                __TBCTL = 0x180
                0x00000182                __TBCCTL0 = 0x182
                0x00000184                __TBCCTL1 = 0x184
                0x00000186                __TBCCTL2 = 0x186
                0x00000188                __TBCCTL3 = 0x188
                0x0000018a                __TBCCTL4 = 0x18a
                0x0000018c                __TBCCTL5 = 0x18c
                0x0000018e                __TBCCTL6 = 0x18e
                0x00000190                __TBR = 0x190
                0x00000192                __TBCCR0 = 0x192
                0x00000194                __TBCCR1 = 0x194
                0x00000196                __TBCCR2 = 0x196
                0x00000198                __TBCCR3 = 0x198
                0x0000019a                __TBCCR4 = 0x19a
                0x0000019c                __TBCCR5 = 0x19c
                0x0000019e                __TBCCR6 = 0x19e
                0x00000060                __UCA0CTL0 = 0x60
                0x00000061                __UCA0CTL1 = 0x61
                0x00000062                __UCA0BR0 = 0x62
                0x00000063                __UCA0BR1 = 0x63
                0x00000064                __UCA0MCTL = 0x64
                0x00000065                __UCA0STAT = 0x65
                0x00000066                __UCA0RXBUF = 0x66
                0x00000067                __UCA0TXBUF = 0x67
                0x0000005d                __UCA0ABCTL = 0x5d
                0x0000005e                __UCA0IRTCTL = 0x5e
                0x0000005f                __UCA0IRRCTL = 0x5f
                0x00000068                __UCB0CTL0 = 0x68
                0x00000069                __UCB0CTL1 = 0x69
                0x0000006a                __UCB0BR0 = 0x6a
                0x0000006b                __UCB0BR1 = 0x6b
                0x0000006c                __UCB0I2CIE = 0x6c
                0x0000006d                __UCB0STAT = 0x6d
                0x0000006e                __UCB0RXBUF = 0x6e
                0x0000006f                __UCB0TXBUF = 0x6f
                0x00000118                __UCB0I2COA = 0x118
                0x0000011a                __UCB0I2CSA = 0x11a
                0x000000d0                __UCA1CTL0 = 0xd0
                0x000000d1                __UCA1CTL1 = 0xd1
                0x000000d2                __UCA1BR0 = 0xd2
                0x000000d3                __UCA1BR1 = 0xd3
                0x000000d4                __UCA1MCTL = 0xd4
                0x000000d5                __UCA1STAT = 0xd5
                0x000000d6                __UCA1RXBUF = 0xd6
                0x000000d7                __UCA1TXBUF = 0xd7
                0x000000cd                __UCA1ABCTL = 0xcd
                0x000000ce                __UCA1IRTCTL = 0xce
                0x000000cf                __UCA1IRRCTL = 0xcf
                0x000000d8                __UCB1CTL0 = 0xd8
                0x000000d9                __UCB1CTL1 = 0xd9
                0x000000da                __UCB1BR0 = 0xda
                0x000000db                __UCB1BR1 = 0xdb
                0x000000dc                __UCB1I2CIE = 0xdc
                0x000000dd                __UCB1STAT = 0xdd
                0x000000de                __UCB1RXBUF = 0xde
                0x000000df                __UCB1TXBUF = 0xdf
                0x0000017c                __UCB1I2COA = 0x17c
                0x0000017e                __UCB1I2CSA = 0x17e
                0x00000120                __WDTCTL = 0x120
                0x000010c0                __TLV_CHECKSUM = 0x10c0
                0x000010f6                __TLV_DCO_30_TAG = 0x10f6
                0x000010f7                __TLV_DCO_30_LEN = 0x10f7
                0x000010da                __TLV_ADC12_1_TAG = 0x10da
                0x000010db                __TLV_ADC12_1_LEN = 0x10db
                0x000010f8                __CALDCO_16MHZ = 0x10f8
                0x000010f9                __CALBC1_16MHZ = 0x10f9
                0x000010fa                __CALDCO_12MHZ = 0x10fa
                0x000010fb                __CALBC1_12MHZ = 0x10fb
                0x000010fc                __CALDCO_8MHZ = 0x10fc
                0x000010fd                __CALBC1_8MHZ = 0x10fd
                0x000010fe                __CALDCO_1MHZ = 0x10fe
                0x000010ff                __CALBC1_1MHZ = 0x10ff

.hash
 *(.hash)

.dynsym
 *(.dynsym)

.dynstr
 *(.dynstr)

.gnu.version
 *(.gnu.version)

.gnu.version_d
 *(.gnu.version_d)

.gnu.version_r
 *(.gnu.version_r)

.rel.init
 *(.rel.init)

.rela.init
 *(.rela.init)

.rel.fini
 *(.rel.fini)

.rela.fini
 *(.rela.fini)

.rel.text
 *(.rel.text .rel.text.* .rel.gnu.linkonce.t.*)

.rela.text
 *(.rela.text .rela.text.* .rela.gnu.linkonce.t.*)

.rel.rodata
 *(.rel.rodata .rel.rodata.* .rel.gnu.linkonce.r.*)

.rela.rodata
 *(.rela.rodata .rela.rodata.* .rela.gnu.linkonce.r.*)

.rel.data
 *(.rel.data .rel.data.* .rel.gnu.linkonce.d.*)

.rela.data
 *(.rela.data .rela.data.* .rela.gnu.linkonce.d.*)

.rel.bss
 *(.rel.bss .rel.bss.* .rel.gnu.linkonce.b.*)

.rela.bss
 *(.rela.bss .rela.bss.* .rela.gnu.linkonce.b.*)

.rel.ctors
 *(.rel.ctors)

.rela.ctors
 *(.rela.ctors)

.rel.dtors
 *(.rel.dtors)

.rela.dtors
 *(.rela.dtors)

.rel.got
 *(.rel.got)

.rela.got
 *(.rela.got)

.rel.plt
 *(.rel.plt)

.rela.plt
 *(.rela.plt)

.text           0x00003100     0xab72
                0x00003100                . = ALIGN (0x2)
 *(.init .init.*)
 *(.init0)
 .init0         0x00003100        0x0 /usr/local/msp430/bin/../lib/gcc/msp430/4.7.0/mcpu-430x/mmpy-16/msr20/mc20/libcrt0.a(_reset_vector__.o)
                0x00003100                _reset_vector__
 *(.init1)
 .init1         0x00003100        0xc /usr/local/msp430/bin/../lib/gcc/msp430/4.7.0/mcpu-430x/mmpy-16/msr20/mc20/libcrt0.a(__watchdog_support.o)
                0x00003100                __watchdog_support
 *(.init2)
 .init2         0x0000310c        0x4 /usr/local/msp430/bin/../lib/gcc/msp430/4.7.0/mcpu-430x/mmpy-16/msr20/mc20/libcrt0.a(__init_stack.o)
                0x0000310c                __init_stack
 *(.init3)
 .init3         0x00003110        0x0 /usr/local/msp430/bin/../lib/gcc/msp430/4.7.0/mcpu-430x/mmpy-16/msr20/mc20/libcrt0.a(__low_level_init.o)
                0x00003110                __low_level_init
 *(.init4)
 .init4         0x00003110       0x18 /usr/local/msp430/bin/../lib/gcc/msp430/4.7.0/mcpu-430x/mmpy-16/msr20/mc20/libcrt0.a(_copy_data.o)
                0x00003110                __do_copy_data
 .init4         0x00003128       0x16 /usr/local/msp430/bin/../lib/gcc/msp430/4.7.0/mcpu-430x/mmpy-16/msr20/mc20/libcrt0.a(_clear_bss.o)
                0x00003128                __do_clear_bss
 *(.init5)
 *(.init6)
 *(.init7)
 *(.init8)
 *(.init9)
 .init9         0x0000313e      0x348 obj_z1/contiki-z1-main.o
                0x0000313e                main
 *(.fini9)
 .fini9         0x00003486        0x0 /usr/local/msp430/bin/../lib/gcc/msp430/4.7.0/mcpu-430x/mmpy-16/msr20/mc20/libcrt0.a(__stop_progExec__.o)
                0x00003486                __stop_progExec__
 *(.fini8)
 *(.fini7)
 *(.fini6)
 *(.fini5)
 *(.fini4)
 *(.fini3)
 *(.fini2)
 *(.fini1)
 *(.fini0)
 .fini0         0x00003486        0x6 /usr/local/msp430/bin/../lib/gcc/msp430/4.7.0/mcpu-430x/mmpy-16/msr20/mc20/libcrt0.a(_endless_loop__.o)
                0x00003486                _endless_loop__
 *(.fini .fini.*)
                0x0000348c                . = ALIGN (0x2)
                0x0000348c                __ctors_start = .
 *(.ctors)
                0x0000348c                __ctors_end = .
                0x0000348c                __dtors_start = .
 *(.dtors)
                0x0000348c                __dtors_end = .
                0x0000348c                . = ALIGN (0x2)
 *(.text .text.* .gnu.linkonce.t.*)
 .text          0x0000348c        0x4 /usr/local/msp430/bin/../lib/gcc/msp430/4.7.0/mcpu-430x/mmpy-16/msr20/mc20/crt0ivtbl32.o
                0x0000348c                __isr_14
                0x0000348c                __isr_4
                0x0000348c                __isr_29
                0x0000348c                __isr_11
                0x0000348c                __isr_5
                0x0000348c                __isr_2
                0x0000348c                __isr_10
                0x0000348c                __isr_7
                0x0000348c                __isr_0
                0x0000348c                __isr_28
                0x0000348c                __isr_8
                0x0000348c                __isr_20
                0x0000348c                __isr_3
                0x0000348c                __isr_12
                0x0000348c                __isr_13
                0x0000348c                __isr_27
                0x0000348c                __isr_9
                0x0000348c                __isr_30
                0x0000348c                __isr_6
                0x0000348c                __isr_22
                0x0000348c                __isr_1
                0x0000348c                __isr_15
                0x0000348c                __isr_21
 .text.libgcc   0x00003490       0x26 /usr/local/msp430/bin/../lib/gcc/msp430/4.7.0/mcpu-430x/mmpy-16/msr20/mc20/libgcc.a(_mulsi3.o)
                0x00003490                __mulsi3
 .text.libgcc   0x000034b6       0x22 /usr/local/msp430/bin/../lib/gcc/msp430/4.7.0/mcpu-430x/mmpy-16/msr20/mc20/libgcc.a(_udivmod16.o)
                0x000034b6                __udivhi3
                0x000034b6                __ext_udivmod16
                0x000034d0                __umodhi3
 .text.libgcc   0x000034d8       0x3a /usr/local/msp430/bin/../lib/gcc/msp430/4.7.0/mcpu-430x/mmpy-16/msr20/mc20/libgcc.a(_divmod16.o)
                0x000034d8                __ext_divmod16
                0x000034d8                __divhi3
                0x0000350a                __modhi3
 .text.libgcc   0x00003512       0x38 /usr/local/msp430/bin/../lib/gcc/msp430/4.7.0/mcpu-430x/mmpy-16/msr20/mc20/libgcc.a(_udivmod32.o)
                0x00003512                __udivsi3
                0x00003512                __ext_udivmod32
                0x00003540                __umodsi3
 .text.libgcc   0x0000354a       0x4c /usr/local/msp430/bin/../lib/gcc/msp430/4.7.0/mcpu-430x/mmpy-16/msr20/mc20/libgcc.a(_divmod32.o)
                0x0000354a                __ext_divmod32
                0x0000354a                __divsi3
                0x0000358c                __modsi3
 .text.printf   0x00003596       0x10 /usr/local/msp430/bin/../lib/gcc/msp430/4.7.0/../../../../msp430/lib/mcpu-430x/mmpy-16/msr20/mc20/libc.a(printf.o)
                0x00003596                printf
 .text.append   0x000035a6       0x22 /usr/local/msp430/bin/../lib/gcc/msp430/4.7.0/../../../../msp430/lib/mcpu-430x/mmpy-16/msr20/mc20/libc.a(sprintf.o)
 .text.call_vuprintf
                0x000035c8       0x36 /usr/local/msp430/bin/../lib/gcc/msp430/4.7.0/../../../../msp430/lib/mcpu-430x/mmpy-16/msr20/mc20/libc.a(sprintf.o)
 .text.sprintf  0x000035fe       0x1a /usr/local/msp430/bin/../lib/gcc/msp430/4.7.0/../../../../msp430/lib/mcpu-430x/mmpy-16/msr20/mc20/libc.a(sprintf.o)
                0x000035fe                sprintf
 .text.print_field
                0x00003618      0x176 /usr/local/msp430/bin/../lib/gcc/msp430/4.7.0/../../../../msp430/lib/mcpu-430x/mmpy-16/msr20/mc20/libc.a(vuprintf.o)
 .text.vuprintf
                0x0000378e      0x74c /usr/local/msp430/bin/../lib/gcc/msp430/4.7.0/../../../../msp430/lib/mcpu-430x/mmpy-16/msr20/mc20/libc.a(vuprintf.o)
                0x0000378e                vuprintf
 .text.puts     0x00003eda       0x2c /usr/local/msp430/bin/../lib/gcc/msp430/4.7.0/../../../../msp430/lib/mcpu-430x/mmpy-16/msr20/mc20/libc.a(puts.o)
                0x00003eda                puts
 .text.rand     0x00003f06       0x26 /usr/local/msp430/bin/../lib/gcc/msp430/4.7.0/../../../../msp430/lib/mcpu-430x/mmpy-16/msr20/mc20/libc.a(rand.o)
                0x00003f06                rand
 .text.srand    0x00003f2c        0xa /usr/local/msp430/bin/../lib/gcc/msp430/4.7.0/../../../../msp430/lib/mcpu-430x/mmpy-16/msr20/mc20/libc.a(rand.o)
                0x00003f2c                srand
 .text.memcmp   0x00003f36       0x2c /usr/local/msp430/bin/../lib/gcc/msp430/4.7.0/../../../../msp430/lib/mcpu-430x/mmpy-16/msr20/mc20/libc.a(memcmp.o)
                0x00003f36                memcmp
 .text.memcpy   0x00003f62       0xe8 /usr/local/msp430/bin/../lib/gcc/msp430/4.7.0/../../../../msp430/lib/mcpu-430x/mmpy-16/msr20/mc20/libc.a(memcpy.o)
                0x00003f62                memcpy
 .text.memmove  0x0000404a       0xe8 /usr/local/msp430/bin/../lib/gcc/msp430/4.7.0/../../../../msp430/lib/mcpu-430x/mmpy-16/msr20/mc20/libc.a(memmove.o)
                0x0000404a                memmove
 .text.memset   0x00004132       0x5c /usr/local/msp430/bin/../lib/gcc/msp430/4.7.0/../../../../msp430/lib/mcpu-430x/mmpy-16/msr20/mc20/libc.a(memset.o)
                0x00004132                memset
 .text.libgcc   0x0000418e       0xbc /usr/local/msp430/bin/../lib/gcc/msp430/4.7.0/mcpu-430x/mmpy-16/msr20/mc20/libgcc.a(_udivmod64.o)
                0x0000418e                __xabi_udivmod64
                0x000041e0                __udivdi3
                0x000041fa                __umoddi3
                0x0000421c                __udivmoddi4
 .text.crt0     0x0000424a        0x2 /usr/local/msp430/bin/../lib/gcc/msp430/4.7.0/mcpu-430x/mmpy-16/msr20/mc20/libcrt0.a(_unexpected_.o)
                0x0000424a                _unexpected_
 *(.near.text .near.text.*)
 .near.text.watchdog_interrupt
                0x0000424c        0x6 contiki-z1.a(watchdog.o)
                0x0000424c                __isr_26
                0x0000424c                watchdog_interrupt
 .near.text.uart0_rx_interrupt
                0x00004252       0x64 contiki-z1.a(uart0.o)
                0x00004252                __isr_23
                0x00004252                uart0_rx_interrupt
 .near.text.port1_isr
                0x000042b6       0xbe contiki-z1.a(adxl345.o)
                0x000042b6                port1_isr
                0x000042b6                __isr_18
 .near.text.timera1
                0x00004374      0x10a contiki-z1.a(clock.o)
                0x00004374                __isr_24
                0x00004374                timera1
 .near.text.timera0
                0x0000447e       0x5c contiki-z1.a(rtimer-arch.o)
                0x0000447e                __isr_25
                0x0000447e                timera0
 .near.text.i2c_tx_interrupt
                0x000044da       0x84 contiki-z1.a(i2cmaster.o)
                0x000044da                __isr_16
                0x000044da                i2c_tx_interrupt
 .near.text.i2c_rx_interrupt
                0x0000455e       0x14 contiki-z1.a(i2cmaster.o)
                0x0000455e                i2c_rx_interrupt
                0x0000455e                __isr_17
 .near.text.irq_p2
                0x00004572       0x76 contiki-z1.a(button-sensor.o)
                0x00004572                irq_p2
                0x00004572                __isr_19
 .any.text.process_thread_udp_client_process
                0x000045e8      0x1ce udp-client.co
 .any.text.send_packet
                0x000047b6       0x5a udp-client.co
 .any.text.init_platform
                0x00004810        0xc contiki-z1.a(contiki-z1-plat)
                0x00004810                init_platform
 .any.text.msp430_init_dco
                0x0000481c       0x28 contiki-z1.a(msp430.o)
                0x0000481c                msp430_init_dco
 .any.text.splhigh_
                0x00004844        0x8 contiki-z1.a(msp430.o)
                0x00004844                splhigh_
 .any.text.msp430_sync_dco
                0x0000484c       0x6e contiki-z1.a(msp430.o)
                0x0000484c                msp430_sync_dco
 .any.text.msp430_cpu_init
                0x000048ba       0x2e contiki-z1.a(msp430.o)
                0x000048ba                msp430_cpu_init
 .any.text.show_leds
                0x000048e8       0xe8 contiki-z1.a(leds.o)
 .any.text.leds_init
                0x000049d0        0xa contiki-z1.a(leds.o)
                0x000049d0                leds_init
 .any.text.leds_on
                0x000049da        0xa contiki-z1.a(leds.o)
                0x000049da                leds_on
 .any.text.leds_off
                0x000049e4        0xe contiki-z1.a(leds.o)
                0x000049e4                leds_off
 .any.text.watchdog_start
                0x000049f2       0x14 contiki-z1.a(watchdog.o)
                0x000049f2                watchdog_start
 .any.text.watchdog_periodic
                0x00004a06       0x12 contiki-z1.a(watchdog.o)
                0x00004a06                watchdog_periodic
 .any.text.watchdog_stop
                0x00004a18       0x16 contiki-z1.a(watchdog.o)
                0x00004a18                watchdog_stop
 .any.text.watchdog_init
                0x00004a2e       0x12 contiki-z1.a(watchdog.o)
                0x00004a2e                watchdog_init
 .any.text.wait_ready
                0x00004a40       0x46 contiki-z1.a(xmem.o)
 .any.text.xmem_init
                0x00004a86       0x1e contiki-z1.a(xmem.o)
                0x00004a86                xmem_init
 .any.text.xmem_pread
                0x00004aa4       0xc2 contiki-z1.a(xmem.o)
                0x00004aa4                xmem_pread
 .any.text.spi_init
                0x00004b66       0x32 contiki-z1.a(spi.o)
                0x00004b66                spi_init
 .any.text.get_object
                0x00004b98        0x4 contiki-z1.a(cc2420.o)
 .any.text.set_object
                0x00004b9c        0x4 contiki-z1.a(cc2420.o)
 .any.text.strobe
                0x00004ba0       0x1a contiki-z1.a(cc2420.o)
 .any.text.getreg
                0x00004bba       0x46 contiki-z1.a(cc2420.o)
 .any.text.setreg
                0x00004c00       0x44 contiki-z1.a(cc2420.o)
 .any.text.write_ram
                0x00004c44       0x72 contiki-z1.a(cc2420.o)
 .any.text.write_fifo_buf
                0x00004cb6       0x38 contiki-z1.a(cc2420.o)
 .any.text.get_status
                0x00004cee       0x1e contiki-z1.a(cc2420.o)
 .any.text.set_txpower
                0x00004d0c       0x24 contiki-z1.a(cc2420.o)
 .any.text.cc2420_receiving_packet
                0x00004d30        0xa contiki-z1.a(cc2420.o)
 .any.text.pending_packet
                0x00004d3a        0xa contiki-z1.a(cc2420.o)
 .any.text.on   0x00004d44       0x26 contiki-z1.a(cc2420.o)
 .any.text.wait_for_transmission
                0x00004d6a       0x22 contiki-z1.a(cc2420.o)
 .any.text.wait_for_status
                0x00004d8c       0x24 contiki-z1.a(cc2420.o)
 .any.text.getrxdata
                0x00004db0       0x4c contiki-z1.a(cc2420.o)
 .any.text.flushrx
                0x00004dfc       0x1a contiki-z1.a(cc2420.o)
 .any.text.off  0x00004e16       0x5a contiki-z1.a(cc2420.o)
 .any.text.RELEASE_LOCK
                0x00004e70       0x28 contiki-z1.a(cc2420.o)
 .any.text.set_frame_filtering
                0x00004e98       0x30 contiki-z1.a(cc2420.o)
 .any.text.set_auto_ack
                0x00004ec8       0x30 contiki-z1.a(cc2420.o)
 .any.text.set_poll_mode
                0x00004ef8       0x2c contiki-z1.a(cc2420.o)
 .any.text.cc2420_prepare
                0x00004f24       0x38 contiki-z1.a(cc2420.o)
 .any.text.cc2420_on
                0x00004f5c       0x22 contiki-z1.a(cc2420.o)
                0x00004f5c                cc2420_on
 .any.text.cc2420_off
                0x00004f7e       0x30 contiki-z1.a(cc2420.o)
                0x00004f7e                cc2420_off
 .any.text.cc2420_cca
                0x00004fae       0x54 contiki-z1.a(cc2420.o)
 .any.text.cc2420_read
                0x00005002       0xb8 contiki-z1.a(cc2420.o)
 .any.text.process_thread_cc2420_process
                0x000050ba       0x5c contiki-z1.a(cc2420.o)
 .any.text.cc2420_set_channel
                0x00005116       0x3a contiki-z1.a(cc2420.o)
                0x00005116                cc2420_set_channel
 .any.text.cc2420_set_pan_addr
                0x00005150       0x4c contiki-z1.a(cc2420.o)
                0x00005150                cc2420_set_pan_addr
 .any.text.cc2420_interrupt
                0x0000519c       0x16 contiki-z1.a(cc2420.o)
                0x0000519c                cc2420_interrupt
 .any.text.cc2420_set_txpower
                0x000051b2        0xe contiki-z1.a(cc2420.o)
                0x000051b2                cc2420_set_txpower
 .any.text.cc2420_get_txpower
                0x000051c0       0x1e contiki-z1.a(cc2420.o)
                0x000051c0                cc2420_get_txpower
 .any.text.cc2420_transmit
                0x000051de      0x10e contiki-z1.a(cc2420.o)
 .any.text.cc2420_send
                0x000052ec       0x12 contiki-z1.a(cc2420.o)
 .any.text.cc2420_rssi
                0x000052fe       0x48 contiki-z1.a(cc2420.o)
                0x000052fe                cc2420_rssi
 .any.text.get_value
                0x00005346      0x104 contiki-z1.a(cc2420.o)
 .any.text.cc2420_set_cca_threshold
                0x0000544a       0x16 contiki-z1.a(cc2420.o)
                0x0000544a                cc2420_set_cca_threshold
 .any.text.set_value
                0x00005460       0xb2 contiki-z1.a(cc2420.o)
 .any.text.cc2420_init
                0x00005512       0xea contiki-z1.a(cc2420.o)
                0x00005512                cc2420_init
 .any.text.cc2420_arch_init
                0x000055fc       0x1a contiki-z1.a(cc2420-arch.o)
                0x000055fc                cc2420_arch_init
 .any.text.node_id_restore
                0x00005616       0x4c contiki-z1.a(node-id.o)
                0x00005616                node_id_restore
 .any.text.process_thread_sensors_process
                0x00005662       0xc2 contiki-z1.a(sensors.o)
 .any.text.sensors_changed
                0x00005724       0x2a contiki-z1.a(sensors.o)
                0x00005724                sensors_changed
 .any.text.uart0_active
                0x0000574e        0xe contiki-z1.a(uart0.o)
                0x0000574e                uart0_active
 .any.text.uart0_writeb
                0x0000575c       0x16 contiki-z1.a(uart0.o)
                0x0000575c                uart0_writeb
 .any.text.uart0_init
                0x00005772       0x4e contiki-z1.a(uart0.o)
                0x00005772                uart0_init
 .any.text.putchar
                0x000057c0       0x10 contiki-z1.a(uart0-putchar.o)
                0x000057c0                putchar
 .any.text.status
                0x000057d0       0x12 contiki-z1.a(adxl345.o)
 .any.text.accm_write_reg
                0x000057e2       0x2e contiki-z1.a(adxl345.o)
 .any.text.accm_write_stream
                0x00005810       0x2a contiki-z1.a(adxl345.o)
 .any.text.accm_read_reg
                0x0000583a       0x54 contiki-z1.a(adxl345.o)
 .any.text.process_thread_accmeter_process
                0x0000588e       0x56 contiki-z1.a(adxl345.o)
 .any.text.accm_read_axis.part.0
                0x000058e4       0x5a contiki-z1.a(adxl345.o)
 .any.text.value
                0x0000593e       0x1e contiki-z1.a(adxl345.o)
 .any.text.accm_init
                0x0000595c       0x78 contiki-z1.a(adxl345.o)
                0x0000595c                accm_init
 .any.text.accm_stop
                0x000059d4       0x32 contiki-z1.a(adxl345.o)
                0x000059d4                accm_stop
 .any.text.configure
                0x00005a06       0x26 contiki-z1.a(adxl345.o)
 .any.text.status
                0x00005a2c       0x12 contiki-z1.a(tmp102.o)
 .any.text.tmp102_init
                0x00005a3e       0x24 contiki-z1.a(tmp102.o)
                0x00005a3e                tmp102_init
 .any.text.tmp102_stop
                0x00005a62        0xa contiki-z1.a(tmp102.o)
                0x00005a62                tmp102_stop
 .any.text.configure
                0x00005a6c       0x26 contiki-z1.a(tmp102.o)
 .any.text.tmp102_read_reg
                0x00005a92       0x5e contiki-z1.a(tmp102.o)
                0x00005a92                tmp102_read_reg
 .any.text.tmp102_read_temp_x100
                0x00005af0       0x58 contiki-z1.a(tmp102.o)
                0x00005af0                tmp102_read_temp_x100
 .any.text.value
                0x00005b48        0x6 contiki-z1.a(tmp102.o)
 .any.text.clock_time
                0x00005b4e       0x1a contiki-z1.a(clock.o)
                0x00005b4e                clock_time
 .any.text.clock_init
                0x00005b68       0x28 contiki-z1.a(clock.o)
                0x00005b68                clock_init
 .any.text.clock_delay
                0x00005b90        0xc contiki-z1.a(clock.o)
                0x00005b90                clock_delay
 .any.text.clock_wait
                0x00005b9c       0x24 contiki-z1.a(clock.o)
                0x00005b9c                clock_wait
 .any.text.clock_seconds
                0x00005bc0       0x1a contiki-z1.a(clock.o)
                0x00005bc0                clock_seconds
 .any.text.leds_arch_init
                0x00005bda        0xe contiki-z1.a(leds-arch.o)
                0x00005bda                leds_arch_init
 .any.text.leds_arch_set
                0x00005be8       0x38 contiki-z1.a(leds-arch.o)
                0x00005be8                leds_arch_set
 .any.text.rtimer_arch_init
                0x00005c20        0xe contiki-z1.a(rtimer-arch.o)
                0x00005c20                rtimer_arch_init
 .any.text.rtimer_arch_now
                0x00005c2e        0xe contiki-z1.a(rtimer-arch.o)
                0x00005c2e                rtimer_arch_now
 .any.text.rtimer_arch_schedule
                0x00005c3c        0x6 contiki-z1.a(rtimer-arch.o)
                0x00005c3c                rtimer_arch_schedule
 .any.text.autostart_start
                0x00005c42       0x16 contiki-z1.a(autostart.o)
                0x00005c42                autostart_start
 .any.text.process_thread_ctimer_process
                0x00005c58       0xa0 contiki-z1.a(ctimer.o)
 .any.text.ctimer_init
                0x00005cf8       0x18 contiki-z1.a(ctimer.o)
                0x00005cf8                ctimer_init
 .any.text.ctimer_set_with_process
                0x00005d10       0x4a contiki-z1.a(ctimer.o)
                0x00005d10                ctimer_set_with_process
 .any.text.ctimer_set
                0x00005d5a       0x10 contiki-z1.a(ctimer.o)
                0x00005d5a                ctimer_set
 .any.text.ctimer_reset
                0x00005d6a       0x2c contiki-z1.a(ctimer.o)
                0x00005d6a                ctimer_reset
 .any.text.ctimer_restart
                0x00005d96       0x2c contiki-z1.a(ctimer.o)
                0x00005d96                ctimer_restart
 .any.text.ctimer_stop
                0x00005dc2       0x28 contiki-z1.a(ctimer.o)
                0x00005dc2                ctimer_stop
 .any.text.energest_init
                0x00005dea       0x24 contiki-z1.a(energest.o)
                0x00005dea                energest_init
 .any.text.energest_type_time
                0x00005e0e       0x3c contiki-z1.a(energest.o)
                0x00005e0e                energest_type_time
 .any.text.energest_type_set
                0x00005e4a        0xc contiki-z1.a(energest.o)
                0x00005e4a                energest_type_set
 .any.text.energest_flush
                0x00005e56       0x38 contiki-z1.a(energest.o)
                0x00005e56                energest_flush
 .any.text.update_time
                0x00005e8e       0x70 contiki-z1.a(etimer.o)
 .any.text.etimer_request_poll
                0x00005efe        0xa contiki-z1.a(etimer.o)
                0x00005efe                etimer_request_poll
 .any.text.process_thread_etimer_process
                0x00005f08       0xc4 contiki-z1.a(etimer.o)
 .any.text.add_timer
                0x00005fcc       0x40 contiki-z1.a(etimer.o)
 .any.text.etimer_set
                0x0000600c       0x12 contiki-z1.a(etimer.o)
                0x0000600c                etimer_set
 .any.text.etimer_reset
                0x0000601e       0x12 contiki-z1.a(etimer.o)
                0x0000601e                etimer_reset
 .any.text.etimer_restart
                0x00006030       0x12 contiki-z1.a(etimer.o)
                0x00006030                etimer_restart
 .any.text.etimer_expired
                0x00006042        0xe contiki-z1.a(etimer.o)
                0x00006042                etimer_expired
 .any.text.etimer_expiration_time
                0x00006050       0x14 contiki-z1.a(etimer.o)
                0x00006050                etimer_expiration_time
 .any.text.etimer_pending
                0x00006064        0xc contiki-z1.a(etimer.o)
                0x00006064                etimer_pending
 .any.text.etimer_next_expiration_time
                0x00006070       0x16 contiki-z1.a(etimer.o)
                0x00006070                etimer_next_expiration_time
 .any.text.etimer_stop
                0x00006086       0x3e contiki-z1.a(etimer.o)
                0x00006086                etimer_stop
 .any.text.call_process
                0x000060c4       0x40 contiki-z1.a(process.o)
 .any.text.exit_process
                0x00006104       0x88 contiki-z1.a(process.o)
 .any.text.do_poll
                0x0000618c       0x30 contiki-z1.a(process.o)
 .any.text.process_alloc_event
                0x000061bc        0xe contiki-z1.a(process.o)
                0x000061bc                process_alloc_event
 .any.text.process_init
                0x000061ca       0x1c contiki-z1.a(process.o)
                0x000061ca                process_init
 .any.text.process_run
                0x000061e6       0x8c contiki-z1.a(process.o)
                0x000061e6                process_run
 .any.text.process_nevents
                0x00006272        0xe contiki-z1.a(process.o)
                0x00006272                process_nevents
 .any.text.process_post
                0x00006280       0x4a contiki-z1.a(process.o)
                0x00006280                process_post
 .any.text.process_post_synch
                0x000062ca       0x12 contiki-z1.a(process.o)
                0x000062ca                process_post_synch
 .any.text.process_start
                0x000062dc       0x36 contiki-z1.a(process.o)
                0x000062dc                process_start
 .any.text.process_poll
                0x00006312       0x18 contiki-z1.a(process.o)
                0x00006312                process_poll
 .any.text.rtimer_init
                0x0000632a        0x6 contiki-z1.a(rtimer.o)
                0x0000632a                rtimer_init
 .any.text.rtimer_set
                0x00006330       0x24 contiki-z1.a(rtimer.o)
                0x00006330                rtimer_set
 .any.text.rtimer_run_next
                0x00006354       0x26 contiki-z1.a(rtimer.o)
                0x00006354                rtimer_run_next
 .any.text.timer_set
                0x0000637a       0x1c contiki-z1.a(timer.o)
                0x0000637a                timer_set
 .any.text.timer_reset
                0x00006396        0xe contiki-z1.a(timer.o)
                0x00006396                timer_reset
 .any.text.timer_restart
                0x000063a4       0x14 contiki-z1.a(timer.o)
                0x000063a4                timer_restart
 .any.text.timer_expired
                0x000063b8       0x2a contiki-z1.a(timer.o)
                0x000063b8                timer_expired
 .any.text.list_init
                0x000063e2        0x6 contiki-z1.a(list.o)
                0x000063e2                list_init
 .any.text.list_head
                0x000063e8        0x4 contiki-z1.a(list.o)
                0x000063e8                list_head
 .any.text.list_tail
                0x000063ec       0x12 contiki-z1.a(list.o)
                0x000063ec                list_tail
 .any.text.list_remove
                0x000063fe       0x34 contiki-z1.a(list.o)
                0x000063fe                list_remove
 .any.text.list_push
                0x00006432       0x16 contiki-z1.a(list.o)
                0x00006432                list_push
 .any.text.list_add
                0x00006448       0x26 contiki-z1.a(list.o)
                0x00006448                list_add
 .any.text.list_length
                0x0000646e       0x10 contiki-z1.a(list.o)
                0x0000646e                list_length
 .any.text.list_item_next
                0x0000647e        0xc contiki-z1.a(list.o)
                0x0000647e                list_item_next
 .any.text.random_init
                0x0000648a        0x6 contiki-z1.a(random.o)
                0x0000648a                random_init
 .any.text.random_rand
                0x00006490        0x6 contiki-z1.a(random.o)
                0x00006490                random_rand
 .any.text.clear_fragments
                0x00006496       0x38 contiki-z1.a(sicslowpan.o)
 .any.text.set_packet_attrs
                0x000064ce       0x46 contiki-z1.a(sicslowpan.o)
 .any.text.addr_context_lookup_by_number
                0x00006514       0x30 contiki-z1.a(sicslowpan.o)
 .any.text.compress_addr_64
                0x00006544       0x9a contiki-z1.a(sicslowpan.o)
 .any.text.store_fragment
                0x000065de       0x6e contiki-z1.a(sicslowpan.o)
 .any.text.uncompress_addr
                0x0000664c       0x96 contiki-z1.a(sicslowpan.o)
 .any.text.sicslowpan_init
                0x000066e2       0x24 contiki-z1.a(sicslowpan.o)
                0x000066e2                sicslowpan_init
 .any.text.addr_context_lookup_by_prefix
                0x00006706       0x4a contiki-z1.a(sicslowpan.o)
 .any.text.packet_sent
                0x00006750       0x22 contiki-z1.a(sicslowpan.o)
 .any.text.add_fragment
                0x00006772      0x160 contiki-z1.a(sicslowpan.o)
 .any.text.input
                0x000068d2      0x60e contiki-z1.a(sicslowpan.o)
 .any.text.send_packet
                0x00006ee0       0x1a contiki-z1.a(sicslowpan.o)
 .any.text.output
                0x00006efa      0x67c contiki-z1.a(sicslowpan.o)
 .any.text.chksum
                0x00007576       0x32 contiki-z1.a(uip6.o)
 .any.text.upper_layer_chksum
                0x000075a8       0x56 contiki-z1.a(uip6.o)
 .any.text.ext_hdr_options_process
                0x000075fe       0xc2 contiki-z1.a(uip6.o)
 .any.text.uip_add32
                0x000076c0       0x60 contiki-z1.a(uip6.o)
                0x000076c0                uip_add32
 .any.text.uip_add_rcv_nxt
                0x00007720       0x2e contiki-z1.a(uip6.o)
 .any.text.uip_icmp6chksum
                0x0000774e        0xa contiki-z1.a(uip6.o)
                0x0000774e                uip_icmp6chksum
 .any.text.uip_tcpchksum
                0x00007758        0xa contiki-z1.a(uip6.o)
                0x00007758                uip_tcpchksum
 .any.text.uip_udpchksum
                0x00007762        0xa contiki-z1.a(uip6.o)
                0x00007762                uip_udpchksum
 .any.text.uip_init
                0x0000776c       0x56 contiki-z1.a(uip6.o)
                0x0000776c                uip_init
 .any.text.remove_ext_hdr
                0x000077c2       0x50 contiki-z1.a(uip6.o)
                0x000077c2                remove_ext_hdr
 .any.text.uip_udp_new
                0x00007812       0xa2 contiki-z1.a(uip6.o)
                0x00007812                uip_udp_new
 .any.text.uip_unlisten
                0x000078b4       0x1a contiki-z1.a(uip6.o)
                0x000078b4                uip_unlisten
 .any.text.uip_process
                0x000078ce      0xd94 contiki-z1.a(uip6.o)
                0x000078ce                uip_process
 .any.text.uip_htonl
                0x00008662       0x2a contiki-z1.a(uip6.o)
                0x00008662                uip_htonl
 .any.text.uip_ds6_list_loop
                0x0000868c       0x66 contiki-z1.a(uip-ds6.o)
                0x0000868c                uip_ds6_list_loop
 .any.text.uip_ds6_prefix_add
                0x000086f2       0x70 contiki-z1.a(uip-ds6.o)
                0x000086f2                uip_ds6_prefix_add
 .any.text.uip_ds6_is_addr_onlink
                0x00008762       0x42 contiki-z1.a(uip-ds6.o)
                0x00008762                uip_ds6_is_addr_onlink
 .any.text.uip_ds6_addr_lookup
                0x000087a4       0x2a contiki-z1.a(uip-ds6.o)
                0x000087a4                uip_ds6_addr_lookup
 .any.text.uip_ds6_get_link_local
                0x000087ce       0x3e contiki-z1.a(uip-ds6.o)
                0x000087ce                uip_ds6_get_link_local
 .any.text.uip_ds6_maddr_add
                0x0000880c       0x48 contiki-z1.a(uip-ds6.o)
                0x0000880c                uip_ds6_maddr_add
 .any.text.uip_ds6_addr_add
                0x00008854       0xb4 contiki-z1.a(uip-ds6.o)
                0x00008854                uip_ds6_addr_add
 .any.text.uip_ds6_maddr_rm
                0x00008908        0xa contiki-z1.a(uip-ds6.o)
                0x00008908                uip_ds6_maddr_rm
 .any.text.uip_ds6_maddr_lookup
                0x00008912       0x2a contiki-z1.a(uip-ds6.o)
                0x00008912                uip_ds6_maddr_lookup
 .any.text.uip_ds6_addr_rm
                0x0000893c       0x54 contiki-z1.a(uip-ds6.o)
                0x0000893c                uip_ds6_addr_rm
 .any.text.uip_ds6_periodic
                0x00008990       0x46 contiki-z1.a(uip-ds6.o)
                0x00008990                uip_ds6_periodic
 .any.text.uip_ds6_set_addr_iid
                0x000089d6       0x14 contiki-z1.a(uip-ds6.o)
                0x000089d6                uip_ds6_set_addr_iid
 .any.text.get_match_length
                0x000089ea       0x3c contiki-z1.a(uip-ds6.o)
                0x000089ea                get_match_length
 .any.text.uip_ds6_select_src
                0x00008a26       0x9a contiki-z1.a(uip-ds6.o)
                0x00008a26                uip_ds6_select_src
 .any.text.uip_ds6_compute_reachable_time
                0x00008ac0       0x36 contiki-z1.a(uip-ds6.o)
                0x00008ac0                uip_ds6_compute_reachable_time
 .any.text.uip_ds6_init
                0x00008af6      0x138 contiki-z1.a(uip-ds6.o)
                0x00008af6                uip_ds6_init
 .any.text.uip_ds6_nbr_rm
                0x00008c2e       0x1e contiki-z1.a(uip-ds6-nbr.o)
                0x00008c2e                uip_ds6_nbr_rm
 .any.text.uip_ds6_neighbors_init
                0x00008c4c       0x12 contiki-z1.a(uip-ds6-nbr.o)
                0x00008c4c                uip_ds6_neighbors_init
 .any.text.uip_ds6_nbr_add
                0x00008c5e       0x36 contiki-z1.a(uip-ds6-nbr.o)
                0x00008c5e                uip_ds6_nbr_add
 .any.text.uip_ds6_nbr_get_ll
                0x00008c94        0xc contiki-z1.a(uip-ds6-nbr.o)
                0x00008c94                uip_ds6_nbr_get_ll
 .any.text.uip_ds6_nbr_lookup
                0x00008ca0       0x3e contiki-z1.a(uip-ds6-nbr.o)
                0x00008ca0                uip_ds6_nbr_lookup
 .any.text.uip_ds6_nbr_ll_lookup
                0x00008cde        0xc contiki-z1.a(uip-ds6-nbr.o)
                0x00008cde                uip_ds6_nbr_ll_lookup
 .any.text.uip_ds6_nbr_ipaddr_from_lladdr
                0x00008cea        0x6 contiki-z1.a(uip-ds6-nbr.o)
                0x00008cea                uip_ds6_nbr_ipaddr_from_lladdr
 .any.text.uip_ds6_nbr_lladdr_from_ipaddr
                0x00008cf0       0x12 contiki-z1.a(uip-ds6-nbr.o)
                0x00008cf0                uip_ds6_nbr_lladdr_from_ipaddr
 .any.text.uip_ds6_link_neighbor_callback
                0x00008d02       0x32 contiki-z1.a(uip-ds6-nbr.o)
                0x00008d02                uip_ds6_link_neighbor_callback
 .any.text.call_route_callback
                0x00008d34       0x40 contiki-z1.a(uip-ds6-route.o)
 .any.text.uip_ds6_route_init
                0x00008d74       0x36 contiki-z1.a(uip-ds6-route.o)
                0x00008d74                uip_ds6_route_init
 .any.text.uip_ds6_route_nexthop
                0x00008daa       0x1a contiki-z1.a(uip-ds6-route.o)
                0x00008daa                uip_ds6_route_nexthop
 .any.text.uip_ds6_route_head
                0x00008dc4        0xa contiki-z1.a(uip-ds6-route.o)
                0x00008dc4                uip_ds6_route_head
 .any.text.uip_ds6_route_next
                0x00008dce        0xe contiki-z1.a(uip-ds6-route.o)
                0x00008dce                uip_ds6_route_next
 .any.text.uip_ds6_route_is_nexthop
                0x00008ddc       0x22 contiki-z1.a(uip-ds6-route.o)
                0x00008ddc                uip_ds6_route_is_nexthop
 .any.text.uip_ds6_route_lookup
                0x00008dfe       0x6e contiki-z1.a(uip-ds6-route.o)
                0x00008dfe                uip_ds6_route_lookup
 .any.text.uip_ds6_route_rm
                0x00008e6c       0xa2 contiki-z1.a(uip-ds6-route.o)
                0x00008e6c                uip_ds6_route_rm
 .any.text.rm_routelist
                0x00008f0e       0x34 contiki-z1.a(uip-ds6-route.o)
 .any.text.rm_routelist_callback
                0x00008f42        0x6 contiki-z1.a(uip-ds6-route.o)
 .any.text.uip_ds6_route_add
                0x00008f48       0xfc contiki-z1.a(uip-ds6-route.o)
                0x00008f48                uip_ds6_route_add
 .any.text.uip_ds6_defrt_rm
                0x00009044       0x44 contiki-z1.a(uip-ds6-route.o)
                0x00009044                uip_ds6_defrt_rm
 .any.text.uip_ds6_defrt_lookup
                0x00009088       0x32 contiki-z1.a(uip-ds6-route.o)
                0x00009088                uip_ds6_defrt_lookup
 .any.text.uip_ds6_defrt_add
                0x000090ba       0x68 contiki-z1.a(uip-ds6-route.o)
                0x000090ba                uip_ds6_defrt_add
 .any.text.uip_ds6_defrt_choose
                0x00009122       0x36 contiki-z1.a(uip-ds6-route.o)
                0x00009122                uip_ds6_defrt_choose
 .any.text.uip_ds6_defrt_periodic
                0x00009158       0x38 contiki-z1.a(uip-ds6-route.o)
                0x00009158                uip_ds6_defrt_periodic
 .any.text.echo_reply_input
                0x00009190       0xaa contiki-z1.a(uip-icmp6.o)
 .any.text.echo_request_input
                0x0000923a       0xca contiki-z1.a(uip-icmp6.o)
 .any.text.uip_icmp6_input
                0x00009304       0x44 contiki-z1.a(uip-icmp6.o)
                0x00009304                uip_icmp6_input
 .any.text.uip_icmp6_register_input_handler
                0x00009348        0xc contiki-z1.a(uip-icmp6.o)
                0x00009348                uip_icmp6_register_input_handler
 .any.text.uip_icmp6_error_output
                0x00009354      0x16e contiki-z1.a(uip-icmp6.o)
                0x00009354                uip_icmp6_error_output
 .any.text.uip_icmp6_send
                0x000094c2       0x84 contiki-z1.a(uip-icmp6.o)
                0x000094c2                uip_icmp6_send
 .any.text.uip_icmp6_init
                0x00009546       0x12 contiki-z1.a(uip-icmp6.o)
                0x00009546                uip_icmp6_init
 .any.text.uip_nd6_init
                0x00009558        0x2 contiki-z1.a(uip-nd6.o)
                0x00009558                uip_nd6_init
 .any.text.start_periodic_tcp_timer
                0x0000955a       0x16 contiki-z1.a(tcpip.o)
 .any.text.tcpip_output
                0x00009570       0x10 contiki-z1.a(tcpip.o)
                0x00009570                tcpip_output
 .any.text.tcpip_set_outputfunc
                0x00009580        0x6 contiki-z1.a(tcpip.o)
                0x00009580                tcpip_set_outputfunc
 .any.text.udp_new
                0x00009586       0x1a contiki-z1.a(tcpip.o)
                0x00009586                udp_new
 .any.text.tcpip_input
                0x000095a0       0x16 contiki-z1.a(tcpip.o)
                0x000095a0                tcpip_input
 .any.text.tcpip_ipv6_output
                0x000095b6       0xcc contiki-z1.a(tcpip.o)
                0x000095b6                tcpip_ipv6_output
 .any.text.process_thread_tcpip_process
                0x00009682      0x1a8 contiki-z1.a(tcpip.o)
 .any.text.tcpip_uipcall
                0x0000982a       0x62 contiki-z1.a(tcpip.o)
                0x0000982a                tcpip_uipcall
 .any.text.uip_debug_ipaddr_print
                0x0000988c       0xbc contiki-z1.a(uip-debug.o)
                0x0000988c                uip_debug_ipaddr_print
 .any.text.uip_udp_packet_send
                0x00009948       0x2a contiki-z1.a(uip-udp-packet.)
                0x00009948                uip_udp_packet_send
 .any.text.uip_udp_packet_sendto
                0x00009972       0x56 contiki-z1.a(uip-udp-packet.)
                0x00009972                uip_udp_packet_sendto
 .any.text.rpl_get_mode
                0x000099c8        0x6 contiki-z1.a(rpl.o)
                0x000099c8                rpl_get_mode
 .any.text.rpl_purge_routes
                0x000099ce       0x96 contiki-z1.a(rpl.o)
                0x000099ce                rpl_purge_routes
 .any.text.rpl_remove_routes
                0x00009a64       0x22 contiki-z1.a(rpl.o)
                0x00009a64                rpl_remove_routes
 .any.text.rpl_remove_routes_by_nexthop
                0x00009a86       0x3e contiki-z1.a(rpl.o)
                0x00009a86                rpl_remove_routes_by_nexthop
 .any.text.rpl_add_route
                0x00009ac4       0x48 contiki-z1.a(rpl.o)
                0x00009ac4                rpl_add_route
 .any.text.rpl_link_neighbor_callback
                0x00009b0c       0x4c contiki-z1.a(rpl.o)
                0x00009b0c                rpl_link_neighbor_callback
 .any.text.rpl_ipv6_neighbor_callback
                0x00009b58       0x1e contiki-z1.a(rpl.o)
                0x00009b58                rpl_ipv6_neighbor_callback
 .any.text.rpl_purge_dags
                0x00009b76       0x60 contiki-z1.a(rpl.o)
                0x00009b76                rpl_purge_dags
 .any.text.rpl_init
                0x00009bd6       0x44 contiki-z1.a(rpl.o)
                0x00009bd6                rpl_init
 .any.text.lollipop_greater_than
                0x00009c1a       0x3c contiki-z1.a(rpl-dag.o)
 .any.text.find_parent_any_dag_any_instance
                0x00009c56       0x14 contiki-z1.a(rpl-dag.o)
 .any.text.rpl_set_preferred_parent
                0x00009c6a       0x2c contiki-z1.a(rpl-dag.o)
 .any.text.set_ip_from_prefix
                0x00009c96       0x30 contiki-z1.a(rpl-dag.o)
 .any.text.check_prefix
                0x00009cc6       0x70 contiki-z1.a(rpl-dag.o)
 .any.text.rpl_dag_init
                0x00009d36        0xe contiki-z1.a(rpl-dag.o)
                0x00009d36                rpl_dag_init
 .any.text.rpl_get_parent
                0x00009d44        0xc contiki-z1.a(rpl-dag.o)
                0x00009d44                rpl_get_parent
 .any.text.rpl_rank_via_parent
                0x00009d50       0x2a contiki-z1.a(rpl-dag.o)
                0x00009d50                rpl_rank_via_parent
 .any.text.rpl_get_parent_lladdr
                0x00009d7a        0xc contiki-z1.a(rpl-dag.o)
                0x00009d7a                rpl_get_parent_lladdr
 .any.text.rpl_get_parent_ipaddr
                0x00009d86        0xa contiki-z1.a(rpl-dag.o)
                0x00009d86                rpl_get_parent_ipaddr
 .any.text.rpl_get_parent_link_stats
                0x00009d90        0xa contiki-z1.a(rpl-dag.o)
                0x00009d90                rpl_get_parent_link_stats
 .any.text.rpl_parent_is_fresh
                0x00009d9a        0xa contiki-z1.a(rpl-dag.o)
                0x00009d9a                rpl_parent_is_fresh
 .any.text.best_parent
                0x00009da4       0x66 contiki-z1.a(rpl-dag.o)
 .any.text.rpl_parent_is_reachable
                0x00009e0a       0x4a contiki-z1.a(rpl-dag.o)
                0x00009e0a                rpl_parent_is_reachable
 .any.text.rpl_set_prefix
                0x00009e54       0x74 contiki-z1.a(rpl-dag.o)
                0x00009e54                rpl_set_prefix
 .any.text.rpl_set_default_route
                0x00009ec8       0x3a contiki-z1.a(rpl-dag.o)
                0x00009ec8                rpl_set_default_route
 .any.text.rpl_alloc_instance
                0x00009f02       0x34 contiki-z1.a(rpl-dag.o)
                0x00009f02                rpl_alloc_instance
 .any.text.rpl_add_parent
                0x00009f36       0x3a contiki-z1.a(rpl-dag.o)
                0x00009f36                rpl_add_parent
 .any.text.rpl_find_parent
                0x00009f70       0x1a contiki-z1.a(rpl-dag.o)
                0x00009f70                rpl_find_parent
 .any.text.rpl_find_parent_any_dag
                0x00009f8a       0x22 contiki-z1.a(rpl-dag.o)
                0x00009f8a                rpl_find_parent_any_dag
 .any.text.rpl_select_parent
                0x00009fac       0x62 contiki-z1.a(rpl-dag.o)
                0x00009fac                rpl_select_parent
 .any.text.rpl_select_dag
                0x0000a00e      0x192 contiki-z1.a(rpl-dag.o)
                0x0000a00e                rpl_select_dag
 .any.text.rpl_nullify_parent
                0x0000a1a0       0x5c contiki-z1.a(rpl-dag.o)
                0x0000a1a0                rpl_nullify_parent
 .any.text.rpl_remove_parent
                0x0000a1fc       0x16 contiki-z1.a(rpl-dag.o)
                0x0000a1fc                rpl_remove_parent
 .any.text.nbr_callback
                0x0000a212        0x6 contiki-z1.a(rpl-dag.o)
 .any.text.remove_parents.constprop.4
                0x0000a218       0x2c contiki-z1.a(rpl-dag.o)
 .any.text.rpl_free_dag
                0x0000a244       0x42 contiki-z1.a(rpl-dag.o)
                0x0000a244                rpl_free_dag
 .any.text.rpl_move_parent
                0x0000a286       0x60 contiki-z1.a(rpl-dag.o)
                0x0000a286                rpl_move_parent
 .any.text.rpl_get_any_dag
                0x0000a2e6       0x16 contiki-z1.a(rpl-dag.o)
                0x0000a2e6                rpl_get_any_dag
 .any.text.rpl_get_instance
                0x0000a2fc       0x16 contiki-z1.a(rpl-dag.o)
                0x0000a2fc                rpl_get_instance
 .any.text.rpl_alloc_dag
                0x0000a312       0x60 contiki-z1.a(rpl-dag.o)
                0x0000a312                rpl_alloc_dag
 .any.text.rpl_repair_root
                0x0000a372       0x4c contiki-z1.a(rpl-dag.o)
                0x0000a372                rpl_repair_root
 .any.text.rpl_find_of
                0x0000a3be       0x10 contiki-z1.a(rpl-dag.o)
                0x0000a3be                rpl_find_of
 .any.text.rpl_join_instance
                0x0000a3ce      0x142 contiki-z1.a(rpl-dag.o)
                0x0000a3ce                rpl_join_instance
 .any.text.rpl_local_repair
                0x0000a510       0x82 contiki-z1.a(rpl-dag.o)
                0x0000a510                rpl_local_repair
 .any.text.rpl_process_parent_event
                0x0000a592       0xa8 contiki-z1.a(rpl-dag.o)
                0x0000a592                rpl_process_parent_event
 .any.text.rpl_recalculate_ranks
                0x0000a63a       0x44 contiki-z1.a(rpl-dag.o)
                0x0000a63a                rpl_recalculate_ranks
 .any.text.rpl_add_dag
                0x0000a67e      0x104 contiki-z1.a(rpl-dag.o)
                0x0000a67e                rpl_add_dag
 .any.text.rpl_process_dio
                0x0000a782      0x32a contiki-z1.a(rpl-dag.o)
                0x0000a782                rpl_process_dio
 .any.text.update_hbh_header
                0x0000aaac       0xcc contiki-z1.a(rpl-ext-header.)
 .any.text.insert_hbh_header
                0x0000ab78       0x94 contiki-z1.a(rpl-ext-header.)
 .any.text.rpl_verify_hbh_header
                0x0000ac0c       0xf4 contiki-z1.a(rpl-ext-header.)
                0x0000ac0c                rpl_verify_hbh_header
 .any.text.rpl_remove_header
                0x0000ad00       0x76 contiki-z1.a(rpl-ext-header.)
                0x0000ad00                rpl_remove_header
 .any.text.rpl_update_header
                0x0000ad76       0x54 contiki-z1.a(rpl-ext-header.)
                0x0000ad76                rpl_update_header
 .any.text.get32
                0x0000adca       0x3e contiki-z1.a(rpl-icmp6.o)
 .any.text.set32
                0x0000ae08       0x2a contiki-z1.a(rpl-icmp6.o)
 .any.text.get16
                0x0000ae32        0xe contiki-z1.a(rpl-icmp6.o)
 .any.text.set16
                0x0000ae40       0x10 contiki-z1.a(rpl-icmp6.o)
 .any.text.dao_ack_input
                0x0000ae50        0xa contiki-z1.a(rpl-icmp6.o)
 .any.text.dio_input
                0x0000ae5a      0x280 contiki-z1.a(rpl-icmp6.o)
 .any.text.rpl_icmp6_update_nbr_table
                0x0000b0da       0x28 contiki-z1.a(rpl-icmp6.o)
                0x0000b0da                rpl_icmp6_update_nbr_table
 .any.text.dao_input
                0x0000b102      0x2a4 contiki-z1.a(rpl-icmp6.o)
 .any.text.dis_output
                0x0000b3a6       0x50 contiki-z1.a(rpl-icmp6.o)
                0x0000b3a6                dis_output
 .any.text.dio_output
                0x0000b3f6      0x24c contiki-z1.a(rpl-icmp6.o)
                0x0000b3f6                dio_output
 .any.text.dis_input
                0x0000b642       0x3e contiki-z1.a(rpl-icmp6.o)
 .any.text.dao_output_target
                0x0000b680       0xf6 contiki-z1.a(rpl-icmp6.o)
                0x0000b680                dao_output_target
 .any.text.dao_output
                0x0000b776       0x9e contiki-z1.a(rpl-icmp6.o)
                0x0000b776                dao_output
 .any.text.rpl_icmp6_register_handlers
                0x0000b814       0x22 contiki-z1.a(rpl-icmp6.o)
                0x0000b814                rpl_icmp6_register_handlers
 .any.text.reset
                0x0000b836        0x2 contiki-z1.a(rpl-mrhof.o)
 .any.text.update_metric_container
                0x0000b838        0x6 contiki-z1.a(rpl-mrhof.o)
 .any.text.parent_link_metric
                0x0000b83e       0x10 contiki-z1.a(rpl-mrhof.o)
 .any.text.parent_has_usable_link
                0x0000b84e       0x14 contiki-z1.a(rpl-mrhof.o)
 .any.text.best_dag
                0x0000b862       0x2e contiki-z1.a(rpl-mrhof.o)
 .any.text.parent_path_cost
                0x0000b890       0x40 contiki-z1.a(rpl-mrhof.o)
 .any.text.parent_is_acceptable
                0x0000b8d0       0x2a contiki-z1.a(rpl-mrhof.o)
 .any.text.rank_via_parent
                0x0000b8fa       0x4e contiki-z1.a(rpl-mrhof.o)
 .any.text.best_parent
                0x0000b948       0x76 contiki-z1.a(rpl-mrhof.o)
 .any.text.handle_unicast_dio_timer
                0x0000b9be       0x1c contiki-z1.a(rpl-timers.o)
 .any.text.new_dio_interval
                0x0000b9da       0x8a contiki-z1.a(rpl-timers.o)
 .any.text.set_dao_lifetime_timer
                0x0000ba64       0x84 contiki-z1.a(rpl-timers.o)
 .any.text.handle_periodic_timer
                0x0000bae8       0x50 contiki-z1.a(rpl-timers.o)
 .any.text.schedule_dao
                0x0000bb38       0x72 contiki-z1.a(rpl-timers.o)
 .any.text.handle_dio_timer
                0x0000bbaa       0x88 contiki-z1.a(rpl-timers.o)
 .any.text.handle_dao_timer
                0x0000bc32       0x64 contiki-z1.a(rpl-timers.o)
 .any.text.rpl_reset_periodic_timer
                0x0000bc96       0x54 contiki-z1.a(rpl-timers.o)
                0x0000bc96                rpl_reset_periodic_timer
 .any.text.rpl_reset_dio_timer
                0x0000bcea       0x18 contiki-z1.a(rpl-timers.o)
                0x0000bcea                rpl_reset_dio_timer
 .any.text.rpl_schedule_dao
                0x0000bd02        0xc contiki-z1.a(rpl-timers.o)
                0x0000bd02                rpl_schedule_dao
 .any.text.rpl_schedule_unicast_dio_immediately
                0x0000bd0e       0x16 contiki-z1.a(rpl-timers.o)
                0x0000bd0e                rpl_schedule_unicast_dio_immediately
 .any.text.get_probing_delay
                0x0000bd24       0x40 contiki-z1.a(rpl-timers.o)
                0x0000bd24                get_probing_delay
 .any.text.get_probing_target
                0x0000bd64       0xe2 contiki-z1.a(rpl-timers.o)
                0x0000bd64                get_probing_target
 .any.text.rpl_schedule_probing
                0x0000be46       0x26 contiki-z1.a(rpl-timers.o)
                0x0000be46                rpl_schedule_probing
 .any.text.handle_probing_timer
                0x0000be6c       0x34 contiki-z1.a(rpl-timers.o)
 .any.text.linkaddr_copy
                0x0000bea0        0x8 contiki-z1.a(linkaddr.o)
                0x0000bea0                linkaddr_copy
 .any.text.linkaddr_cmp
                0x0000bea8       0x12 contiki-z1.a(linkaddr.o)
                0x0000bea8                linkaddr_cmp
 .any.text.linkaddr_set_node_addr
                0x0000beba        0xc contiki-z1.a(linkaddr.o)
                0x0000beba                linkaddr_set_node_addr
 .any.text.periodic
                0x0000bec6       0x2c contiki-z1.a(link-stats.o)
 .any.text.link_stats_from_lladdr
                0x0000bef2        0xc contiki-z1.a(link-stats.o)
                0x0000bef2                link_stats_from_lladdr
 .any.text.link_stats_is_fresh
                0x0000befe       0x32 contiki-z1.a(link-stats.o)
                0x0000befe                link_stats_is_fresh
 .any.text.link_stats_packet_sent
                0x0000bf30       0xc4 contiki-z1.a(link-stats.o)
                0x0000bf30                link_stats_packet_sent
 .any.text.link_stats_input_callback
                0x0000bff4       0xa8 contiki-z1.a(link-stats.o)
                0x0000bff4                link_stats_input_callback
 .any.text.link_stats_init
                0x0000c09c       0x22 contiki-z1.a(link-stats.o)
                0x0000c09c                link_stats_init
 .any.text.key_from_index
                0x0000c0be       0x18 contiki-z1.a(nbr-table.o)
 .any.text.item_from_index
                0x0000c0d6       0x2a contiki-z1.a(nbr-table.o)
 .any.text.index_from_key
                0x0000c100       0x26 contiki-z1.a(nbr-table.o)
 .any.text.index_from_item
                0x0000c126       0x1e contiki-z1.a(nbr-table.o)
 .any.text.nbr_set_bit
                0x0000c144       0x50 contiki-z1.a(nbr-table.o)
 .any.text.index_from_lladdr
                0x0000c194       0x3e contiki-z1.a(nbr-table.o)
 .any.text.nbr_get_bit.constprop.0
                0x0000c1d2       0x2c contiki-z1.a(nbr-table.o)
 .any.text.remove_key
                0x0000c1fe       0x56 contiki-z1.a(nbr-table.o)
 .any.text.nbr_table_register
                0x0000c254       0x26 contiki-z1.a(nbr-table.o)
                0x0000c254                nbr_table_register
 .any.text.nbr_table_next
                0x0000c27a       0x3a contiki-z1.a(nbr-table.o)
                0x0000c27a                nbr_table_next
 .any.text.nbr_table_head
                0x0000c2b4       0x36 contiki-z1.a(nbr-table.o)
                0x0000c2b4                nbr_table_head
 .any.text.nbr_table_add_lladdr
                0x0000c2ea       0xfc contiki-z1.a(nbr-table.o)
                0x0000c2ea                nbr_table_add_lladdr
 .any.text.nbr_table_get_from_lladdr
                0x0000c3e6       0x28 contiki-z1.a(nbr-table.o)
                0x0000c3e6                nbr_table_get_from_lladdr
 .any.text.nbr_table_remove
                0x0000c40e       0x2a contiki-z1.a(nbr-table.o)
                0x0000c40e                nbr_table_remove
 .any.text.nbr_table_lock
                0x0000c438       0x10 contiki-z1.a(nbr-table.o)
                0x0000c438                nbr_table_lock
 .any.text.nbr_table_unlock
                0x0000c448       0x10 contiki-z1.a(nbr-table.o)
                0x0000c448                nbr_table_unlock
 .any.text.nbr_table_get_lladdr
                0x0000c458       0x14 contiki-z1.a(nbr-table.o)
                0x0000c458                nbr_table_get_lladdr
 .any.text.packetbuf_hdrreduce
                0x0000c46c       0x1a contiki-z1.a(packetbuf.o)
                0x0000c46c                packetbuf_hdrreduce
 .any.text.packetbuf_set_datalen
                0x0000c486        0x6 contiki-z1.a(packetbuf.o)
                0x0000c486                packetbuf_set_datalen
 .any.text.packetbuf_hdrptr
                0x0000c48c        0x6 contiki-z1.a(packetbuf.o)
                0x0000c48c                packetbuf_hdrptr
 .any.text.packetbuf_datalen
                0x0000c492        0x6 contiki-z1.a(packetbuf.o)
                0x0000c492                packetbuf_datalen
 .any.text.packetbuf_hdrlen
                0x0000c498        0xa contiki-z1.a(packetbuf.o)
                0x0000c498                packetbuf_hdrlen
 .any.text.packetbuf_dataptr
                0x0000c4a2        0xc contiki-z1.a(packetbuf.o)
                0x0000c4a2                packetbuf_dataptr
 .any.text.packetbuf_copyto
                0x0000c4ae       0x3a contiki-z1.a(packetbuf.o)
                0x0000c4ae                packetbuf_copyto
 .any.text.packetbuf_totlen
                0x0000c4e8        0xc contiki-z1.a(packetbuf.o)
                0x0000c4e8                packetbuf_totlen
 .any.text.packetbuf_hdralloc
                0x0000c4f4       0x3c contiki-z1.a(packetbuf.o)
                0x0000c4f4                packetbuf_hdralloc
 .any.text.packetbuf_attr_clear
                0x0000c530       0x28 contiki-z1.a(packetbuf.o)
                0x0000c530                packetbuf_attr_clear
 .any.text.packetbuf_clear
                0x0000c558       0x12 contiki-z1.a(packetbuf.o)
                0x0000c558                packetbuf_clear
 .any.text.packetbuf_copyfrom
                0x0000c56a       0x2a contiki-z1.a(packetbuf.o)
                0x0000c56a                packetbuf_copyfrom
 .any.text.packetbuf_attr_copyto
                0x0000c594       0x22 contiki-z1.a(packetbuf.o)
                0x0000c594                packetbuf_attr_copyto
 .any.text.packetbuf_attr_copyfrom
                0x0000c5b6       0x24 contiki-z1.a(packetbuf.o)
                0x0000c5b6                packetbuf_attr_copyfrom
 .any.text.packetbuf_holds_broadcast
                0x0000c5da        0xe contiki-z1.a(packetbuf.o)
                0x0000c5da                packetbuf_holds_broadcast
 .any.text.queuebuf_init
                0x0000c5e8       0x12 contiki-z1.a(queuebuf.o)
                0x0000c5e8                queuebuf_init
 .any.text.queuebuf_numfree
                0x0000c5fa        0xa contiki-z1.a(queuebuf.o)
                0x0000c5fa                queuebuf_numfree
 .any.text.queuebuf_new_from_packetbuf
                0x0000c604       0x4e contiki-z1.a(queuebuf.o)
                0x0000c604                queuebuf_new_from_packetbuf
 .any.text.queuebuf_update_attr_from_packetbuf
                0x0000c652       0x12 contiki-z1.a(queuebuf.o)
                0x0000c652                queuebuf_update_attr_from_packetbuf
 .any.text.queuebuf_update_from_packetbuf
                0x0000c664       0x22 contiki-z1.a(queuebuf.o)
                0x0000c664                queuebuf_update_from_packetbuf
 .any.text.queuebuf_free
                0x0000c686       0x2a contiki-z1.a(queuebuf.o)
                0x0000c686                queuebuf_free
 .any.text.queuebuf_to_packetbuf
                0x0000c6b0       0x32 contiki-z1.a(queuebuf.o)
                0x0000c6b0                queuebuf_to_packetbuf
 .any.text.queuebuf_attr
                0x0000c6e2        0xe contiki-z1.a(queuebuf.o)
                0x0000c6e2                queuebuf_attr
 .any.text.input_packet
                0x0000c6f0        0x6 contiki-z1.a(csma.o)
 .any.text.on   0x0000c6f6        0x6 contiki-z1.a(csma.o)
 .any.text.off  0x0000c6fc        0x6 contiki-z1.a(csma.o)
 .any.text.channel_check_interval
                0x0000c702       0x10 contiki-z1.a(csma.o)
 .any.text.transmit_packet_list
                0x0000c712       0x24 contiki-z1.a(csma.o)
 .any.text.schedule_transmission
                0x0000c736       0x84 contiki-z1.a(csma.o)
 .any.text.init
                0x0000c7ba       0x1a contiki-z1.a(csma.o)
 .any.text.tx_done
                0x0000c7d4       0x84 contiki-z1.a(csma.o)
 .any.text.send_packet
                0x0000c858      0x158 contiki-z1.a(csma.o)
 .any.text.packet_sent
                0x0000c9b0       0xca contiki-z1.a(csma.o)
 .any.text.create_frame.isra.0
                0x0000ca7a      0x114 contiki-z1.a(framer-802154.o)
 .any.text.create
                0x0000cb8e        0x8 contiki-z1.a(framer-802154.o)
 .any.text.hdr_length
                0x0000cb96        0x8 contiki-z1.a(framer-802154.o)
 .any.text.parse
                0x0000cb9e       0x9a contiki-z1.a(framer-802154.o)
 .any.text.mac_call_sent_callback
                0x0000cc38       0x14 contiki-z1.a(mac.o)
                0x0000cc38                mac_call_sent_callback
 .any.text.duty_cycle
                0x0000cc4c        0x6 contiki-z1.a(contikimac.o)
 .any.text.init
                0x0000cc52       0x2a contiki-z1.a(contikimac.o)
 .any.text.on   0x0000cc7c       0x1a contiki-z1.a(contikimac.o)
 .any.text.off  0x0000cc96       0x22 contiki-z1.a(contikimac.o)
 .any.text.recv_burst_off
                0x0000ccb8        0xa contiki-z1.a(contikimac.o)
 .any.text.powercycle_turn_radio_off
                0x0000ccc2       0x14 contiki-z1.a(contikimac.o)
 .any.text.turn_off
                0x0000ccd6       0x20 contiki-z1.a(contikimac.o)
 .any.text.turn_on
                0x0000ccf6       0x30 contiki-z1.a(contikimac.o)
 .any.text.schedule_powercycle_fixed.part.5
                0x0000cd26       0x32 contiki-z1.a(contikimac.o)
 .any.text.input_packet
                0x0000cd58       0x94 contiki-z1.a(contikimac.o)
 .any.text.send_packet.isra.8
                0x0000cdec      0x1d8 contiki-z1.a(contikimac.o)
 .any.text.qsend_list
                0x0000cfc4       0xb2 contiki-z1.a(contikimac.o)
 .any.text.qsend_packet
                0x0000d076       0x28 contiki-z1.a(contikimac.o)
 .any.text.powercycle_wrapper
                0x0000d09e      0x1c2 contiki-z1.a(contikimac.o)
 .any.text.init
                0x0000d260        0x2 contiki-z1.a(nullsec.o)
 .any.text.send
                0x0000d262        0xa contiki-z1.a(nullsec.o)
 .any.text.input
                0x0000d26c        0x6 contiki-z1.a(nullsec.o)
 .any.text.i2c_receiveinit
                0x0000d272       0x36 contiki-z1.a(i2cmaster.o)
                0x0000d272                i2c_receiveinit
 .any.text.i2c_transmitinit
                0x0000d2a8       0x30 contiki-z1.a(i2cmaster.o)
                0x0000d2a8                i2c_transmitinit
 .any.text.i2c_receive_n
                0x0000d2d8       0x3e contiki-z1.a(i2cmaster.o)
                0x0000d2d8                i2c_receive_n
 .any.text.i2c_busy
                0x0000d316        0xa contiki-z1.a(i2cmaster.o)
                0x0000d316                i2c_busy
 .any.text.i2c_enable
                0x0000d320       0x22 contiki-z1.a(i2cmaster.o)
                0x0000d320                i2c_enable
 .any.text.i2c_transmit_n
                0x0000d342       0x14 contiki-z1.a(i2cmaster.o)
                0x0000d342                i2c_transmit_n
 .any.text.status
                0x0000d356       0x18 contiki-z1.a(button-sensor.o)
 .any.text.value
                0x0000d36e       0x20 contiki-z1.a(button-sensor.o)
 .any.text.configure
                0x0000d38e       0x4e contiki-z1.a(button-sensor.o)
 .any.text.stimer_set
                0x0000d3dc       0x1c contiki-z1.a(stimer.o)
                0x0000d3dc                stimer_set
 .any.text.stimer_expired
                0x0000d3f8       0x30 contiki-z1.a(stimer.o)
                0x0000d3f8                stimer_expired
 .any.text.memb_init
                0x0000d428       0x36 contiki-z1.a(memb.o)
                0x0000d428                memb_init
 .any.text.memb_alloc
                0x0000d45e       0x3e contiki-z1.a(memb.o)
                0x0000d45e                memb_alloc
 .any.text.memb_free
                0x0000d49c       0x3a contiki-z1.a(memb.o)
                0x0000d49c                memb_free
 .any.text.memb_inmemb
                0x0000d4d6       0x2a contiki-z1.a(memb.o)
                0x0000d4d6                memb_inmemb
 .any.text.memb_numfree
                0x0000d500       0x26 contiki-z1.a(memb.o)
                0x0000d500                memb_numfree
 .any.text.update_nbr
                0x0000d526       0xda contiki-z1.a(rpl-nbr-policy.)
 .any.text.handle_periodic_timer
                0x0000d600        0xe contiki-z1.a(rpl-nbr-policy.)
 .any.text.find_removable_dis
                0x0000d60e       0x14 contiki-z1.a(rpl-nbr-policy.)
                0x0000d60e                find_removable_dis
 .any.text.find_removable_dio
                0x0000d622       0x3c contiki-z1.a(rpl-nbr-policy.)
                0x0000d622                find_removable_dio
 .any.text.find_removable_dao
                0x0000d65e       0x32 contiki-z1.a(rpl-nbr-policy.)
                0x0000d65e                find_removable_dao
 .any.text.rpl_nbr_policy_find_removable
                0x0000d690       0x30 contiki-z1.a(rpl-nbr-policy.)
                0x0000d690                rpl_nbr_policy_find_removable
 .any.text.frame802154_get_pan_id
                0x0000d6c0        0x6 contiki-z1.a(frame802154.o)
                0x0000d6c0                frame802154_get_pan_id
 .any.text.frame802154_has_panid
                0x0000d6c6       0xe0 contiki-z1.a(frame802154.o)
                0x0000d6c6                frame802154_has_panid
 .any.text.field_len
                0x0000d7a6       0xa8 contiki-z1.a(frame802154.o)
 .any.text.frame802154_is_broadcast_addr
                0x0000d84e       0x28 contiki-z1.a(frame802154.o)
                0x0000d84e                frame802154_is_broadcast_addr
 .any.text.frame802154_hdrlen
                0x0000d876       0x32 contiki-z1.a(frame802154.o)
                0x0000d876                frame802154_hdrlen
 .any.text.frame802154_create
                0x0000d8a8      0x136 contiki-z1.a(frame802154.o)
                0x0000d8a8                frame802154_create
 .any.text.frame802154_parse
                0x0000d9de      0x1be contiki-z1.a(frame802154.o)
                0x0000d9de                frame802154_parse
 .any.text.mac_sequence_is_duplicate
                0x0000db9c       0x60 contiki-z1.a(mac-sequence.o)
                0x0000db9c                mac_sequence_is_duplicate
 .any.text.mac_sequence_register_seqno
                0x0000dbfc       0x76 contiki-z1.a(mac-sequence.o)
                0x0000dbfc                mac_sequence_register_seqno

.rodata         0x0000dc74      0x3cd
                0x0000dc74                . = ALIGN (0x2)
 *(.rodata .rodata.* .gnu.linkonce.r.*)
 .rodata.process_thread_udp_client_process
                0x0000dc74       0x28 udp-client.co
 .rodata.send_packet
                0x0000dc9c       0x19 udp-client.co
 *fill*         0x0000dcb5        0x1 00
 .rodata.autostart_processes
                0x0000dcb6        0x4 udp-client.co
                0x0000dcb6                autostart_processes
 .rodata        0x0000dcba       0x13 udp-client.co
 .rodata        0x0000dccd      0x115 obj_z1/contiki-z1-main.o
 *fill*         0x0000dde2        0x2 00
 .rodata.get_value
                0x0000dde4       0x44 contiki-z1.a(cc2420.o)
 .rodata.set_value
                0x0000de28       0x20 contiki-z1.a(cc2420.o)
 .rodata.cc2420_driver
                0x0000de48       0x38 contiki-z1.a(cc2420.o)
                0x0000de48                cc2420_driver
 .rodata        0x0000de80        0xe contiki-z1.a(cc2420.o)
 .rodata.output_power
                0x0000de8e       0x10 contiki-z1.a(cc2420.o)
 .rodata        0x0000de9e        0x8 contiki-z1.a(sensors.o)
 .rodata        0x0000dea6       0x25 contiki-z1.a(adxl345.o)
 *fill*         0x0000decb        0x1 00
 .rodata.adxl345
                0x0000decc        0xe contiki-z1.a(adxl345.o)
                0x0000decc                adxl345
 .rodata        0x0000deda        0xe contiki-z1.a(tmp102.o)
 .rodata.tmp102
                0x0000dee8        0xe contiki-z1.a(tmp102.o)
                0x0000dee8                tmp102
 .rodata        0x0000def6        0xf contiki-z1.a(ctimer.o)
 .rodata        0x0000df05        0xc contiki-z1.a(etimer.o)
 .rodata        0x0000df11        0xb contiki-z1.a(sicslowpan.o)
 .rodata.sicslowpan_driver
                0x0000df1c        0xa contiki-z1.a(sicslowpan.o)
                0x0000df1c                sicslowpan_driver
 .rodata.llprefix
                0x0000df26        0x2 contiki-z1.a(sicslowpan.o)
                0x0000df26                llprefix
 .rodata.unc_mxconf
                0x0000df28        0x4 contiki-z1.a(sicslowpan.o)
                0x0000df28                unc_mxconf
 .rodata.unc_ctxconf
                0x0000df2c        0x4 contiki-z1.a(sicslowpan.o)
                0x0000df2c                unc_ctxconf
 .rodata.unc_llconf
                0x0000df30        0x4 contiki-z1.a(sicslowpan.o)
                0x0000df30                unc_llconf
 .rodata.ttl_values
                0x0000df34        0x4 contiki-z1.a(sicslowpan.o)
 .rodata.uip_process
                0x0000df38       0x40 contiki-z1.a(uip6.o)
 .rodata        0x0000df78        0xd contiki-z1.a(tcpip.o)
 .rodata.uip_debug_ipaddr_print
                0x0000df85       0x28 contiki-z1.a(uip-debug.o)
 *fill*         0x0000dfad        0x1 00
 .rodata.linkaddr_null
                0x0000dfae        0x8 contiki-z1.a(linkaddr.o)
                0x0000dfae                linkaddr_null
 .rodata        0x0000dfb6        0x5 contiki-z1.a(csma.o)
 *fill*         0x0000dfbb        0x1 00
 .rodata.csma_driver
                0x0000dfbc       0x1a contiki-z1.a(csma.o)
                0x0000dfbc                csma_driver
 .rodata.framer_802154
                0x0000dfd6        0xc contiki-z1.a(framer-802154.o)
                0x0000dfd6                framer_802154
 .rodata        0x0000dfe2        0xb contiki-z1.a(contikimac.o)
 *fill*         0x0000dfed        0x1 00
 .rodata.contikimac_driver
                0x0000dfee       0x1e contiki-z1.a(contikimac.o)
                0x0000dfee                contikimac_driver
 .rodata        0x0000e00c        0x8 contiki-z1.a(nullsec.o)
 .rodata.nullsec_driver
                0x0000e014        0xe contiki-z1.a(nullsec.o)
                0x0000e014                nullsec_driver
 .rodata        0x0000e022        0x7 contiki-z1.a(button-sensor.o)
 *fill*         0x0000e029        0x1 00
 .rodata.button_sensor
                0x0000e02a        0xe contiki-z1.a(button-sensor.o)
                0x0000e02a                button_sensor
 .rodata.CSWTCH.16
                0x0000e038        0x2 contiki-z1.a(frame802154.o)
 .rodata.vuprintf
                0x0000e03a        0x7 /usr/local/msp430/bin/../lib/gcc/msp430/4.7.0/../../../../msp430/lib/mcpu-430x/mmpy-16/msr20/mc20/libc.a(vuprintf.o)
 *(.near.rodata .near.rodata.*)
                0x0000e042                . = ALIGN (0x2)
                0x0000e042                _etext = .

.data           0x00001100      0x148 load address 0x0000e042
                0x00001100                . = ALIGN (0x2)
                0x00001100                __data_start = .
 *(.data .data.* .gnu.linkonce.d.*)
 .data.udp_client_process
                0x00001100        0xc udp-client.co
                0x00001100                udp_client_process
 .data.cur_break
                0x0000110c        0x2 contiki-z1.a(msp430.o)
 .data.cc2420_process
                0x0000110e        0xc contiki-z1.a(cc2420.o)
                0x0000110e                cc2420_process
 .data.send_on_cca
                0x0000111a        0x1 contiki-z1.a(cc2420.o)
 *fill*         0x0000111b        0x1 00
 .data.sensors_process
                0x0000111c        0xc contiki-z1.a(sensors.o)
                0x0000111c                sensors_process
 .data.sensors  0x00001128        0x8 contiki-z1.a(z1-sensors.o)
                0x00001128                sensors
 .data.accmeter_process
                0x00001130        0xc contiki-z1.a(adxl345.o)
                0x00001130                accmeter_process
 .data.adxl345_default_settings
                0x0000113c       0x16 contiki-z1.a(adxl345.o)
 .data.ctimer_process
                0x00001152        0xc contiki-z1.a(ctimer.o)
                0x00001152                ctimer_process
 .data.etimer_process
                0x0000115e        0xc contiki-z1.a(etimer.o)
                0x0000115e                etimer_process
 .data.ds6_neighbors
                0x0000116a        0x2 contiki-z1.a(uip-ds6-nbr.o)
                0x0000116a                ds6_neighbors
 .data.ds6_neighbors_struct
                0x0000116c        0xa contiki-z1.a(uip-ds6-nbr.o)
 .data.nbr_routes
                0x00001176        0x2 contiki-z1.a(uip-ds6-route.o)
                0x00001176                nbr_routes
 .data.routememb
                0x00001178        0x8 contiki-z1.a(uip-ds6-route.o)
 .data.defaultroutermemb
                0x00001180        0x8 contiki-z1.a(uip-ds6-route.o)
 .data.neighborroutememb
                0x00001188        0x8 contiki-z1.a(uip-ds6-route.o)
 .data.nbr_routes_struct
                0x00001190        0xa contiki-z1.a(uip-ds6-route.o)
 .data.echo_request_handler
                0x0000119a        0x8 contiki-z1.a(uip-icmp6.o)
 .data.echo_reply_handler
                0x000011a2        0x8 contiki-z1.a(uip-icmp6.o)
 .data.tcpip_process
                0x000011aa        0xc contiki-z1.a(tcpip.o)
                0x000011aa                tcpip_process
 .data.rpl_parents
                0x000011b6        0x2 contiki-z1.a(rpl-dag.o)
                0x000011b6                rpl_parents
 .data.rpl_parents_struct
                0x000011b8        0xa contiki-z1.a(rpl-dag.o)
 .data.dao_sequence
                0x000011c2        0x1 contiki-z1.a(rpl-icmp6.o)
 *fill*         0x000011c3        0x1 00
 .data.dis_handler
                0x000011c4        0x8 contiki-z1.a(rpl-icmp6.o)
 .data.dio_handler
                0x000011cc        0x8 contiki-z1.a(rpl-icmp6.o)
 .data.dao_handler
                0x000011d4        0x8 contiki-z1.a(rpl-icmp6.o)
 .data.dao_ack_handler
                0x000011dc        0x8 contiki-z1.a(rpl-icmp6.o)
 .data.rpl_mrhof
                0x000011e4       0x22 contiki-z1.a(rpl-mrhof.o)
                0x000011e4                rpl_mrhof
 .data.link_stats_struct
                0x00001206        0xa contiki-z1.a(link-stats.o)
 .data.neighbor_addr_mem
                0x00001210        0x8 contiki-z1.a(nbr-table.o)
 .data.buframmem
                0x00001218        0x8 contiki-z1.a(queuebuf.o)
 .data.bufmem   0x00001220        0x8 contiki-z1.a(queuebuf.o)
 .data.neighbor_memb
                0x00001228        0x8 contiki-z1.a(csma.o)
 .data.packet_memb
                0x00001230        0x8 contiki-z1.a(csma.o)
 .data.metadata_memb
                0x00001238        0x8 contiki-z1.a(csma.o)
 .data.prescale_lsb
                0x00001240        0x1 contiki-z1.a(i2cmaster.o)
                0x00001240                prescale_lsb
 *fill*         0x00001241        0x1 00
 .data.mac_pan_id
                0x00001242        0x2 contiki-z1.a(frame802154.o)
 .data.next     0x00001244        0x4 /usr/local/msp430/bin/../lib/gcc/msp430/4.7.0/../../../../msp430/lib/mcpu-430x/mmpy-16/msr20/mc20/libc.a(rand.o)
 *(.near.data .near.data.*)
                0x00001248                . = ALIGN (0x2)
                0x00001248                _edata = .
                0x0000e042                __data_load_start = LOADADDR (.data)
                0x00000148                __data_size = SIZEOF (.data)

.bss            0x00001248     0x1706 load address 0x0000e18a
                0x00001248                __bss_start = .
 *(.bss .bss.*)
 .bss.client_conn
                0x00001248        0x2 udp-client.co
 .bss.periodic.3063
                0x0000124a        0xc udp-client.co
 .bss.seq_id    0x00001256        0x2 udp-client.co
 .bss.backoff_timer.3064
                0x00001258       0x16 udp-client.co
 .bss.server_ipaddr
                0x0000126e       0x10 udp-client.co
 .bss.reply     0x0000127e        0x2 udp-client.co
 .bss.irq_energest.4222
                0x00001280        0x4 obj_z1/contiki-z1-main.o
 .bss.leds      0x00001284        0x1 contiki-z1.a(leds.o)
 *fill*         0x00001285        0x1 00
 .bss.counter   0x00001286        0x2 contiki-z1.a(watchdog.o)
 .bss.poll_mode
                0x00001288        0x1 contiki-z1.a(cc2420.o)
 *fill*         0x00001289        0x1 00
 .bss.last_packet_timestamp
                0x0000128a        0x2 contiki-z1.a(cc2420.o)
 .bss.locked    0x0000128c        0x1 contiki-z1.a(cc2420.o)
 .bss.lock_on   0x0000128d        0x1 contiki-z1.a(cc2420.o)
 .bss.lock_off  0x0000128e        0x1 contiki-z1.a(cc2420.o)
 .bss.receive_on
                0x0000128f        0x1 contiki-z1.a(cc2420.o)
 .bss.channel   0x00001290        0x2 contiki-z1.a(cc2420.o)
 .bss.node_id   0x00001292        0x2 contiki-z1.a(node-id.o)
                0x00001292                node_id
 .bss.num_sensors
                0x00001294        0x1 contiki-z1.a(sensors.o)
 *fill*         0x00001295        0x1 00
 .bss.i.2088    0x00001296        0x2 contiki-z1.a(sensors.o)
 .bss.events.2089
                0x00001298        0x2 contiki-z1.a(sensors.o)
 .bss.transmitting
                0x0000129a        0x1 contiki-z1.a(uart0.o)
 *fill*         0x0000129b        0x1 00
 .bss.uart0_input_handler
                0x0000129c        0x4 contiki-z1.a(uart0.o)
 .bss.enabled   0x000012a0        0x1 contiki-z1.a(adxl345.o)
 *fill*         0x000012a1        0x1 00
 .bss.int1_mask
                0x000012a2        0x2 contiki-z1.a(adxl345.o)
 .bss.int2_mask
                0x000012a4        0x2 contiki-z1.a(adxl345.o)
 .bss.suppressTimer1
                0x000012a6        0x8 contiki-z1.a(adxl345.o)
 .bss.suppressTimer2
                0x000012ae        0x8 contiki-z1.a(adxl345.o)
 .bss.enabled   0x000012b6        0x1 contiki-z1.a(tmp102.o)
 *fill*         0x000012b7        0x1 00
 .bss.last_tar  0x000012b8        0x2 contiki-z1.a(clock.o)
 .bss.count     0x000012ba        0x4 contiki-z1.a(clock.o)
 .bss.seconds   0x000012be        0x4 contiki-z1.a(clock.o)
 .bss.initialized
                0x000012c2        0x1 contiki-z1.a(ctimer.o)
 *fill*         0x000012c3        0x1 00
 .bss.ctimer_list_list
                0x000012c4        0x2 contiki-z1.a(ctimer.o)
 .bss.timerlist
                0x000012c6        0x2 contiki-z1.a(etimer.o)
 .bss.next_expiration
                0x000012c8        0x4 contiki-z1.a(etimer.o)
 .bss.poll_requested
                0x000012cc        0x1 contiki-z1.a(process.o)
 *fill*         0x000012cd        0x1 00
 .bss.process_current
                0x000012ce        0x2 contiki-z1.a(process.o)
                0x000012ce                process_current
 .bss.process_list
                0x000012d0        0x2 contiki-z1.a(process.o)
                0x000012d0                process_list
 .bss.lastevent
                0x000012d2        0x1 contiki-z1.a(process.o)
 .bss.fevent    0x000012d3        0x1 contiki-z1.a(process.o)
 .bss.nevents   0x000012d4        0x1 contiki-z1.a(process.o)
 *fill*         0x000012d5        0x1 00
 .bss.events    0x000012d6       0x30 contiki-z1.a(process.o)
 .bss.next_rtimer
                0x00001306        0x2 contiki-z1.a(rtimer.o)
 .bss.callback  0x00001308        0x2 contiki-z1.a(sicslowpan.o)
 .bss.addr_contexts
                0x0000130a       0x14 contiki-z1.a(sicslowpan.o)
 .bss.uncomp_hdr_len
                0x0000131e        0x1 contiki-z1.a(sicslowpan.o)
 .bss.packetbuf_hdr_len
                0x0000131f        0x1 contiki-z1.a(sicslowpan.o)
 .bss.packetbuf_ptr
                0x00001320        0x2 contiki-z1.a(sicslowpan.o)
 .bss.last_tx_status
                0x00001322        0x2 contiki-z1.a(sicslowpan.o)
 .bss.my_tag    0x00001324        0x2 contiki-z1.a(sicslowpan.o)
 .bss.packetbuf_payload_len
                0x00001326        0x2 contiki-z1.a(sicslowpan.o)