Archive member included because of file (symbol)

contiki-z1.a(contiki-z1-plat)
                              obj_z1/contiki-z1-main.o (init_platform)
contiki-z1.a(msp430.o)        obj_z1/cc2420.o (splhigh_)
contiki-z1.a(leds.o)          obj_z1/contiki-z1-main.o (leds_init)
contiki-z1.a(watchdog.o)      obj_z1/contiki-z1-main.o (watchdog_start)
contiki-z1.a(xmem.o)          obj_z1/contiki-z1-main.o (xmem_init)
contiki-z1.a(spi.o)           contiki-z1.a(xmem.o) (spi_init)
contiki-z1.a(cc2420-arch.o)   obj_z1/cc2420.o (cc2420_arch_init)
contiki-z1.a(node-id.o)       obj_z1/contiki-z1-main.o (node_id_restore)
contiki-z1.a(sensors.o)       contiki-z1.a(contiki-z1-plat) (sensors_process)
contiki-z1.a(uart0.o)         obj_z1/contiki-z1-main.o (uart0_active)
contiki-z1.a(uart0-putchar.o)
                              sink.co (putchar)
contiki-z1.a(z1-sensors.o)    contiki-z1.a(sensors.o) (sensors_flags)
contiki-z1.a(adxl345.o)       obj_z1/contiki-z1-main.o (adxl345)
contiki-z1.a(tmp102.o)        contiki-z1.a(z1-sensors.o) (tmp102)
contiki-z1.a(clock.o)         obj_z1/contiki-z1-main.o (clock_init)
contiki-z1.a(leds-arch.o)     contiki-z1.a(leds.o) (leds_arch_init)
contiki-z1.a(rtimer-arch.o)   obj_z1/cc2420.o (rtimer_arch_now)
contiki-z1.a(tsch.o)          sink.co (tsch_set_pan_secured)
contiki-z1.a(tsch-packet.o)   contiki-z1.a(tsch.o) (tsch_packet_create_eb)
contiki-z1.a(tsch-queue.o)    contiki-z1.a(tsch.o) (tsch_queue_add_nbr)
contiki-z1.a(tsch-rpl.o)      contiki-z1.a(tsch.o) (tsch_rpl_callback_joining_network)
contiki-z1.a(tsch-schedule.o)
                              contiki-z1.a(tsch.o) (tsch_schedule_add_slotframe)
contiki-z1.a(tsch-slot-opera)
                              contiki-z1.a(tsch.o) (dequeued_ringbuf)
contiki-z1.a(bmrf.o)          sink.co (bmrf_driver)
contiki-z1.a(uip-mcast6-rout)
                              contiki-z1.a(bmrf.o) (uip_mcast6_route_lookup)
contiki-z1.a(autostart.o)     obj_z1/contiki-z1-main.o (autostart_start)
contiki-z1.a(ctimer.o)        obj_z1/contiki-z1-main.o (ctimer_init)
contiki-z1.a(energest.o)      obj_z1/contiki-z1-main.o (energest_init)
contiki-z1.a(etimer.o)        contiki-z1.a(clock.o) (etimer_request_poll)
contiki-z1.a(process.o)       contiki-z1.a(ctimer.o) (process_current)
contiki-z1.a(rtimer.o)        obj_z1/contiki-z1-main.o (rtimer_init)
contiki-z1.a(timer.o)         contiki-z1.a(adxl345.o) (timer_set)
contiki-z1.a(list.o)          contiki-z1.a(tsch-queue.o) (list_init)
contiki-z1.a(memb.o)          contiki-z1.a(tsch-queue.o) (memb_init)
contiki-z1.a(random.o)        sink.co (random_init)
contiki-z1.a(ringbufindex.o)  contiki-z1.a(tsch.o) (ringbufindex_init)
contiki-z1.a(sicslowpan.o)    obj_z1/contiki-z1-main.o (sicslowpan_driver)
contiki-z1.a(uip6.o)          sink.co (uip_aligned_buf)
contiki-z1.a(uip-ds6.o)       contiki-z1.a(uip6.o) (uip_ds6_is_addr_onlink)
contiki-z1.a(uip-ds6-nbr.o)   contiki-z1.a(uip-ds6.o) (uip_ds6_neighbors_init)
contiki-z1.a(uip-ds6-route.o)
                              contiki-z1.a(uip-ds6.o) (uip_ds6_route_init)
contiki-z1.a(uip-icmp6.o)     contiki-z1.a(uip6.o) (uip_icmp6_input)
contiki-z1.a(uip-nd6.o)       contiki-z1.a(uip6.o) (uip_nd6_init)
contiki-z1.a(tcpip.o)         contiki-z1.a(bmrf.o) (tcpip_output)
contiki-z1.a(uip-debug.o)     sink.co (uip_debug_ipaddr_print)
contiki-z1.a(rpl.o)           contiki-z1.a(uip-ds6-nbr.o) (rpl_link_neighbor_callback)
contiki-z1.a(rpl-dag.o)       contiki-z1.a(rpl.o) (rpl_dag_init)
contiki-z1.a(rpl-ext-header.)
                              contiki-z1.a(uip6.o) (rpl_verify_hbh_header)
contiki-z1.a(rpl-icmp6.o)     contiki-z1.a(rpl-dag.o) (rpl_icmp6_update_nbr_table)
contiki-z1.a(rpl-mrhof.o)     contiki-z1.a(rpl-dag.o) (rpl_mrhof)
contiki-z1.a(rpl-timers.o)    contiki-z1.a(rpl.o) (rpl_reset_periodic_timer)
contiki-z1.a(linkaddr.o)      obj_z1/contiki-z1-main.o (linkaddr_copy)
contiki-z1.a(link-stats.o)    contiki-z1.a(rpl-dag.o) (link_stats_from_lladdr)
contiki-z1.a(nbr-table.o)     contiki-z1.a(uip-ds6-nbr.o) (nbr_table_register)
contiki-z1.a(net-debug.o)     sink.co (net_debug_lladdr_print)
contiki-z1.a(packetbuf.o)     obj_z1/cc2420.o (packetbuf_set_datalen)
contiki-z1.a(queuebuf.o)      obj_z1/contiki-z1-main.o (queuebuf_init)
contiki-z1.a(csma.o)          sink.co (csma_driver)
contiki-z1.a(frame802154.o)   contiki-z1.a(tsch-packet.o) (frame802154_get_pan_id)
contiki-z1.a(frame802154e-ie)
                              contiki-z1.a(tsch-packet.o) (frame80215e_create_ie_header_ack_nack_time_correction)
contiki-z1.a(framer-802154.o)
                              contiki-z1.a(tsch.o) (framer_802154)
contiki-z1.a(mac.o)           contiki-z1.a(tsch.o) (mac_call_sent_callback)
contiki-z1.a(mac-sequence.o)  contiki-z1.a(tsch.o) (mac_sequence_is_duplicate)
contiki-z1.a(contikimac.o)    obj_z1/cc2420.o (contikimac_driver)
contiki-z1.a(nullsec.o)       contiki-z1.a(tsch.o) (nullsec_driver)
contiki-z1.a(orchestra.o)     contiki-z1.a(tsch-queue.o) (orchestra_callback_packet_ready)
[...]
Memory Configuration

Name             Origin             Length             Attributes
sfr              0x00000000         0x00000010
peripheral_8bit  0x00000010         0x000000f0
peripheral_16bit 0x00000100         0x00000100
ram_mirror       0x00000200         0x00000800         xw
infomem          0x00001000         0x00000100
infod            0x00001000         0x00000040
infoc            0x00001040         0x00000040
infob            0x00001080         0x00000040
infoa            0x000010c0         0x00000040
ram              0x00001100         0x00002000         xw
rom              0x00003100         0x0000cebe         xr
vectors          0x0000ffc0         0x00000040
far_rom          0x00010000         0x0000a000
bsl              0x00000000         0x00000000
ram2             0x00000000         0x00000000         xw
usbram           0x00000000         0x00000000         xw
*default*        0x00000000         0xffffffff

Linker script and memory map

LOAD /usr/local/msp430/bin/../lib/gcc/msp430/4.7.0/mcpu-430x/mmpy-16/msr20/mc20/crt0ivtbl32.o
                0x00000041                __P1SEL2 = 0x41
                0x00000045                __P5SEL2 = 0x45
LOAD sink.co
LOAD obj_z1/simstats.o
LOAD obj_z1/cc2420.o
LOAD obj_z1/contiki-z1-main.o
LOAD contiki-z1.a
LOAD /usr/local/msp430/bin/../lib/gcc/msp430/4.7.0/mcpu-430x/mmpy-16/msr20/mc20/libgcc.a
LOAD /usr/local/msp430/bin/../lib/gcc/msp430/4.7.0/../../../../msp430/lib/mcpu-430x/mmpy-16/msr20/mc20/libc.a
LOAD /usr/local/msp430/bin/../lib/gcc/msp430/4.7.0/mcpu-430x/mmpy-16/msr20/mc20/libgcc.a
LOAD /usr/local/msp430/bin/../lib/gcc/msp430/4.7.0/mcpu-430x/mmpy-16/msr20/mc20/libcrt0.a
                0x00000040                PROVIDE (__info_segment_size, 0x40)
                0x00001000                PROVIDE (__infod, 0x1000)
                0x00001040                PROVIDE (__infoc, 0x1040)
                0x00001080                PROVIDE (__infob, 0x1080)
                0x000010c0                PROVIDE (__infoa, 0x10c0)
                0x00000000                __IE1 = 0x0
                0x00000002                __IFG1 = 0x2
                0x00000001                __IE2 = 0x1
                0x00000003                __IFG2 = 0x3
                0x00000006                __UC1IE = 0x6
                0x00000007                __UC1IFG = 0x7
                0x000001a0                __ADC12CTL0 = 0x1a0
                0x000001a2                __ADC12CTL1 = 0x1a2
                0x000001a4                __ADC12IFG = 0x1a4
                0x000001a6                __ADC12IE = 0x1a6
                0x000001a8                __ADC12IV = 0x1a8
                0x00000140                __ADC12MEM0 = 0x140
                0x00000142                __ADC12MEM1 = 0x142
                0x00000144                __ADC12MEM2 = 0x144
                0x00000146                __ADC12MEM3 = 0x146
                0x00000148                __ADC12MEM4 = 0x148
                0x0000014a                __ADC12MEM5 = 0x14a
                0x0000014c                __ADC12MEM6 = 0x14c
                0x0000014e                __ADC12MEM7 = 0x14e
                0x00000150                __ADC12MEM8 = 0x150
                0x00000152                __ADC12MEM9 = 0x152
                0x00000154                __ADC12MEM10 = 0x154
                0x00000156                __ADC12MEM11 = 0x156
                0x00000158                __ADC12MEM12 = 0x158
                0x0000015a                __ADC12MEM13 = 0x15a
                0x0000015c                __ADC12MEM14 = 0x15c
                0x0000015e                __ADC12MEM15 = 0x15e
                0x00000080                __ADC12MCTL0 = 0x80
                0x00000081                __ADC12MCTL1 = 0x81
                0x00000082                __ADC12MCTL2 = 0x82
                0x00000083                __ADC12MCTL3 = 0x83
                0x00000084                __ADC12MCTL4 = 0x84
                0x00000085                __ADC12MCTL5 = 0x85
                0x00000086                __ADC12MCTL6 = 0x86
                0x00000087                __ADC12MCTL7 = 0x87
                0x00000088                __ADC12MCTL8 = 0x88
                0x00000089                __ADC12MCTL9 = 0x89
                0x0000008a                __ADC12MCTL10 = 0x8a
                0x0000008b                __ADC12MCTL11 = 0x8b
                0x0000008c                __ADC12MCTL12 = 0x8c
                0x0000008d                __ADC12MCTL13 = 0x8d
                0x0000008e                __ADC12MCTL14 = 0x8e
                0x0000008f                __ADC12MCTL15 = 0x8f
                0x00000056                __DCOCTL = 0x56
                0x00000057                __BCSCTL1 = 0x57
                0x00000058                __BCSCTL2 = 0x58
                0x00000053                __BCSCTL3 = 0x53
                0x00000059                __CACTL1 = 0x59
                0x0000005a                __CACTL2 = 0x5a
                0x0000005b                __CAPD = 0x5b
                0x000001c0                __DAC12_0CTL = 0x1c0
                0x000001c2                __DAC12_1CTL = 0x1c2
                0x000001c8                __DAC12_0DAT = 0x1c8
                0x000001ca                __DAC12_1DAT = 0x1ca
                0x00000122                __DMACTL0 = 0x122
                0x00000124                __DMACTL1 = 0x124
                0x00000126                __DMAIV = 0x126
                0x000001d0                __DMA0CTL = 0x1d0
                0x000001dc                __DMA1CTL = 0x1dc
                0x000001e8                __DMA2CTL = 0x1e8
                0x000001d2                __DMA0SA = 0x1d2
                0x000001d2                __DMA0SAL = 0x1d2
                0x000001d6                __DMA0DA = 0x1d6
                0x000001d6                __DMA0DAL = 0x1d6
                0x000001da                __DMA0SZ = 0x1da
                0x000001de                __DMA1SA = 0x1de
                0x000001de                __DMA1SAL = 0x1de
                0x000001e2                __DMA1DA = 0x1e2
                0x000001e2                __DMA1DAL = 0x1e2
                0x000001e6                __DMA1SZ = 0x1e6
                0x000001ea                __DMA2SA = 0x1ea
                0x000001ea                __DMA2SAL = 0x1ea
                0x000001ee                __DMA2DA = 0x1ee
                0x000001ee                __DMA2DAL = 0x1ee
                0x000001f2                __DMA2SZ = 0x1f2
                0x00000128                __FCTL1 = 0x128
                0x0000012a                __FCTL2 = 0x12a
                0x0000012c                __FCTL3 = 0x12c
                0x000001be                __FCTL4 = 0x1be
                0x00000130                __MPY = 0x130
                0x00000132                __MPYS = 0x132
                0x00000134                __MAC = 0x134
                0x00000136                __MACS = 0x136
                0x00000138                __OP2 = 0x138
                0x0000013a                __RESLO = 0x13a
                0x0000013c                __RESHI = 0x13c
                0x0000013e                __SUMEXT = 0x13e
                0x00000020                __P1IN = 0x20
                0x00000021                __P1OUT = 0x21
                0x00000022                __P1DIR = 0x22
                0x00000023                __P1IFG = 0x23
                0x00000024                __P1IES = 0x24
                0x00000025                __P1IE = 0x25
                0x00000026                __P1SEL = 0x26
                0x00000027                __P1REN = 0x27
                0x00000028                __P2IN = 0x28
                0x00000029                __P2OUT = 0x29
                0x0000002a                __P2DIR = 0x2a
                0x0000002b                __P2IFG = 0x2b
                0x0000002c                __P2IES = 0x2c
                0x0000002d                __P2IE = 0x2d
                0x0000002e                __P2SEL = 0x2e
                0x0000002f                __P2REN = 0x2f
                0x00000018                __P3IN = 0x18
                0x00000019                __P3OUT = 0x19
                0x0000001a                __P3DIR = 0x1a
                0x0000001b                __P3SEL = 0x1b
                0x00000010                __P3REN = 0x10
                0x0000001c                __P4IN = 0x1c
                0x0000001d                __P4OUT = 0x1d
                0x0000001e                __P4DIR = 0x1e
                0x0000001f                __P4SEL = 0x1f
                0x00000011                __P4REN = 0x11
                0x00000030                __P5IN = 0x30
                0x00000031                __P5OUT = 0x31
                0x00000032                __P5DIR = 0x32
                0x00000033                __P5SEL = 0x33
                0x00000012                __P5REN = 0x12
                0x00000034                __P6IN = 0x34
                0x00000035                __P6OUT = 0x35
                0x00000036                __P6DIR = 0x36
                0x00000037                __P6SEL = 0x37
                0x00000013                __P6REN = 0x13
                0x00000038                __P7IN = 0x38
                0x0000003a                __P7OUT = 0x3a
                0x0000003c                __P7DIR = 0x3c
                0x0000003e                __P7SEL = 0x3e
                0x00000014                __P7REN = 0x14
                0x00000039                __P8IN = 0x39
                0x0000003b                __P8OUT = 0x3b
                0x0000003d                __P8DIR = 0x3d
                0x0000003f                __P8SEL = 0x3f
                0x00000015                __P8REN = 0x15
                0x00000038                __PAIN = 0x38
                0x0000003a                __PAOUT = 0x3a
                0x0000003c                __PADIR = 0x3c
                0x0000003e                __PASEL = 0x3e
                0x00000014                __PAREN = 0x14
                0x00000055                __SVSCTL = 0x55
                0x0000012e                __TAIV = 0x12e
                0x00000160                __TACTL = 0x160
                0x00000162                __TACCTL0 = 0x162
                0x00000164                __TACCTL1 = 0x164
                0x00000166                __TACCTL2 = 0x166
                0x00000170                __TAR = 0x170
                0x00000172                __TACCR0 = 0x172
                0x00000174                __TACCR1 = 0x174
                0x00000176                __TACCR2 = 0x176
                0x0000011e                __TBIV = 0x11e
                0x00000180                __TBCTL = 0x180
                0x00000182                __TBCCTL0 = 0x182
                0x00000184                __TBCCTL1 = 0x184
                0x00000186                __TBCCTL2 = 0x186
                0x00000188                __TBCCTL3 = 0x188
                0x0000018a                __TBCCTL4 = 0x18a
                0x0000018c                __TBCCTL5 = 0x18c
                0x0000018e                __TBCCTL6 = 0x18e
                0x00000190                __TBR = 0x190
                0x00000192                __TBCCR0 = 0x192
                0x00000194                __TBCCR1 = 0x194
                0x00000196                __TBCCR2 = 0x196
                0x00000198                __TBCCR3 = 0x198
                0x0000019a                __TBCCR4 = 0x19a
                0x0000019c                __TBCCR5 = 0x19c
                0x0000019e                __TBCCR6 = 0x19e
                0x00000060                __UCA0CTL0 = 0x60
                0x00000061                __UCA0CTL1 = 0x61
                0x00000062                __UCA0BR0 = 0x62
                0x00000063                __UCA0BR1 = 0x63
                0x00000064                __UCA0MCTL = 0x64
                0x00000065                __UCA0STAT = 0x65
                0x00000066                __UCA0RXBUF = 0x66
                0x00000067                __UCA0TXBUF = 0x67
                0x0000005d                __UCA0ABCTL = 0x5d
                0x0000005e                __UCA0IRTCTL = 0x5e
                0x0000005f                __UCA0IRRCTL = 0x5f
                0x00000068                __UCB0CTL0 = 0x68
                0x00000069                __UCB0CTL1 = 0x69
                0x0000006a                __UCB0BR0 = 0x6a
                0x0000006b                __UCB0BR1 = 0x6b
                0x0000006c                __UCB0I2CIE = 0x6c
                0x0000006d                __UCB0STAT = 0x6d
                0x0000006e                __UCB0RXBUF = 0x6e
                0x0000006f                __UCB0TXBUF = 0x6f
                0x00000118                __UCB0I2COA = 0x118
                0x0000011a                __UCB0I2CSA = 0x11a
                0x000000d0                __UCA1CTL0 = 0xd0
                0x000000d1                __UCA1CTL1 = 0xd1
                0x000000d2                __UCA1BR0 = 0xd2
                0x000000d3                __UCA1BR1 = 0xd3
                0x000000d4                __UCA1MCTL = 0xd4
                0x000000d5                __UCA1STAT = 0xd5
                0x000000d6                __UCA1RXBUF = 0xd6
                0x000000d7                __UCA1TXBUF = 0xd7
                0x000000cd                __UCA1ABCTL = 0xcd
                0x000000ce                __UCA1IRTCTL = 0xce
                0x000000cf                __UCA1IRRCTL = 0xcf
                0x000000d8                __UCB1CTL0 = 0xd8
                0x000000d9                __UCB1CTL1 = 0xd9
                0x000000da                __UCB1BR0 = 0xda
                0x000000db                __UCB1BR1 = 0xdb
                0x000000dc                __UCB1I2CIE = 0xdc
                0x000000dd                __UCB1STAT = 0xdd
                0x000000de                __UCB1RXBUF = 0xde
                0x000000df                __UCB1TXBUF = 0xdf
                0x0000017c                __UCB1I2COA = 0x17c
                0x0000017e                __UCB1I2CSA = 0x17e
                0x00000120                __WDTCTL = 0x120
                0x000010c0                __TLV_CHECKSUM = 0x10c0
                0x000010f6                __TLV_DCO_30_TAG = 0x10f6
                0x000010f7                __TLV_DCO_30_LEN = 0x10f7
                0x000010da                __TLV_ADC12_1_TAG = 0x10da
                0x000010db                __TLV_ADC12_1_LEN = 0x10db
                0x000010f8                __CALDCO_16MHZ = 0x10f8
                0x000010f9                __CALBC1_16MHZ = 0x10f9
                0x000010fa                __CALDCO_12MHZ = 0x10fa
                0x000010fb                __CALBC1_12MHZ = 0x10fb
                0x000010fc                __CALDCO_8MHZ = 0x10fc
                0x000010fd                __CALBC1_8MHZ = 0x10fd
                0x000010fe                __CALDCO_1MHZ = 0x10fe
                0x000010ff                __CALBC1_1MHZ = 0x10ff

.hash
 *(.hash)

.dynsym
 *(.dynsym)

.dynstr
 *(.dynstr)

.gnu.version
 *(.gnu.version)

.gnu.version_d
 *(.gnu.version_d)

.gnu.version_r
 *(.gnu.version_r)

.rel.init
 *(.rel.init)

.rela.init
 *(.rela.init)

.rel.fini
 *(.rel.fini)

.rela.fini
 *(.rela.fini)

.rel.text
 *(.rel.text .rel.text.* .rel.gnu.linkonce.t.*)

.rela.text
 *(.rela.text .rela.text.* .rela.gnu.linkonce.t.*)

.rel.rodata
 *(.rel.rodata .rel.rodata.* .rel.gnu.linkonce.r.*)

.rela.rodata
 *(.rela.rodata .rela.rodata.* .rela.gnu.linkonce.r.*)

.rel.data
 *(.rel.data .rel.data.* .rel.gnu.linkonce.d.*)

.rela.data
 *(.rela.data .rela.data.* .rela.gnu.linkonce.d.*)

.rel.bss
 *(.rel.bss .rel.bss.* .rel.gnu.linkonce.b.*)

.rela.bss
 *(.rela.bss .rela.bss.* .rela.gnu.linkonce.b.*)

.rel.ctors
 *(.rel.ctors)

.rela.ctors
 *(.rela.ctors)

.rel.dtors
 *(.rel.dtors)

.rela.dtors
 *(.rela.dtors)

.rel.got
 *(.rel.got)

.rela.got
 *(.rela.got)

.rel.plt
 *(.rel.plt)

.rela.plt
 *(.rela.plt)

.text           0x00003100     0xaae8
                0x00003100                . = ALIGN (0x2)
 *(.init .init.*)
 *(.init0)
 .init0         0x00003100        0x0 /usr/local/msp430/bin/../lib/gcc/msp430/4.7.0/mcpu-430x/mmpy-16/msr20/mc20/libcrt0.a(_reset_vector__.o)
                0x00003100                _reset_vector__
 *(.init1)
 .init1         0x00003100        0xc /usr/local/msp430/bin/../lib/gcc/msp430/4.7.0/mcpu-430x/mmpy-16/msr20/mc20/libcrt0.a(__watchdog_support.o)
                0x00003100                __watchdog_support
 *(.init2)
 .init2         0x0000310c        0x4 /usr/local/msp430/bin/../lib/gcc/msp430/4.7.0/mcpu-430x/mmpy-16/msr20/mc20/libcrt0.a(__init_stack.o)
                0x0000310c                __init_stack
 *(.init3)
 .init3         0x00003110        0x0 /usr/local/msp430/bin/../lib/gcc/msp430/4.7.0/mcpu-430x/mmpy-16/msr20/mc20/libcrt0.a(__low_level_init.o)
                0x00003110                __low_level_init
 *(.init4)
 .init4         0x00003110       0x18 /usr/local/msp430/bin/../lib/gcc/msp430/4.7.0/mcpu-430x/mmpy-16/msr20/mc20/libcrt0.a(_copy_data.o)
                0x00003110                __do_copy_data
 .init4         0x00003128       0x16 /usr/local/msp430/bin/../lib/gcc/msp430/4.7.0/mcpu-430x/mmpy-16/msr20/mc20/libcrt0.a(_clear_bss.o)
                0x00003128                __do_clear_bss
 *(.init5)
 *(.init6)
 *(.init7)
 *(.init8)
 *(.init9)
 .init9         0x0000313e      0x348 obj_z1/contiki-z1-main.o
                0x0000313e                main
 *(.fini9)
 .fini9         0x00003486        0x0 /usr/local/msp430/bin/../lib/gcc/msp430/4.7.0/mcpu-430x/mmpy-16/msr20/mc20/libcrt0.a(__stop_progExec__.o)
                0x00003486                __stop_progExec__
 *(.fini8)
 *(.fini7)
 *(.fini6)
 *(.fini5)
 *(.fini4)
 *(.fini3)
 *(.fini2)
 *(.fini1)
 *(.fini0)
 .fini0         0x00003486        0x6 /usr/local/msp430/bin/../lib/gcc/msp430/4.7.0/mcpu-430x/mmpy-16/msr20/mc20/libcrt0.a(_endless_loop__.o)
                0x00003486                _endless_loop__
 *(.fini .fini.*)
                0x0000348c                . = ALIGN (0x2)
                0x0000348c                __ctors_start = .
 *(.ctors)
                0x0000348c                __ctors_end = .
                0x0000348c                __dtors_start = .
 *(.dtors)
                0x0000348c                __dtors_end = .
                0x0000348c                . = ALIGN (0x2)
 *(.text .text.* .gnu.linkonce.t.*)
 .text          0x0000348c        0x4 /usr/local/msp430/bin/../lib/gcc/msp430/4.7.0/mcpu-430x/mmpy-16/msr20/mc20/crt0ivtbl32.o
                0x0000348c                __isr_14
                0x0000348c                __isr_4
                0x0000348c                __isr_29
                0x0000348c                __isr_11
                0x0000348c                __isr_5
                0x0000348c                __isr_2
                0x0000348c                __isr_10
                0x0000348c                __isr_7
                0x0000348c                __isr_0
                0x0000348c                __isr_28
                0x0000348c                __isr_8
                0x0000348c                __isr_20
                0x0000348c                __isr_3
                0x0000348c                __isr_12
                0x0000348c                __isr_13
                0x0000348c                __isr_27
                0x0000348c                __isr_9
                0x0000348c                __isr_30
                0x0000348c                __isr_6
                0x0000348c                __isr_22
                0x0000348c                __isr_1
                0x0000348c                __isr_15
                0x0000348c                __isr_21
 .text.libgcc   0x00003490       0x26 /usr/local/msp430/bin/../lib/gcc/msp430/4.7.0/mcpu-430x/mmpy-16/msr20/mc20/libgcc.a(_mulsi3.o)
                0x00003490                __mulsi3
 .text.libgcc   0x000034b6       0x20 /usr/local/msp430/bin/../lib/gcc/msp430/4.7.0/mcpu-430x/mmpy-16/msr20/mc20/libgcc.a(_udivmod8.o)
                0x000034b6                __ext_udivmod8
                0x000034b6                __udivqi3
                0x000034ce                __umodqi3
 .text.libgcc   0x000034d6       0x22 /usr/local/msp430/bin/../lib/gcc/msp430/4.7.0/mcpu-430x/mmpy-16/msr20/mc20/libgcc.a(_udivmod16.o)
                0x000034d6                __udivhi3
                0x000034d6                __ext_udivmod16
                0x000034f0                __umodhi3
 .text.libgcc   0x000034f8       0x3a /usr/local/msp430/bin/../lib/gcc/msp430/4.7.0/mcpu-430x/mmpy-16/msr20/mc20/libgcc.a(_divmod16.o)
                0x000034f8                __ext_divmod16
                0x000034f8                __divhi3
                0x0000352a                __modhi3
 .text.libgcc   0x00003532       0x38 /usr/local/msp430/bin/../lib/gcc/msp430/4.7.0/mcpu-430x/mmpy-16/msr20/mc20/libgcc.a(_udivmod32.o)
                0x00003532                __udivsi3
                0x00003532                __ext_udivmod32
                0x00003560                __umodsi3
 .text.libgcc   0x0000356a       0x4c /usr/local/msp430/bin/../lib/gcc/msp430/4.7.0/mcpu-430x/mmpy-16/msr20/mc20/libgcc.a(_divmod32.o)
                0x0000356a                __ext_divmod32
                0x0000356a                __divsi3
                0x000035ac                __modsi3
 .text.libgcc   0x000035b6       0xbc /usr/local/msp430/bin/../lib/gcc/msp430/4.7.0/mcpu-430x/mmpy-16/msr20/mc20/libgcc.a(_udivmod64.o)
                0x000035b6                __xabi_udivmod64
                0x00003608                __udivdi3
                0x00003622                __umoddi3
                0x00003644                __udivmoddi4
 .text.printf   0x00003672       0x10 /usr/local/msp430/bin/../lib/gcc/msp430/4.7.0/../../../../msp430/lib/mcpu-430x/mmpy-16/msr20/mc20/libc.a(printf.o)
                0x00003672                printf
 .text.print_field
                0x00003682      0x176 /usr/local/msp430/bin/../lib/gcc/msp430/4.7.0/../../../../msp430/lib/mcpu-430x/mmpy-16/msr20/mc20/libc.a(vuprintf.o)
 .text.vuprintf
                0x000037f8      0x74c /usr/local/msp430/bin/../lib/gcc/msp430/4.7.0/../../../../msp430/lib/mcpu-430x/mmpy-16/msr20/mc20/libc.a(vuprintf.o)
                0x000037f8                vuprintf
 .text.puts     0x00003f44       0x2c /usr/local/msp430/bin/../lib/gcc/msp430/4.7.0/../../../../msp430/lib/mcpu-430x/mmpy-16/msr20/mc20/libc.a(puts.o)
                0x00003f44                puts
 .text.rand     0x00003f70       0x26 /usr/local/msp430/bin/../lib/gcc/msp430/4.7.0/../../../../msp430/lib/mcpu-430x/mmpy-16/msr20/mc20/libc.a(rand.o)
                0x00003f70                rand
 .text.srand    0x00003f96        0xa /usr/local/msp430/bin/../lib/gcc/msp430/4.7.0/../../../../msp430/lib/mcpu-430x/mmpy-16/msr20/mc20/libc.a(rand.o)
                0x00003f96                srand
 .text.memcmp   0x00003fa0       0x2c /usr/local/msp430/bin/../lib/gcc/msp430/4.7.0/../../../../msp430/lib/mcpu-430x/mmpy-16/msr20/mc20/libc.a(memcmp.o)
                0x00003fa0                memcmp
 .text.memcpy   0x00003fcc       0xe8 /usr/local/msp430/bin/../lib/gcc/msp430/4.7.0/../../../../msp430/lib/mcpu-430x/mmpy-16/msr20/mc20/libc.a(memcpy.o)
                0x00003fcc                memcpy
 .text.memmove  0x000040b4       0xe8 /usr/local/msp430/bin/../lib/gcc/msp430/4.7.0/../../../../msp430/lib/mcpu-430x/mmpy-16/msr20/mc20/libc.a(memmove.o)
                0x000040b4                memmove
 .text.memset   0x0000419c       0x5c /usr/local/msp430/bin/../lib/gcc/msp430/4.7.0/../../../../msp430/lib/mcpu-430x/mmpy-16/msr20/mc20/libc.a(memset.o)
                0x0000419c                memset
 .text.crt0     0x000041f8        0x2 /usr/local/msp430/bin/../lib/gcc/msp430/4.7.0/mcpu-430x/mmpy-16/msr20/mc20/libcrt0.a(_unexpected_.o)
                0x000041f8                _unexpected_
 *(.near.text .near.text.*)
 .near.text.watchdog_interrupt
                0x000041fa        0x6 contiki-z1.a(watchdog.o)
                0x000041fa                __isr_26
                0x000041fa                watchdog_interrupt
 .near.text.uart0_rx_interrupt
                0x00004200       0x64 contiki-z1.a(uart0.o)
                0x00004200                __isr_23
                0x00004200                uart0_rx_interrupt
 .near.text.port1_isr
                0x00004264       0xbe contiki-z1.a(adxl345.o)
                0x00004264                port1_isr
                0x00004264                __isr_18
 .near.text.timera1
                0x00004322      0x10a contiki-z1.a(clock.o)
                0x00004322                __isr_24
                0x00004322                timera1
 .near.text.timera0
                0x0000442c       0x5c contiki-z1.a(rtimer-arch.o)
                0x0000442c                __isr_25
                0x0000442c                timera0
 .near.text.i2c_tx_interrupt
                0x00004488       0x84 contiki-z1.a(i2cmaster.o)
                0x00004488                __isr_16
                0x00004488                i2c_tx_interrupt
 .near.text.i2c_rx_interrupt
                0x0000450c       0x14 contiki-z1.a(i2cmaster.o)
                0x0000450c                i2c_rx_interrupt
                0x0000450c                __isr_17
 .near.text.irq_p2
                0x00004520       0x76 contiki-z1.a(button-sensor.o)
                0x00004520                irq_p2
                0x00004520                __isr_19
 .any.text.process_thread_mcast_sink_process
                0x00004596      0x248 sink.co
 .any.text.process_thread_my_tsch_process
                0x000047de      0x204 sink.co
 .any.text.get_object
                0x000049e2        0x4 obj_z1/cc2420.o
 .any.text.set_object
                0x000049e6        0x4 obj_z1/cc2420.o
 .any.text.strobe
                0x000049ea       0x1a obj_z1/cc2420.o
 .any.text.getreg
                0x00004a04       0x46 obj_z1/cc2420.o
 .any.text.setreg
                0x00004a4a       0x44 obj_z1/cc2420.o
 .any.text.write_ram
                0x00004a8e       0x72 obj_z1/cc2420.o
 .any.text.write_fifo_buf
                0x00004b00       0x38 obj_z1/cc2420.o
 .any.text.get_status
                0x00004b38       0x1e obj_z1/cc2420.o
 .any.text.set_txpower
                0x00004b56       0x24 obj_z1/cc2420.o
 .any.text.cc2420_receiving_packet
                0x00004b7a        0xa obj_z1/cc2420.o
 .any.text.pending_packet
                0x00004b84        0xa obj_z1/cc2420.o
 .any.text.on   0x00004b8e       0x26 obj_z1/cc2420.o
 .any.text.wait_for_transmission
                0x00004bb4       0x22 obj_z1/cc2420.o
 .any.text.wait_for_status
                0x00004bd6       0x24 obj_z1/cc2420.o
 .any.text.getrxdata
                0x00004bfa       0x4c obj_z1/cc2420.o
 .any.text.flushrx
                0x00004c46       0x1a obj_z1/cc2420.o
 .any.text.off  0x00004c60       0x5a obj_z1/cc2420.o
 .any.text.RELEASE_LOCK
                0x00004cba       0x28 obj_z1/cc2420.o
 .any.text.set_frame_filtering
                0x00004ce2       0x30 obj_z1/cc2420.o
 .any.text.set_auto_ack
                0x00004d12       0x30 obj_z1/cc2420.o
 .any.text.set_poll_mode
                0x00004d42       0x2c obj_z1/cc2420.o
 .any.text.cc2420_prepare
                0x00004d6e       0x38 obj_z1/cc2420.o
 .any.text.cc2420_on
                0x00004da6       0x22 obj_z1/cc2420.o
                0x00004da6                cc2420_on
 .any.text.cc2420_off
                0x00004dc8       0x30 obj_z1/cc2420.o
                0x00004dc8                cc2420_off
 .any.text.cc2420_cca
                0x00004df8       0x54 obj_z1/cc2420.o
 .any.text.cc2420_read
                0x00004e4c       0xb8 obj_z1/cc2420.o
 .any.text.process_thread_cc2420_process
                0x00004f04       0x5c obj_z1/cc2420.o
 .any.text.cc2420_set_channel
                0x00004f60       0x3a obj_z1/cc2420.o
                0x00004f60                cc2420_set_channel
 .any.text.cc2420_set_pan_addr
                0x00004f9a       0x4c obj_z1/cc2420.o
                0x00004f9a                cc2420_set_pan_addr
 .any.text.cc2420_interrupt
                0x00004fe6       0x16 obj_z1/cc2420.o
                0x00004fe6                cc2420_interrupt
 .any.text.cc2420_set_txpower
                0x00004ffc        0xe obj_z1/cc2420.o
                0x00004ffc                cc2420_set_txpower
 .any.text.cc2420_get_txpower
                0x0000500a       0x1e obj_z1/cc2420.o
                0x0000500a                cc2420_get_txpower
 .any.text.cc2420_transmit
                0x00005028      0x10e obj_z1/cc2420.o
 .any.text.cc2420_send
                0x00005136       0x12 obj_z1/cc2420.o
 .any.text.cc2420_rssi
                0x00005148       0x48 obj_z1/cc2420.o
                0x00005148                cc2420_rssi
 .any.text.get_value
                0x00005190      0x104 obj_z1/cc2420.o
 .any.text.cc2420_set_cca_threshold
                0x00005294       0x16 obj_z1/cc2420.o
                0x00005294                cc2420_set_cca_threshold
 .any.text.set_value
                0x000052aa       0xb2 obj_z1/cc2420.o
 .any.text.cc2420_init
                0x0000535c       0xea obj_z1/cc2420.o
                0x0000535c                cc2420_init
 .any.text.init_platform
                0x00005446        0xc contiki-z1.a(contiki-z1-plat)
                0x00005446                init_platform
 .any.text.msp430_init_dco
                0x00005452       0x28 contiki-z1.a(msp430.o)
                0x00005452                msp430_init_dco
 .any.text.splhigh_
                0x0000547a        0x8 contiki-z1.a(msp430.o)
                0x0000547a                splhigh_
 .any.text.msp430_sync_dco
                0x00005482       0x6e contiki-z1.a(msp430.o)
                0x00005482                msp430_sync_dco
 .any.text.msp430_cpu_init
                0x000054f0       0x2e contiki-z1.a(msp430.o)
                0x000054f0                msp430_cpu_init
 .any.text.show_leds
                0x0000551e       0xe8 contiki-z1.a(leds.o)
 .any.text.leds_init
                0x00005606        0xa contiki-z1.a(leds.o)
                0x00005606                leds_init
 .any.text.leds_on
                0x00005610        0xa contiki-z1.a(leds.o)
                0x00005610                leds_on
 .any.text.leds_off
                0x0000561a        0xe contiki-z1.a(leds.o)
                0x0000561a                leds_off
 .any.text.watchdog_start
                0x00005628       0x14 contiki-z1.a(watchdog.o)
                0x00005628                watchdog_start
 .any.text.watchdog_periodic
                0x0000563c       0x12 contiki-z1.a(watchdog.o)
                0x0000563c                watchdog_periodic
 .any.text.watchdog_stop
                0x0000564e       0x16 contiki-z1.a(watchdog.o)
                0x0000564e                watchdog_stop
 .any.text.watchdog_init
                0x00005664       0x12 contiki-z1.a(watchdog.o)
                0x00005664                watchdog_init
 .any.text.wait_ready
                0x00005676       0x46 contiki-z1.a(xmem.o)
 .any.text.xmem_init
                0x000056bc       0x1e contiki-z1.a(xmem.o)
                0x000056bc                xmem_init
 .any.text.xmem_pread
                0x000056da       0xc2 contiki-z1.a(xmem.o)
                0x000056da                xmem_pread
 .any.text.spi_init
                0x0000579c       0x32 contiki-z1.a(spi.o)
                0x0000579c                spi_init
 .any.text.cc2420_arch_init
                0x000057ce       0x1a contiki-z1.a(cc2420-arch.o)
                0x000057ce                cc2420_arch_init
 .any.text.node_id_restore
                0x000057e8       0x4c contiki-z1.a(node-id.o)
                0x000057e8                node_id_restore
 .any.text.process_thread_sensors_process
                0x00005834       0xc2 contiki-z1.a(sensors.o)
 .any.text.sensors_changed
                0x000058f6       0x2a contiki-z1.a(sensors.o)
                0x000058f6                sensors_changed
 .any.text.uart0_active
                0x00005920        0xe contiki-z1.a(uart0.o)
                0x00005920                uart0_active
 .any.text.uart0_writeb
                0x0000592e       0x16 contiki-z1.a(uart0.o)
                0x0000592e                uart0_writeb
 .any.text.uart0_init
                0x00005944       0x4e contiki-z1.a(uart0.o)
                0x00005944                uart0_init
 .any.text.putchar
                0x00005992       0x10 contiki-z1.a(uart0-putchar.o)
                0x00005992                putchar
 .any.text.status
                0x000059a2       0x12 contiki-z1.a(adxl345.o)
 .any.text.accm_write_reg
                0x000059b4       0x2e contiki-z1.a(adxl345.o)
 .any.text.accm_write_stream
                0x000059e2       0x2a contiki-z1.a(adxl345.o)
 .any.text.accm_read_reg
                0x00005a0c       0x54 contiki-z1.a(adxl345.o)
 .any.text.process_thread_accmeter_process
                0x00005a60       0x56 contiki-z1.a(adxl345.o)
 .any.text.accm_read_axis.part.0
                0x00005ab6       0x5a contiki-z1.a(adxl345.o)
 .any.text.value
                0x00005b10       0x1e contiki-z1.a(adxl345.o)
 .any.text.accm_init
                0x00005b2e       0x78 contiki-z1.a(adxl345.o)
                0x00005b2e                accm_init
 .any.text.accm_stop
                0x00005ba6       0x32 contiki-z1.a(adxl345.o)
                0x00005ba6                accm_stop
 .any.text.configure
                0x00005bd8       0x26 contiki-z1.a(adxl345.o)
 .any.text.status
                0x00005bfe       0x12 contiki-z1.a(tmp102.o)
 .any.text.tmp102_init
                0x00005c10       0x24 contiki-z1.a(tmp102.o)
                0x00005c10                tmp102_init
 .any.text.tmp102_stop
                0x00005c34        0xa contiki-z1.a(tmp102.o)
                0x00005c34                tmp102_stop
 .any.text.configure
                0x00005c3e       0x26 contiki-z1.a(tmp102.o)
 .any.text.tmp102_read_reg
                0x00005c64       0x5e contiki-z1.a(tmp102.o)
                0x00005c64                tmp102_read_reg
 .any.text.tmp102_read_temp_x100
                0x00005cc2       0x58 contiki-z1.a(tmp102.o)
                0x00005cc2                tmp102_read_temp_x100
 .any.text.value
                0x00005d1a        0x6 contiki-z1.a(tmp102.o)
 .any.text.clock_time
                0x00005d20       0x1a contiki-z1.a(clock.o)
                0x00005d20                clock_time
 .any.text.clock_init
                0x00005d3a       0x28 contiki-z1.a(clock.o)
                0x00005d3a                clock_init
 .any.text.clock_delay
                0x00005d62        0xc contiki-z1.a(clock.o)
                0x00005d62                clock_delay
 .any.text.clock_wait
                0x00005d6e       0x24 contiki-z1.a(clock.o)
                0x00005d6e                clock_wait
 .any.text.clock_seconds
                0x00005d92       0x1a contiki-z1.a(clock.o)
                0x00005d92                clock_seconds
 .any.text.leds_arch_init
                0x00005dac        0xe contiki-z1.a(leds-arch.o)
                0x00005dac                leds_arch_init
 .any.text.leds_arch_set
                0x00005dba       0x38 contiki-z1.a(leds-arch.o)
                0x00005dba                leds_arch_set
 .any.text.rtimer_arch_init
                0x00005df2        0xe contiki-z1.a(rtimer-arch.o)
                0x00005df2                rtimer_arch_init
 .any.text.rtimer_arch_now
                0x00005e00        0xe contiki-z1.a(rtimer-arch.o)
                0x00005e00                rtimer_arch_now
 .any.text.rtimer_arch_schedule
                0x00005e0e        0x6 contiki-z1.a(rtimer-arch.o)
                0x00005e0e                rtimer_arch_schedule
 .any.text.tsch_set_pan_secured
                0x00005e14        0x6 contiki-z1.a(tsch.o)
                0x00005e14                tsch_set_pan_secured
 .any.text.mcast_fwd_down
                0x00005e1a       0x3e contiki-z1.a(bmrf.o)
 .any.text.mcast_fwd_down_delayed
                0x00005e58       0x24 contiki-z1.a(bmrf.o)
 .any.text.out  0x00005e7c       0x72 contiki-z1.a(bmrf.o)
 .any.text.init
                0x00005eee        0x6 contiki-z1.a(bmrf.o)
 .any.text.uip_ds6_route_lookup_from_nbr_ip
                0x00005ef4       0x46 contiki-z1.a(bmrf.o)
                0x00005ef4                uip_ds6_route_lookup_from_nbr_ip
 .any.text.in   0x00005f3a      0x2ea contiki-z1.a(bmrf.o)
 .any.text.uip_mcast6_route_lookup
                0x00006224       0x3c contiki-z1.a(uip-mcast6-rout)
                0x00006224                uip_mcast6_route_lookup
 .any.text.uip_mcast6_route_add
                0x00006260       0x8a contiki-z1.a(uip-mcast6-rout)
                0x00006260                uip_mcast6_route_add
 .any.text.uip_mcast6_route_rm
                0x000062ea       0x3c contiki-z1.a(uip-mcast6-rout)
                0x000062ea                uip_mcast6_route_rm
 .any.text.uip_mcast6_route_list_head
                0x00006326        0xa contiki-z1.a(uip-mcast6-rout)
                0x00006326                uip_mcast6_route_list_head
 .any.text.uip_mcast6_route_init
                0x00006330       0x12 contiki-z1.a(uip-mcast6-rout)
                0x00006330                uip_mcast6_route_init
 .any.text.autostart_start
                0x00006342       0x16 contiki-z1.a(autostart.o)
                0x00006342                autostart_start
 .any.text.process_thread_ctimer_process
                0x00006358       0xa0 contiki-z1.a(ctimer.o)
 .any.text.ctimer_init
                0x000063f8       0x18 contiki-z1.a(ctimer.o)
                0x000063f8                ctimer_init
 .any.text.ctimer_set_with_process
                0x00006410       0x4a contiki-z1.a(ctimer.o)
                0x00006410                ctimer_set_with_process
 .any.text.ctimer_set
                0x0000645a       0x10 contiki-z1.a(ctimer.o)
                0x0000645a                ctimer_set
 .any.text.ctimer_reset
                0x0000646a       0x2c contiki-z1.a(ctimer.o)
                0x0000646a                ctimer_reset
 .any.text.ctimer_restart
                0x00006496       0x2c contiki-z1.a(ctimer.o)
                0x00006496                ctimer_restart
 .any.text.ctimer_stop
                0x000064c2       0x28 contiki-z1.a(ctimer.o)
                0x000064c2                ctimer_stop
 .any.text.energest_init
                0x000064ea       0x24 contiki-z1.a(energest.o)
                0x000064ea                energest_init
 .any.text.energest_type_time
                0x0000650e       0x3c contiki-z1.a(energest.o)
                0x0000650e                energest_type_time
 .any.text.energest_type_set
                0x0000654a        0xc contiki-z1.a(energest.o)
                0x0000654a                energest_type_set
 .any.text.energest_flush
                0x00006556       0x38 contiki-z1.a(energest.o)
                0x00006556                energest_flush
 .any.text.update_time
                0x0000658e       0x70 contiki-z1.a(etimer.o)
 .any.text.etimer_request_poll
                0x000065fe        0xa contiki-z1.a(etimer.o)
                0x000065fe                etimer_request_poll
 .any.text.process_thread_etimer_process
                0x00006608       0xc4 contiki-z1.a(etimer.o)
 .any.text.add_timer
                0x000066cc       0x40 contiki-z1.a(etimer.o)
 .any.text.etimer_set
                0x0000670c       0x12 contiki-z1.a(etimer.o)
                0x0000670c                etimer_set
 .any.text.etimer_reset
                0x0000671e       0x12 contiki-z1.a(etimer.o)
                0x0000671e                etimer_reset
 .any.text.etimer_restart
                0x00006730       0x12 contiki-z1.a(etimer.o)
                0x00006730                etimer_restart
 .any.text.etimer_expired
                0x00006742        0xe contiki-z1.a(etimer.o)
                0x00006742                etimer_expired
 .any.text.etimer_expiration_time
                0x00006750       0x14 contiki-z1.a(etimer.o)
                0x00006750                etimer_expiration_time
 .any.text.etimer_pending
                0x00006764        0xc contiki-z1.a(etimer.o)
                0x00006764                etimer_pending
 .any.text.etimer_next_expiration_time
                0x00006770       0x16 contiki-z1.a(etimer.o)
                0x00006770                etimer_next_expiration_time
 .any.text.etimer_stop
                0x00006786       0x3e contiki-z1.a(etimer.o)
                0x00006786                etimer_stop
 .any.text.call_process
                0x000067c4       0x40 contiki-z1.a(process.o)
 .any.text.exit_process
                0x00006804       0x88 contiki-z1.a(process.o)
 .any.text.do_poll
                0x0000688c       0x30 contiki-z1.a(process.o)
 .any.text.process_alloc_event
                0x000068bc        0xe contiki-z1.a(process.o)
                0x000068bc                process_alloc_event
 .any.text.process_init
                0x000068ca       0x1c contiki-z1.a(process.o)
                0x000068ca                process_init
 .any.text.process_run
                0x000068e6       0x8c contiki-z1.a(process.o)
                0x000068e6                process_run
 .any.text.process_nevents
                0x00006972        0xe contiki-z1.a(process.o)
                0x00006972                process_nevents
 .any.text.process_post
                0x00006980       0x4a contiki-z1.a(process.o)
                0x00006980                process_post
 .any.text.process_post_synch
                0x000069ca       0x12 contiki-z1.a(process.o)
                0x000069ca                process_post_synch
 .any.text.process_start
                0x000069dc       0x36 contiki-z1.a(process.o)
                0x000069dc                process_start
 .any.text.process_poll
                0x00006a12       0x18 contiki-z1.a(process.o)
                0x00006a12                process_poll
 .any.text.rtimer_init
                0x00006a2a        0x6 contiki-z1.a(rtimer.o)
                0x00006a2a                rtimer_init
 .any.text.rtimer_set
                0x00006a30       0x24 contiki-z1.a(rtimer.o)
                0x00006a30                rtimer_set
 .any.text.rtimer_run_next
                0x00006a54       0x26 contiki-z1.a(rtimer.o)
                0x00006a54                rtimer_run_next
 .any.text.timer_set
                0x00006a7a       0x1c contiki-z1.a(timer.o)
                0x00006a7a                timer_set
 .any.text.timer_reset
                0x00006a96        0xe contiki-z1.a(timer.o)
                0x00006a96                timer_reset
 .any.text.timer_restart
                0x00006aa4       0x14 contiki-z1.a(timer.o)
                0x00006aa4                timer_restart
 .any.text.timer_expired
                0x00006ab8       0x2a contiki-z1.a(timer.o)
                0x00006ab8                timer_expired
 .any.text.list_init
                0x00006ae2        0x6 contiki-z1.a(list.o)
                0x00006ae2                list_init
 .any.text.list_head
                0x00006ae8        0x4 contiki-z1.a(list.o)
                0x00006ae8                list_head
 .any.text.list_tail
                0x00006aec       0x12 contiki-z1.a(list.o)
                0x00006aec                list_tail
 .any.text.list_remove
                0x00006afe       0x34 contiki-z1.a(list.o)
                0x00006afe                list_remove
 .any.text.list_push
                0x00006b32       0x16 contiki-z1.a(list.o)
                0x00006b32                list_push
 .any.text.list_add
                0x00006b48       0x26 contiki-z1.a(list.o)
                0x00006b48                list_add
 .any.text.list_length
                0x00006b6e       0x10 contiki-z1.a(list.o)
                0x00006b6e                list_length
 .any.text.list_item_next
                0x00006b7e        0xc contiki-z1.a(list.o)
                0x00006b7e                list_item_next
 .any.text.memb_init
                0x00006b8a       0x36 contiki-z1.a(memb.o)
                0x00006b8a                memb_init
 .any.text.memb_alloc
                0x00006bc0       0x3e contiki-z1.a(memb.o)
                0x00006bc0                memb_alloc
 .any.text.memb_free
                0x00006bfe       0x3a contiki-z1.a(memb.o)
                0x00006bfe                memb_free
 .any.text.memb_inmemb
                0x00006c38       0x2a contiki-z1.a(memb.o)
                0x00006c38                memb_inmemb
 .any.text.memb_numfree
                0x00006c62       0x26 contiki-z1.a(memb.o)
                0x00006c62                memb_numfree
 .any.text.random_init
                0x00006c88        0x6 contiki-z1.a(random.o)
                0x00006c88                random_init
 .any.text.random_rand
                0x00006c8e        0x6 contiki-z1.a(random.o)
                0x00006c8e                random_rand
 .any.text.clear_fragments
                0x00006c94       0x38 contiki-z1.a(sicslowpan.o)
 .any.text.set_packet_attrs
                0x00006ccc       0x46 contiki-z1.a(sicslowpan.o)
 .any.text.addr_context_lookup_by_number
                0x00006d12       0x30 contiki-z1.a(sicslowpan.o)
 .any.text.compress_addr_64
                0x00006d42       0x9a contiki-z1.a(sicslowpan.o)
 .any.text.store_fragment
                0x00006ddc       0x6e contiki-z1.a(sicslowpan.o)
 .any.text.uncompress_addr
                0x00006e4a       0x96 contiki-z1.a(sicslowpan.o)
 .any.text.sicslowpan_init
                0x00006ee0       0x24 contiki-z1.a(sicslowpan.o)
                0x00006ee0                sicslowpan_init
 .any.text.addr_context_lookup_by_prefix
                0x00006f04       0x4a contiki-z1.a(sicslowpan.o)
 .any.text.packet_sent
                0x00006f4e       0x22 contiki-z1.a(sicslowpan.o)
 .any.text.add_fragment
                0x00006f70      0x160 contiki-z1.a(sicslowpan.o)
 .any.text.input
                0x000070d0      0x60e contiki-z1.a(sicslowpan.o)
 .any.text.send_packet
                0x000076de       0x1a contiki-z1.a(sicslowpan.o)
 .any.text.output
                0x000076f8      0x67c contiki-z1.a(sicslowpan.o)
 .any.text.chksum
                0x00007d74       0x32 contiki-z1.a(uip6.o)
 .any.text.upper_layer_chksum
                0x00007da6       0x56 contiki-z1.a(uip6.o)
 .any.text.ext_hdr_options_process
                0x00007dfc       0xc2 contiki-z1.a(uip6.o)
 .any.text.uip_icmp6chksum
                0x00007ebe        0xa contiki-z1.a(uip6.o)
                0x00007ebe                uip_icmp6chksum
 .any.text.uip_udpchksum
                0x00007ec8        0xa contiki-z1.a(uip6.o)
                0x00007ec8                uip_udpchksum
 .any.text.uip_init
                0x00007ed2       0x2a contiki-z1.a(uip6.o)
                0x00007ed2                uip_init
 .any.text.remove_ext_hdr
                0x00007efc       0x50 contiki-z1.a(uip6.o)
                0x00007efc                remove_ext_hdr
 .any.text.uip_udp_new
                0x00007f4c       0xa2 contiki-z1.a(uip6.o)
                0x00007f4c                uip_udp_new
 .any.text.uip_process
                0x00007fee      0x4ae contiki-z1.a(uip6.o)
                0x00007fee                uip_process
 .any.text.uip_htonl
                0x0000849c       0x2a contiki-z1.a(uip6.o)
                0x0000849c                uip_htonl
 .any.text.uip_ds6_list_loop
                0x000084c6       0x66 contiki-z1.a(uip-ds6.o)
                0x000084c6                uip_ds6_list_loop
 .any.text.uip_ds6_prefix_add
                0x0000852c       0x70 contiki-z1.a(uip-ds6.o)
                0x0000852c                uip_ds6_prefix_add
 .any.text.uip_ds6_is_addr_onlink
                0x0000859c       0x42 contiki-z1.a(uip-ds6.o)
                0x0000859c                uip_ds6_is_addr_onlink
 .any.text.uip_ds6_addr_lookup
                0x000085de       0x2a contiki-z1.a(uip-ds6.o)
                0x000085de                uip_ds6_addr_lookup
 .any.text.uip_ds6_get_link_local
                0x00008608       0x3e contiki-z1.a(uip-ds6.o)
                0x00008608                uip_ds6_get_link_local
 .any.text.uip_ds6_get_global
                0x00008646       0x3e contiki-z1.a(uip-ds6.o)
                0x00008646                uip_ds6_get_global
 .any.text.uip_ds6_maddr_add
                0x00008684       0x48 contiki-z1.a(uip-ds6.o)
                0x00008684                uip_ds6_maddr_add
 .any.text.uip_ds6_addr_add
                0x000086cc       0xb4 contiki-z1.a(uip-ds6.o)
                0x000086cc                uip_ds6_addr_add
 .any.text.uip_ds6_maddr_rm
                0x00008780        0xa contiki-z1.a(uip-ds6.o)
                0x00008780                uip_ds6_maddr_rm
 .any.text.uip_ds6_maddr_lookup
                0x0000878a       0x2a contiki-z1.a(uip-ds6.o)
                0x0000878a                uip_ds6_maddr_lookup
 .any.text.uip_ds6_addr_rm
                0x000087b4       0x54 contiki-z1.a(uip-ds6.o)
                0x000087b4                uip_ds6_addr_rm
 .any.text.uip_ds6_periodic
                0x00008808       0x46 contiki-z1.a(uip-ds6.o)
                0x00008808                uip_ds6_periodic
 .any.text.uip_ds6_set_addr_iid
                0x0000884e       0x14 contiki-z1.a(uip-ds6.o)
                0x0000884e                uip_ds6_set_addr_iid
 .any.text.get_match_length
                0x00008862       0x3c contiki-z1.a(uip-ds6.o)
                0x00008862                get_match_length
 .any.text.uip_ds6_select_src
                0x0000889e       0xb6 contiki-z1.a(uip-ds6.o)
                0x0000889e                uip_ds6_select_src
 .any.text.uip_ds6_compute_reachable_time
                0x00008954       0x36 contiki-z1.a(uip-ds6.o)
                0x00008954                uip_ds6_compute_reachable_time
 .any.text.uip_ds6_init
                0x0000898a      0x138 contiki-z1.a(uip-ds6.o)
                0x0000898a                uip_ds6_init
 .any.text.uip_ds6_nbr_rm
                0x00008ac2       0x1e contiki-z1.a(uip-ds6-nbr.o)
                0x00008ac2                uip_ds6_nbr_rm
 .any.text.uip_ds6_neighbors_init
                0x00008ae0       0x12 contiki-z1.a(uip-ds6-nbr.o)
                0x00008ae0                uip_ds6_neighbors_init
 .any.text.uip_ds6_nbr_add
                0x00008af2       0x36 contiki-z1.a(uip-ds6-nbr.o)
                0x00008af2                uip_ds6_nbr_add
 .any.text.uip_ds6_nbr_get_ll
                0x00008b28        0xc contiki-z1.a(uip-ds6-nbr.o)
                0x00008b28                uip_ds6_nbr_get_ll
 .any.text.uip_ds6_nbr_lookup
                0x00008b34       0x3e contiki-z1.a(uip-ds6-nbr.o)
                0x00008b34                uip_ds6_nbr_lookup
 .any.text.uip_ds6_nbr_ll_lookup
                0x00008b72        0xc contiki-z1.a(uip-ds6-nbr.o)
                0x00008b72                uip_ds6_nbr_ll_lookup
 .any.text.uip_ds6_nbr_ipaddr_from_lladdr
                0x00008b7e        0x6 contiki-z1.a(uip-ds6-nbr.o)
                0x00008b7e                uip_ds6_nbr_ipaddr_from_lladdr
 .any.text.uip_ds6_nbr_lladdr_from_ipaddr
                0x00008b84       0x12 contiki-z1.a(uip-ds6-nbr.o)
                0x00008b84                uip_ds6_nbr_lladdr_from_ipaddr
 .any.text.uip_ds6_link_neighbor_callback
                0x00008b96       0x32 contiki-z1.a(uip-ds6-nbr.o)
                0x00008b96                uip_ds6_link_neighbor_callback
 .any.text.call_route_callback
                0x00008bc8       0x40 contiki-z1.a(uip-ds6-route.o)
 .any.text.uip_ds6_route_init
                0x00008c08       0x36 contiki-z1.a(uip-ds6-route.o)
                0x00008c08                uip_ds6_route_init
 .any.text.uip_ds6_route_nexthop
                0x00008c3e       0x1a contiki-z1.a(uip-ds6-route.o)
                0x00008c3e                uip_ds6_route_nexthop
 .any.text.uip_ds6_route_head
                0x00008c58        0xa contiki-z1.a(uip-ds6-route.o)
                0x00008c58                uip_ds6_route_head
 .any.text.uip_ds6_route_next
                0x00008c62        0xe contiki-z1.a(uip-ds6-route.o)
                0x00008c62                uip_ds6_route_next
 .any.text.uip_ds6_route_is_nexthop
                0x00008c70       0x22 contiki-z1.a(uip-ds6-route.o)
                0x00008c70                uip_ds6_route_is_nexthop
 .any.text.uip_ds6_route_num_routes
                0x00008c92        0x6 contiki-z1.a(uip-ds6-route.o)
                0x00008c92                uip_ds6_route_num_routes
 .any.text.uip_ds6_route_lookup
                0x00008c98       0x6e contiki-z1.a(uip-ds6-route.o)
                0x00008c98                uip_ds6_route_lookup
 .any.text.uip_ds6_route_rm
                0x00008d06       0xa2 contiki-z1.a(uip-ds6-route.o)
                0x00008d06                uip_ds6_route_rm
 .any.text.rm_routelist
                0x00008da8       0x34 contiki-z1.a(uip-ds6-route.o)
 .any.text.rm_routelist_callback
                0x00008ddc        0x6 contiki-z1.a(uip-ds6-route.o)
 .any.text.uip_ds6_route_add
                0x00008de2       0xfc contiki-z1.a(uip-ds6-route.o)
                0x00008de2                uip_ds6_route_add
 .any.text.uip_ds6_defrt_rm
                0x00008ede       0x44 contiki-z1.a(uip-ds6-route.o)
                0x00008ede                uip_ds6_defrt_rm
 .any.text.uip_ds6_defrt_lookup
                0x00008f22       0x32 contiki-z1.a(uip-ds6-route.o)
                0x00008f22                uip_ds6_defrt_lookup
 .any.text.uip_ds6_defrt_add
                0x00008f54       0x68 contiki-z1.a(uip-ds6-route.o)
                0x00008f54                uip_ds6_defrt_add
 .any.text.uip_ds6_defrt_choose
                0x00008fbc       0x36 contiki-z1.a(uip-ds6-route.o)
                0x00008fbc                uip_ds6_defrt_choose
 .any.text.uip_ds6_defrt_periodic
                0x00008ff2       0x38 contiki-z1.a(uip-ds6-route.o)
                0x00008ff2                uip_ds6_defrt_periodic
 .any.text.echo_reply_input
                0x0000902a       0xaa contiki-z1.a(uip-icmp6.o)
 .any.text.echo_request_input
                0x000090d4       0xca contiki-z1.a(uip-icmp6.o)
 .any.text.uip_icmp6_input
                0x0000919e       0x44 contiki-z1.a(uip-icmp6.o)
                0x0000919e                uip_icmp6_input
 .any.text.uip_icmp6_register_input_handler
                0x000091e2        0xc contiki-z1.a(uip-icmp6.o)
                0x000091e2                uip_icmp6_register_input_handler
 .any.text.uip_icmp6_error_output
                0x000091ee      0x16e contiki-z1.a(uip-icmp6.o)
                0x000091ee                uip_icmp6_error_output
 .any.text.uip_icmp6_send
                0x0000935c       0x84 contiki-z1.a(uip-icmp6.o)
                0x0000935c                uip_icmp6_send
 .any.text.uip_icmp6_init
                0x000093e0       0x12 contiki-z1.a(uip-icmp6.o)
                0x000093e0                uip_icmp6_init
 .any.text.uip_nd6_init
                0x000093f2        0x2 contiki-z1.a(uip-nd6.o)
                0x000093f2                uip_nd6_init
 .any.text.tcpip_output
                0x000093f4       0x10 contiki-z1.a(tcpip.o)
                0x000093f4                tcpip_output
 .any.text.tcpip_set_outputfunc
                0x00009404        0x6 contiki-z1.a(tcpip.o)
                0x00009404                tcpip_set_outputfunc
 .any.text.udp_new
                0x0000940a       0x1a contiki-z1.a(tcpip.o)
                0x0000940a                udp_new
 .any.text.tcpip_input
                0x00009424       0x16 contiki-z1.a(tcpip.o)
                0x00009424                tcpip_input
 .any.text.tcpip_ipv6_output
                0x0000943a       0xcc contiki-z1.a(tcpip.o)
                0x0000943a                tcpip_ipv6_output
 .any.text.process_thread_tcpip_process
                0x00009506       0xd0 contiki-z1.a(tcpip.o)
 .any.text.tcpip_uipcall
                0x000095d6       0x2a contiki-z1.a(tcpip.o)
                0x000095d6                tcpip_uipcall
 .any.text.uip_debug_ipaddr_print
                0x00009600       0xbc contiki-z1.a(uip-debug.o)
                0x00009600                uip_debug_ipaddr_print
 .any.text.rpl_get_mode
                0x000096bc        0x6 contiki-z1.a(rpl.o)
                0x000096bc                rpl_get_mode
 .any.text.rpl_purge_routes
                0x000096c2       0x96 contiki-z1.a(rpl.o)
                0x000096c2                rpl_purge_routes
 .any.text.rpl_remove_routes
                0x00009758       0x3c contiki-z1.a(rpl.o)
                0x00009758                rpl_remove_routes
 .any.text.rpl_remove_routes_by_nexthop
                0x00009794       0x3e contiki-z1.a(rpl.o)
                0x00009794                rpl_remove_routes_by_nexthop
 .any.text.rpl_add_route
                0x000097d2       0x48 contiki-z1.a(rpl.o)
                0x000097d2                rpl_add_route
 .any.text.rpl_link_neighbor_callback
                0x0000981a       0x4c contiki-z1.a(rpl.o)
                0x0000981a                rpl_link_neighbor_callback
 .any.text.rpl_ipv6_neighbor_callback
                0x00009866       0x1e contiki-z1.a(rpl.o)
                0x00009866                rpl_ipv6_neighbor_callback
 .any.text.rpl_purge_dags
                0x00009884       0x60 contiki-z1.a(rpl.o)
                0x00009884                rpl_purge_dags
 .any.text.rpl_init
                0x000098e4       0x44 contiki-z1.a(rpl.o)
                0x000098e4                rpl_init
 .any.text.lollipop_greater_than
                0x00009928       0x3c contiki-z1.a(rpl-dag.o)
 .any.text.find_parent_any_dag_any_instance
                0x00009964       0x14 contiki-z1.a(rpl-dag.o)
 .any.text.rpl_set_preferred_parent
                0x00009978       0x2c contiki-z1.a(rpl-dag.o)
 .any.text.set_ip_from_prefix
                0x000099a4       0x30 contiki-z1.a(rpl-dag.o)
 .any.text.check_prefix
                0x000099d4       0x70 contiki-z1.a(rpl-dag.o)
 .any.text.rpl_dag_init
                0x00009a44        0xe contiki-z1.a(rpl-dag.o)
                0x00009a44                rpl_dag_init
 .any.text.rpl_get_parent
                0x00009a52        0xc contiki-z1.a(rpl-dag.o)
                0x00009a52                rpl_get_parent
 .any.text.rpl_rank_via_parent
                0x00009a5e       0x2a contiki-z1.a(rpl-dag.o)
                0x00009a5e                rpl_rank_via_parent
 .any.text.rpl_get_parent_lladdr
                0x00009a88        0xc contiki-z1.a(rpl-dag.o)
                0x00009a88                rpl_get_parent_lladdr
 .any.text.rpl_get_parent_ipaddr
                0x00009a94        0xa contiki-z1.a(rpl-dag.o)
                0x00009a94                rpl_get_parent_ipaddr
 .any.text.rpl_get_parent_link_stats
                0x00009a9e        0xa contiki-z1.a(rpl-dag.o)
                0x00009a9e                rpl_get_parent_link_stats
 .any.text.rpl_parent_is_fresh
                0x00009aa8        0xa contiki-z1.a(rpl-dag.o)
                0x00009aa8                rpl_parent_is_fresh
 .any.text.best_parent
                0x00009ab2       0x66 contiki-z1.a(rpl-dag.o)
 .any.text.rpl_parent_is_reachable
                0x00009b18       0x4a contiki-z1.a(rpl-dag.o)
                0x00009b18                rpl_parent_is_reachable
 .any.text.rpl_set_prefix
                0x00009b62       0x74 contiki-z1.a(rpl-dag.o)
                0x00009b62                rpl_set_prefix
 .any.text.rpl_set_default_route
                0x00009bd6       0x3a contiki-z1.a(rpl-dag.o)
                0x00009bd6                rpl_set_default_route
 .any.text.rpl_alloc_instance
                0x00009c10       0x34 contiki-z1.a(rpl-dag.o)
                0x00009c10                rpl_alloc_instance
 .any.text.rpl_add_parent
                0x00009c44       0x3a contiki-z1.a(rpl-dag.o)
                0x00009c44                rpl_add_parent
 .any.text.rpl_find_parent
                0x00009c7e       0x1a contiki-z1.a(rpl-dag.o)
                0x00009c7e                rpl_find_parent
 .any.text.rpl_find_parent_any_dag
                0x00009c98       0x22 contiki-z1.a(rpl-dag.o)
                0x00009c98                rpl_find_parent_any_dag
 .any.text.rpl_select_parent
                0x00009cba       0x62 contiki-z1.a(rpl-dag.o)
                0x00009cba                rpl_select_parent
 .any.text.rpl_select_dag
                0x00009d1c      0x192 contiki-z1.a(rpl-dag.o)
                0x00009d1c                rpl_select_dag
 .any.text.rpl_nullify_parent
                0x00009eae       0x5c contiki-z1.a(rpl-dag.o)
                0x00009eae                rpl_nullify_parent
 .any.text.rpl_remove_parent
                0x00009f0a       0x16 contiki-z1.a(rpl-dag.o)
                0x00009f0a                rpl_remove_parent
 .any.text.nbr_callback
                0x00009f20        0x6 contiki-z1.a(rpl-dag.o)
 .any.text.remove_parents.constprop.4
                0x00009f26       0x2c contiki-z1.a(rpl-dag.o)
 .any.text.rpl_free_dag
                0x00009f52       0x42 contiki-z1.a(rpl-dag.o)
                0x00009f52                rpl_free_dag
 .any.text.rpl_move_parent
                0x00009f94       0x60 contiki-z1.a(rpl-dag.o)
                0x00009f94                rpl_move_parent
 .any.text.rpl_get_any_dag
                0x00009ff4       0x16 contiki-z1.a(rpl-dag.o)
                0x00009ff4                rpl_get_any_dag
 .any.text.rpl_get_instance
                0x0000a00a       0x16 contiki-z1.a(rpl-dag.o)
                0x0000a00a                rpl_get_instance
 .any.text.rpl_alloc_dag
                0x0000a020       0x60 contiki-z1.a(rpl-dag.o)
                0x0000a020                rpl_alloc_dag
 .any.text.rpl_repair_root
                0x0000a080       0x4c contiki-z1.a(rpl-dag.o)
                0x0000a080                rpl_repair_root
 .any.text.rpl_find_of
                0x0000a0cc       0x10 contiki-z1.a(rpl-dag.o)
                0x0000a0cc                rpl_find_of
 .any.text.rpl_set_root
                0x0000a0dc      0x130 contiki-z1.a(rpl-dag.o)
                0x0000a0dc                rpl_set_root
 .any.text.rpl_join_instance
                0x0000a20c      0x142 contiki-z1.a(rpl-dag.o)
                0x0000a20c                rpl_join_instance
 .any.text.rpl_local_repair
                0x0000a34e       0x82 contiki-z1.a(rpl-dag.o)
                0x0000a34e                rpl_local_repair
 .any.text.rpl_process_parent_event
                0x0000a3d0       0xa8 contiki-z1.a(rpl-dag.o)
                0x0000a3d0                rpl_process_parent_event
 .any.text.rpl_recalculate_ranks
                0x0000a478       0x44 contiki-z1.a(rpl-dag.o)
                0x0000a478                rpl_recalculate_ranks
 .any.text.rpl_add_dag
                0x0000a4bc      0x104 contiki-z1.a(rpl-dag.o)
                0x0000a4bc                rpl_add_dag
 .any.text.rpl_process_dio
                0x0000a5c0      0x32a contiki-z1.a(rpl-dag.o)
                0x0000a5c0                rpl_process_dio
 .any.text.update_hbh_header
                0x0000a8ea       0xcc contiki-z1.a(rpl-ext-header.)
 .any.text.insert_hbh_header
                0x0000a9b6       0x94 contiki-z1.a(rpl-ext-header.)
 .any.text.rpl_verify_hbh_header
                0x0000aa4a       0xf4 contiki-z1.a(rpl-ext-header.)
                0x0000aa4a                rpl_verify_hbh_header
 .any.text.rpl_remove_header
                0x0000ab3e       0x76 contiki-z1.a(rpl-ext-header.)
                0x0000ab3e                rpl_remove_header
 .any.text.rpl_update_header
                0x0000abb4       0x54 contiki-z1.a(rpl-ext-header.)
                0x0000abb4                rpl_update_header
 .any.text.get32
                0x0000ac08       0x3e contiki-z1.a(rpl-icmp6.o)
 .any.text.set32
                0x0000ac46       0x2a contiki-z1.a(rpl-icmp6.o)
 .any.text.get16
                0x0000ac70        0xe contiki-z1.a(rpl-icmp6.o)
 .any.text.set16
                0x0000ac7e       0x10 contiki-z1.a(rpl-icmp6.o)
 .any.text.dao_ack_input
                0x0000ac8e        0xa contiki-z1.a(rpl-icmp6.o)
 .any.text.dio_input
                0x0000ac98      0x280 contiki-z1.a(rpl-icmp6.o)
 .any.text.rpl_icmp6_update_nbr_table
                0x0000af18       0x28 contiki-z1.a(rpl-icmp6.o)
                0x0000af18                rpl_icmp6_update_nbr_table
 .any.text.dao_input
                0x0000af40      0x308 contiki-z1.a(rpl-icmp6.o)
 .any.text.dis_output
                0x0000b248       0x50 contiki-z1.a(rpl-icmp6.o)
                0x0000b248                dis_output
 .any.text.dio_output
                0x0000b298      0x24c contiki-z1.a(rpl-icmp6.o)
                0x0000b298                dio_output
 .any.text.dis_input
                0x0000b4e4       0x3e contiki-z1.a(rpl-icmp6.o)
 .any.text.dao_output_target
                0x0000b522       0xf6 contiki-z1.a(rpl-icmp6.o)
                0x0000b522                dao_output_target
 .any.text.dao_output
                0x0000b618      0x140 contiki-z1.a(rpl-icmp6.o)
                0x0000b618                dao_output
 .any.text.rpl_icmp6_register_handlers
                0x0000b758       0x22 contiki-z1.a(rpl-icmp6.o)
                0x0000b758                rpl_icmp6_register_handlers
 .any.text.reset
                0x0000b77a        0x2 contiki-z1.a(rpl-mrhof.o)
 .any.text.update_metric_container
                0x0000b77c        0x6 contiki-z1.a(rpl-mrhof.o)
 .any.text.parent_link_metric
                0x0000b782       0x10 contiki-z1.a(rpl-mrhof.o)
 .any.text.parent_has_usable_link
                0x0000b792       0x14 contiki-z1.a(rpl-mrhof.o)
 .any.text.best_dag
                0x0000b7a6       0x2e contiki-z1.a(rpl-mrhof.o)
 .any.text.parent_path_cost
                0x0000b7d4       0x40 contiki-z1.a(rpl-mrhof.o)
 .any.text.parent_is_acceptable
                0x0000b814       0x2a contiki-z1.a(rpl-mrhof.o)
 .any.text.rank_via_parent
                0x0000b83e       0x4e contiki-z1.a(rpl-mrhof.o)
 .any.text.best_parent
                0x0000b88c       0x76 contiki-z1.a(rpl-mrhof.o)
 .any.text.handle_unicast_dio_timer
                0x0000b902       0x1c contiki-z1.a(rpl-timers.o)
 .any.text.new_dio_interval
                0x0000b91e       0x8a contiki-z1.a(rpl-timers.o)
 .any.text.set_dao_lifetime_timer
                0x0000b9a8       0x84 contiki-z1.a(rpl-timers.o)
 .any.text.handle_dao_timer
                0x0000ba2c      0x154 contiki-z1.a(rpl-timers.o)
 .any.text.handle_periodic_timer
                0x0000bb80       0x50 contiki-z1.a(rpl-timers.o)
 .any.text.schedule_dao
                0x0000bbd0       0x72 contiki-z1.a(rpl-timers.o)
 .any.text.handle_dio_timer
                0x0000bc42       0x88 contiki-z1.a(rpl-timers.o)
 .any.text.rpl_reset_periodic_timer
                0x0000bcca       0x54 contiki-z1.a(rpl-timers.o)
                0x0000bcca                rpl_reset_periodic_timer
 .any.text.rpl_reset_dio_timer
                0x0000bd1e       0x18 contiki-z1.a(rpl-timers.o)
                0x0000bd1e                rpl_reset_dio_timer
 .any.text.rpl_schedule_dao
                0x0000bd36        0xc contiki-z1.a(rpl-timers.o)
                0x0000bd36                rpl_schedule_dao
 .any.text.rpl_schedule_unicast_dio_immediately
                0x0000bd42       0x16 contiki-z1.a(rpl-timers.o)
                0x0000bd42                rpl_schedule_unicast_dio_immediately
 .any.text.get_probing_delay
                0x0000bd58       0x40 contiki-z1.a(rpl-timers.o)
                0x0000bd58                get_probing_delay
 .any.text.get_probing_target
                0x0000bd98       0xe2 contiki-z1.a(rpl-timers.o)
                0x0000bd98                get_probing_target
 .any.text.rpl_schedule_probing
                0x0000be7a       0x26 contiki-z1.a(rpl-timers.o)
                0x0000be7a                rpl_schedule_probing
 .any.text.handle_probing_timer
                0x0000bea0       0x34 contiki-z1.a(rpl-timers.o)
 .any.text.linkaddr_copy
                0x0000bed4        0x8 contiki-z1.a(linkaddr.o)
                0x0000bed4                linkaddr_copy
 .any.text.linkaddr_cmp
                0x0000bedc       0x12 contiki-z1.a(linkaddr.o)
                0x0000bedc                linkaddr_cmp
 .any.text.linkaddr_set_node_addr
                0x0000beee        0xc contiki-z1.a(linkaddr.o)
                0x0000beee                linkaddr_set_node_addr
 .any.text.periodic
                0x0000befa       0x2c contiki-z1.a(link-stats.o)
 .any.text.link_stats_from_lladdr
                0x0000bf26        0xc contiki-z1.a(link-stats.o)
                0x0000bf26                link_stats_from_lladdr
 .any.text.link_stats_is_fresh
                0x0000bf32       0x32 contiki-z1.a(link-stats.o)
                0x0000bf32                link_stats_is_fresh
 .any.text.link_stats_packet_sent
                0x0000bf64       0xc4 contiki-z1.a(link-stats.o)
                0x0000bf64                link_stats_packet_sent
 .any.text.link_stats_input_callback
                0x0000c028       0xa8 contiki-z1.a(link-stats.o)
                0x0000c028                link_stats_input_callback
 .any.text.link_stats_init
                0x0000c0d0       0x22 contiki-z1.a(link-stats.o)
                0x0000c0d0                link_stats_init
 .any.text.key_from_index
                0x0000c0f2       0x18 contiki-z1.a(nbr-table.o)
 .any.text.item_from_index
                0x0000c10a       0x2a contiki-z1.a(nbr-table.o)
 .any.text.index_from_key
                0x0000c134       0x26 contiki-z1.a(nbr-table.o)
 .any.text.index_from_item
                0x0000c15a       0x1e contiki-z1.a(nbr-table.o)
 .any.text.nbr_set_bit
                0x0000c178       0x50 contiki-z1.a(nbr-table.o)
 .any.text.index_from_lladdr
                0x0000c1c8       0x3e contiki-z1.a(nbr-table.o)
 .any.text.nbr_get_bit.constprop.0
                0x0000c206       0x2c contiki-z1.a(nbr-table.o)
 .any.text.remove_key
                0x0000c232       0x56 contiki-z1.a(nbr-table.o)
 .any.text.nbr_table_register
                0x0000c288       0x26 contiki-z1.a(nbr-table.o)
                0x0000c288                nbr_table_register
 .any.text.nbr_table_next
                0x0000c2ae       0x3a contiki-z1.a(nbr-table.o)
                0x0000c2ae                nbr_table_next
 .any.text.nbr_table_head
                0x0000c2e8       0x36 contiki-z1.a(nbr-table.o)
                0x0000c2e8                nbr_table_head
 .any.text.nbr_table_add_lladdr
                0x0000c31e       0xfc contiki-z1.a(nbr-table.o)
                0x0000c31e                nbr_table_add_lladdr
 .any.text.nbr_table_get_from_lladdr
                0x0000c41a       0x28 contiki-z1.a(nbr-table.o)
                0x0000c41a                nbr_table_get_from_lladdr
 .any.text.nbr_table_remove
                0x0000c442       0x2a contiki-z1.a(nbr-table.o)
                0x0000c442                nbr_table_remove
 .any.text.nbr_table_lock
                0x0000c46c       0x10 contiki-z1.a(nbr-table.o)
                0x0000c46c                nbr_table_lock
 .any.text.nbr_table_unlock
                0x0000c47c       0x10 contiki-z1.a(nbr-table.o)
                0x0000c47c                nbr_table_unlock
 .any.text.nbr_table_get_lladdr
                0x0000c48c       0x14 contiki-z1.a(nbr-table.o)
                0x0000c48c                nbr_table_get_lladdr
 .any.text.net_debug_lladdr_print
                0x0000c4a0       0x3c contiki-z1.a(net-debug.o)
                0x0000c4a0                net_debug_lladdr_print
 .any.text.packetbuf_hdrreduce
                0x0000c4dc       0x1a contiki-z1.a(packetbuf.o)
                0x0000c4dc                packetbuf_hdrreduce
 .any.text.packetbuf_set_datalen
                0x0000c4f6        0x6 contiki-z1.a(packetbuf.o)
                0x0000c4f6                packetbuf_set_datalen
 .any.text.packetbuf_hdrptr
                0x0000c4fc        0x6 contiki-z1.a(packetbuf.o)
                0x0000c4fc                packetbuf_hdrptr
 .any.text.packetbuf_datalen
                0x0000c502        0x6 contiki-z1.a(packetbuf.o)
                0x0000c502                packetbuf_datalen
 .any.text.packetbuf_hdrlen
                0x0000c508        0xa contiki-z1.a(packetbuf.o)
                0x0000c508                packetbuf_hdrlen
 .any.text.packetbuf_dataptr
                0x0000c512        0xc contiki-z1.a(packetbuf.o)
                0x0000c512                packetbuf_dataptr
 .any.text.packetbuf_copyto
                0x0000c51e       0x3a contiki-z1.a(packetbuf.o)
                0x0000c51e                packetbuf_copyto
 .any.text.packetbuf_totlen
                0x0000c558        0xc contiki-z1.a(packetbuf.o)
                0x0000c558                packetbuf_totlen
 .any.text.packetbuf_hdralloc
                0x0000c564       0x3c contiki-z1.a(packetbuf.o)
                0x0000c564                packetbuf_hdralloc
 .any.text.packetbuf_attr_clear
                0x0000c5a0       0x28 contiki-z1.a(packetbuf.o)
                0x0000c5a0                packetbuf_attr_clear
 .any.text.packetbuf_clear
                0x0000c5c8       0x12 contiki-z1.a(packetbuf.o)
                0x0000c5c8                packetbuf_clear
 .any.text.packetbuf_copyfrom
                0x0000c5da       0x2a contiki-z1.a(packetbuf.o)
                0x0000c5da                packetbuf_copyfrom
 .any.text.packetbuf_attr_copyto
                0x0000c604       0x22 contiki-z1.a(packetbuf.o)
                0x0000c604                packetbuf_attr_copyto
 .any.text.packetbuf_attr_copyfrom
                0x0000c626       0x24 contiki-z1.a(packetbuf.o)
                0x0000c626                packetbuf_attr_copyfrom
 .any.text.packetbuf_holds_broadcast
                0x0000c64a        0xe contiki-z1.a(packetbuf.o)
                0x0000c64a                packetbuf_holds_broadcast
 .any.text.queuebuf_init
                0x0000c658       0x12 contiki-z1.a(queuebuf.o)
                0x0000c658                queuebuf_init
 .any.text.queuebuf_numfree
                0x0000c66a        0xa contiki-z1.a(queuebuf.o)
                0x0000c66a                queuebuf_numfree
 .any.text.queuebuf_new_from_packetbuf
                0x0000c674       0x4e contiki-z1.a(queuebuf.o)
                0x0000c674                queuebuf_new_from_packetbuf
 .any.text.queuebuf_update_attr_from_packetbuf
                0x0000c6c2       0x12 contiki-z1.a(queuebuf.o)
                0x0000c6c2                queuebuf_update_attr_from_packetbuf
 .any.text.queuebuf_update_from_packetbuf
                0x0000c6d4       0x22 contiki-z1.a(queuebuf.o)
                0x0000c6d4                queuebuf_update_from_packetbuf
 .any.text.queuebuf_free
                0x0000c6f6       0x2a contiki-z1.a(queuebuf.o)
                0x0000c6f6                queuebuf_free
 .any.text.queuebuf_to_packetbuf
                0x0000c720       0x32 contiki-z1.a(queuebuf.o)
                0x0000c720                queuebuf_to_packetbuf
 .any.text.queuebuf_attr
                0x0000c752        0xe contiki-z1.a(queuebuf.o)
                0x0000c752                queuebuf_attr
 .any.text.input_packet
                0x0000c760        0x6 contiki-z1.a(csma.o)
 .any.text.on   0x0000c766        0x6 contiki-z1.a(csma.o)
 .any.text.off  0x0000c76c        0x6 contiki-z1.a(csma.o)
 .any.text.channel_check_interval
                0x0000c772       0x10 contiki-z1.a(csma.o)
 .any.text.transmit_packet_list
                0x0000c782       0x24 contiki-z1.a(csma.o)
 .any.text.schedule_transmission
                0x0000c7a6       0x84 contiki-z1.a(csma.o)
 .any.text.init
                0x0000c82a       0x1a contiki-z1.a(csma.o)
 .any.text.tx_done
                0x0000c844       0x84 contiki-z1.a(csma.o)
 .any.text.send_packet
                0x0000c8c8      0x158 contiki-z1.a(csma.o)
 .any.text.packet_sent
                0x0000ca20       0xca contiki-z1.a(csma.o)
 .any.text.frame802154_get_pan_id
                0x0000caea        0x6 contiki-z1.a(frame802154.o)
                0x0000caea                frame802154_get_pan_id
 .any.text.frame802154_has_panid
                0x0000caf0       0xe0 contiki-z1.a(frame802154.o)
                0x0000caf0                frame802154_has_panid
 .any.text.field_len
                0x0000cbd0       0xa8 contiki-z1.a(frame802154.o)
 .any.text.frame802154_is_broadcast_addr
                0x0000cc78       0x28 contiki-z1.a(frame802154.o)
                0x0000cc78                frame802154_is_broadcast_addr
 .any.text.frame802154_hdrlen
                0x0000cca0       0x32 contiki-z1.a(frame802154.o)
                0x0000cca0                frame802154_hdrlen
 .any.text.frame802154_create
                0x0000ccd2      0x136 contiki-z1.a(frame802154.o)
                0x0000ccd2                frame802154_create
 .any.text.frame802154_parse
                0x0000ce08      0x1be contiki-z1.a(frame802154.o)
                0x0000ce08                frame802154_parse
 .any.text.create_frame.isra.0
                0x0000cfc6      0x114 contiki-z1.a(framer-802154.o)
 .any.text.create
                0x0000d0da        0x8 contiki-z1.a(framer-802154.o)
 .any.text.hdr_length
                0x0000d0e2        0x8 contiki-z1.a(framer-802154.o)
 .any.text.parse
                0x0000d0ea       0x9a contiki-z1.a(framer-802154.o)
 .any.text.mac_call_sent_callback
                0x0000d184       0x14 contiki-z1.a(mac.o)
                0x0000d184                mac_call_sent_callback
 .any.text.mac_sequence_is_duplicate
                0x0000d198       0x60 contiki-z1.a(mac-sequence.o)
                0x0000d198                mac_sequence_is_duplicate
 .any.text.mac_sequence_register_seqno
                0x0000d1f8       0x76 contiki-z1.a(mac-sequence.o)
                0x0000d1f8                mac_sequence_register_seqno
 .any.text.duty_cycle
                0x0000d26e        0x6 contiki-z1.a(contikimac.o)
 .any.text.init
                0x0000d274       0x2a contiki-z1.a(contikimac.o)
 .any.text.on   0x0000d29e       0x1a contiki-z1.a(contikimac.o)
 .any.text.off  0x0000d2b8       0x22 contiki-z1.a(contikimac.o)
 .any.text.recv_burst_off
                0x0000d2da        0xa contiki-z1.a(contikimac.o)
 .any.text.powercycle_turn_radio_off
                0x0000d2e4       0x14 contiki-z1.a(contikimac.o)
 .any.text.turn_off
                0x0000d2f8       0x20 contiki-z1.a(contikimac.o)
 .any.text.turn_on
                0x0000d318       0x30 contiki-z1.a(contikimac.o)
 .any.text.schedule_powercycle_fixed.part.5
                0x0000d348       0x32 contiki-z1.a(contikimac.o)
 .any.text.input_packet
                0x0000d37a       0x94 contiki-z1.a(contikimac.o)
 .any.text.send_packet.isra.8
                0x0000d40e      0x1d8 contiki-z1.a(contikimac.o)
 .any.text.qsend_list
                0x0000d5e6       0xb2 contiki-z1.a(contikimac.o)
 .any.text.qsend_packet
                0x0000d698       0x28 contiki-z1.a(contikimac.o)
 .any.text.powercycle_wrapper
                0x0000d6c0      0x1c2 contiki-z1.a(contikimac.o)
 .any.text.init
                0x0000d882        0x2 contiki-z1.a(nullsec.o)
 .any.text.send
                0x0000d884        0xa contiki-z1.a(nullsec.o)
 .any.text.input
                0x0000d88e        0x6 contiki-z1.a(nullsec.o)
 .any.text.i2c_receiveinit
                0x0000d894       0x36 contiki-z1.a(i2cmaster.o)
                0x0000d894                i2c_receiveinit
 .any.text.i2c_transmitinit
                0x0000d8ca       0x30 contiki-z1.a(i2cmaster.o)
                0x0000d8ca                i2c_transmitinit
 .any.text.i2c_receive_n
                0x0000d8fa       0x3e contiki-z1.a(i2cmaster.o)
                0x0000d8fa                i2c_receive_n
 .any.text.i2c_busy
                0x0000d938        0xa contiki-z1.a(i2cmaster.o)
                0x0000d938                i2c_busy
 .any.text.i2c_enable
                0x0000d942       0x22 contiki-z1.a(i2cmaster.o)
                0x0000d942                i2c_enable
 .any.text.i2c_transmit_n
                0x0000d964       0x14 contiki-z1.a(i2cmaster.o)
                0x0000d964                i2c_transmit_n
 .any.text.status
                0x0000d978       0x18 contiki-z1.a(button-sensor.o)
 .any.text.value
                0x0000d990       0x20 contiki-z1.a(button-sensor.o)
 .any.text.configure
                0x0000d9b0       0x4e contiki-z1.a(button-sensor.o)
 .any.text.stimer_set
                0x0000d9fe       0x1c contiki-z1.a(stimer.o)
                0x0000d9fe                stimer_set
 .any.text.stimer_expired
                0x0000da1a       0x30 contiki-z1.a(stimer.o)
                0x0000da1a                stimer_expired
 .any.text.update_nbr
                0x0000da4a       0xda contiki-z1.a(rpl-nbr-policy.)
 .any.text.handle_periodic_timer
                0x0000db24        0xe contiki-z1.a(rpl-nbr-policy.)
 .any.text.find_removable_dis
                0x0000db32       0x16 contiki-z1.a(rpl-nbr-policy.)
                0x0000db32                find_removable_dis
 .any.text.find_removable_dio
                0x0000db48       0x3c contiki-z1.a(rpl-nbr-policy.)
                0x0000db48                find_removable_dio
 .any.text.find_removable_dao
                0x0000db84       0x34 contiki-z1.a(rpl-nbr-policy.)
                0x0000db84                find_removable_dao
 .any.text.rpl_nbr_policy_find_removable
                0x0000dbb8       0x30 contiki-z1.a(rpl-nbr-policy.)
                0x0000dbb8                rpl_nbr_policy_find_removable

.rodata         0x0000dbe8      0x823
                0x0000dbe8                . = ALIGN (0x2)
 *(.rodata .rodata.* .gnu.linkonce.r.*)
 .rodata.process_thread_mcast_sink_process
                0x0000dbe8       0xdd sink.co
 .rodata.process_thread_my_tsch_process
                0x0000dcc5       0xcc sink.co
 *fill*         0x0000dd91        0x1 00
 .rodata.autostart_processes
                0x0000dd92        0x4 sink.co
                0x0000dd92                autostart_processes
 .rodata        0x0000dd96       0x18 sink.co
 *fill*         0x0000ddae        0x2 00
 .rodata.get_value
                0x0000ddb0       0x44 obj_z1/cc2420.o
 .rodata.set_value
                0x0000ddf4       0x20 obj_z1/cc2420.o
 .rodata.cc2420_driver
                0x0000de14       0x38 obj_z1/cc2420.o
                0x0000de14                cc2420_driver
 .rodata        0x0000de4c        0xe obj_z1/cc2420.o
 .rodata.output_power
                0x0000de5a       0x10 obj_z1/cc2420.o
 .rodata        0x0000de6a      0x115 obj_z1/contiki-z1-main.o
 .rodata        0x0000df7f        0x8 contiki-z1.a(sensors.o)
 .rodata        0x0000df87       0x25 contiki-z1.a(adxl345.o)
 .rodata.adxl345
                0x0000dfac        0xe contiki-z1.a(adxl345.o)
                0x0000dfac                adxl345
 .rodata        0x0000dfba        0xe contiki-z1.a(tmp102.o)
 .rodata.tmp102
                0x0000dfc8        0xe contiki-z1.a(tmp102.o)
                0x0000dfc8                tmp102
 .rodata.out    0x0000dfd6       0x8d contiki-z1.a(bmrf.o)
 .rodata.in     0x0000e063      0x276 contiki-z1.a(bmrf.o)
 .rodata        0x0000e2d9        0x5 contiki-z1.a(bmrf.o)
 .rodata.bmrf_driver
                0x0000e2de        0xe contiki-z1.a(bmrf.o)
                0x0000e2de                bmrf_driver
 .rodata        0x0000e2ec        0xf contiki-z1.a(ctimer.o)
 .rodata        0x0000e2fb        0xc contiki-z1.a(etimer.o)
 .rodata        0x0000e307        0xb contiki-z1.a(sicslowpan.o)
 .rodata.sicslowpan_driver
                0x0000e312        0xa contiki-z1.a(sicslowpan.o)
                0x0000e312                sicslowpan_driver
 .rodata.llprefix
                0x0000e31c        0x2 contiki-z1.a(sicslowpan.o)
                0x0000e31c                llprefix
 .rodata.unc_mxconf
                0x0000e31e        0x4 contiki-z1.a(sicslowpan.o)
                0x0000e31e                unc_mxconf
 .rodata.unc_ctxconf
                0x0000e322        0x4 contiki-z1.a(sicslowpan.o)
                0x0000e322                unc_ctxconf
 .rodata.unc_llconf
                0x0000e326        0x4 contiki-z1.a(sicslowpan.o)
                0x0000e326                unc_llconf
 .rodata.ttl_values
                0x0000e32a        0x4 contiki-z1.a(sicslowpan.o)
 .rodata        0x0000e32e        0xd contiki-z1.a(tcpip.o)
 .rodata.uip_debug_ipaddr_print
                0x0000e33b       0x28 contiki-z1.a(uip-debug.o)
 *fill*         0x0000e363        0x1 00
 .rodata.linkaddr_null
                0x0000e364        0x8 contiki-z1.a(linkaddr.o)
                0x0000e364                linkaddr_null
 .rodata.net_debug_lladdr_print
                0x0000e36c       0x14 contiki-z1.a(net-debug.o)
 .rodata        0x0000e380        0x5 contiki-z1.a(csma.o)
 *fill*         0x0000e385        0x1 00
 .rodata.csma_driver
                0x0000e386       0x1a contiki-z1.a(csma.o)
                0x0000e386                csma_driver
 .rodata.CSWTCH.16
                0x0000e3a0        0x2 contiki-z1.a(frame802154.o)
 .rodata.framer_802154
                0x0000e3a2        0xc contiki-z1.a(framer-802154.o)
                0x0000e3a2                framer_802154
 .rodata        0x0000e3ae        0xb contiki-z1.a(contikimac.o)
 *fill*         0x0000e3b9        0x1 00
 .rodata.contikimac_driver
                0x0000e3ba       0x1e contiki-z1.a(contikimac.o)
                0x0000e3ba                contikimac_driver
 .rodata        0x0000e3d8        0x8 contiki-z1.a(nullsec.o)
 .rodata.nullsec_driver
                0x0000e3e0        0xe contiki-z1.a(nullsec.o)
                0x0000e3e0                nullsec_driver
 .rodata        0x0000e3ee        0x7 contiki-z1.a(button-sensor.o)
 *fill*         0x0000e3f5        0x1 00
 .rodata.button_sensor
                0x0000e3f6        0xe contiki-z1.a(button-sensor.o)
                0x0000e3f6                button_sensor
 .rodata.vuprintf
                0x0000e404        0x7 /usr/local/msp430/bin/../lib/gcc/msp430/4.7.0/../../../../msp430/lib/mcpu-430x/mmpy-16/msr20/mc20/libc.a(vuprintf.o)
 *(.near.rodata .near.rodata.*)
                0x0000e40c                . = ALIGN (0x2)
                0x0000e40c                _etext = .

.data           0x00001100      0x15c load address 0x0000e40c
                0x00001100                . = ALIGN (0x2)
                0x00001100                __data_start = .
 *(.data .data.* .gnu.linkonce.d.*)
 .data.my_tsch_process
                0x00001100        0xc sink.co
                0x00001100                my_tsch_process
 .data.mcast_sink_process
                0x0000110c        0xc sink.co
                0x0000110c                mcast_sink_process
 .data.cc2420_process
                0x00001118        0xc obj_z1/cc2420.o
                0x00001118                cc2420_process
 .data.send_on_cca
                0x00001124        0x1 obj_z1/cc2420.o
 *fill*         0x00001125        0x1 00
 .data.cur_break
                0x00001126        0x2 contiki-z1.a(msp430.o)
 .data.sensors_process
                0x00001128        0xc contiki-z1.a(sensors.o)
                0x00001128                sensors_process
 .data.sensors  0x00001134        0x8 contiki-z1.a(z1-sensors.o)
                0x00001134                sensors
 .data.accmeter_process
                0x0000113c        0xc contiki-z1.a(adxl345.o)
                0x0000113c                accmeter_process
 .data.adxl345_default_settings
                0x00001148       0x16 contiki-z1.a(adxl345.o)
 .data.mcast_route_memb
                0x0000115e        0x8 contiki-z1.a(uip-mcast6-rout)
 .data.ctimer_process
                0x00001166        0xc contiki-z1.a(ctimer.o)
                0x00001166                ctimer_process
 .data.etimer_process
                0x00001172        0xc contiki-z1.a(etimer.o)
                0x00001172                etimer_process
 .data.ds6_neighbors
                0x0000117e        0x2 contiki-z1.a(uip-ds6-nbr.o)
                0x0000117e                ds6_neighbors
 .data.ds6_neighbors_struct
                0x00001180        0xa contiki-z1.a(uip-ds6-nbr.o)
 .data.nbr_routes
                0x0000118a        0x2 contiki-z1.a(uip-ds6-route.o)
                0x0000118a                nbr_routes
 .data.routememb
                0x0000118c        0x8 contiki-z1.a(uip-ds6-route.o)
 .data.defaultroutermemb
                0x00001194        0x8 contiki-z1.a(uip-ds6-route.o)
 .data.neighborroutememb
                0x0000119c        0x8 contiki-z1.a(uip-ds6-route.o)
 .data.nbr_routes_struct
                0x000011a4        0xa contiki-z1.a(uip-ds6-route.o)
 .data.echo_request_handler
                0x000011ae        0x8 contiki-z1.a(uip-icmp6.o)
 .data.echo_reply_handler
                0x000011b6        0x8 contiki-z1.a(uip-icmp6.o)
 .data.tcpip_process
                0x000011be        0xc contiki-z1.a(tcpip.o)
                0x000011be                tcpip_process
 .data.rpl_parents
                0x000011ca        0x2 contiki-z1.a(rpl-dag.o)
                0x000011ca                rpl_parents
 .data.rpl_parents_struct
                0x000011cc        0xa contiki-z1.a(rpl-dag.o)
 .data.dao_sequence
                0x000011d6        0x1 contiki-z1.a(rpl-icmp6.o)
 *fill*         0x000011d7        0x1 00
 .data.dis_handler
                0x000011d8        0x8 contiki-z1.a(rpl-icmp6.o)
 .data.dio_handler
                0x000011e0        0x8 contiki-z1.a(rpl-icmp6.o)
 .data.dao_handler
                0x000011e8        0x8 contiki-z1.a(rpl-icmp6.o)
 .data.dao_ack_handler
                0x000011f0        0x8 contiki-z1.a(rpl-icmp6.o)
 .data.rpl_mrhof
                0x000011f8       0x22 contiki-z1.a(rpl-mrhof.o)
                0x000011f8                rpl_mrhof
 .data.link_stats_struct
                0x0000121a        0xa contiki-z1.a(link-stats.o)
 .data.neighbor_addr_mem
                0x00001224        0x8 contiki-z1.a(nbr-table.o)
 .data.buframmem
                0x0000122c        0x8 contiki-z1.a(queuebuf.o)
 .data.bufmem   0x00001234        0x8 contiki-z1.a(queuebuf.o)
 .data.neighbor_memb
                0x0000123c        0x8 contiki-z1.a(csma.o)
 .data.packet_memb
                0x00001244        0x8 contiki-z1.a(csma.o)
 .data.metadata_memb
                0x0000124c        0x8 contiki-z1.a(csma.o)
 .data.mac_pan_id
                0x00001254        0x2 contiki-z1.a(frame802154.o)
 .data.prescale_lsb
                0x00001256        0x1 contiki-z1.a(i2cmaster.o)
                0x00001256                prescale_lsb
 *fill*         0x00001257        0x1 00
 .data.next     0x00001258        0x4 /usr/local/msp430/bin/../lib/gcc/msp430/4.7.0/../../../../msp430/lib/mcpu-430x/mmpy-16/msr20/mc20/libc.a(rand.o)
 *(.near.data .near.data.*)
                0x0000125c                . = ALIGN (0x2)
                0x0000125c                _edata = .
                0x0000e40c                __data_load_start = LOADADDR (.data)
                0x0000015c                __data_size = SIZEOF (.data)

.bss            0x0000125c     0x1af0 load address 0x0000e568
                0x0000125c                __bss_start = .
 *(.bss .bss.*)
 .bss.et.4778   0x0000125c        0xc sink.co
 .bss.st.4780   0x00001268        0xc sink.co
 .bss.count     0x00001274        0x2 sink.co
 .bss.sink_conn
                0x00001276        0x2 sink.co
 .bss.duplicates
                0x00001278        0x1 sink.co
 *fill*         0x00001279        0x1 00
 .bss.node_role.4759
                0x0000127a        0x2 sink.co
 .bss.is_coordinator.4754
                0x0000127c        0x2 sink.co
 .bss.et.4751   0x0000127e        0xc sink.co
 .bss.packet_number.4767
                0x0000128a        0x1 sink.co
 .bss.received  0x0000128b       0x64 sink.co
 .bss.poll_mode
                0x000012ef        0x1 obj_z1/cc2420.o
 .bss.last_packet_timestamp
                0x000012f0        0x2 obj_z1/cc2420.o
 .bss.locked    0x000012f2        0x1 obj_z1/cc2420.o
 .bss.lock_on   0x000012f3        0x1 obj_z1/cc2420.o
 .bss.lock_off  0x000012f4        0x1 obj_z1/cc2420.o
 .bss.receive_on
                0x000012f5        0x1 obj_z1/cc2420.o
 .bss.channel   0x000012f6        0x2 obj_z1/cc2420.o
 .bss.irq_energest.4210
                0x000012f8        0x4 obj_z1/contiki-z1-main.o
 .bss.leds      0x000012fc        0x1 contiki-z1.a(leds.o)
 *fill*         0x000012fd        0x1 00
 .bss.counter   0x000012fe        0x2 contiki-z1.a(watchdog.o)
 .bss.node_id   0x00001300        0x2 contiki-z1.a(node-id.o)
                0x00001300                node_id
 .bss.num_sensors
                0x00001302        0x1 contiki-z1.a(sensors.o)
 *fill*         0x00001303        0x1 00
 .bss.i.2088    0x00001304        0x2 contiki-z1.a(sensors.o)
 .bss.events.2089
                0x00001306        0x2 contiki-z1.a(sensors.o)
 .bss.transmitting
                0x00001308        0x1 contiki-z1.a(uart0.o)
 *fill*         0x00001309        0x1 00
 .bss.uart0_input_handler
                0x0000130a        0x4 contiki-z1.a(uart0.o)
 .bss.enabled   0x0000130e        0x1 contiki-z1.a(adxl345.o)
 *fill*         0x0000130f        0x1 00
 .bss.int1_mask
                0x00001310        0x2 contiki-z1.a(adxl345.o)
 .bss.int2_mask
                0x00001312        0x2 contiki-z1.a(adxl345.o)
 .bss.suppressTimer1
                0x00001314        0x8 contiki-z1.a(adxl345.o)
 .bss.suppressTimer2
                0x0000131c        0x8 contiki-z1.a(adxl345.o)
 .bss.enabled   0x00001324        0x1 contiki-z1.a(tmp102.o)
 *fill*         0x00001325        0x1 00
 .bss.last_tar  0x00001326        0x2 contiki-z1.a(clock.o)
 .bss.count     0x00001328        0x4 contiki-z1.a(clock.o)
 .bss.seconds   0x0000132c        0x4 contiki-z1.a(clock.o)
 .bss.tsch_is_pan_secured
                0x00001330        0x2 contiki-z1.a(tsch.o)
                0x00001330                tsch_is_pan_secured
 .bss.fwd_delay
                0x00001332        0x1 contiki-z1.a(bmrf.o)
 .bss.fwd_spread
                0x00001333        0x1 contiki-z1.a(bmrf.o)
 .bss.mcast_buf
                0x00001334       0x8c contiki-z1.a(bmrf.o)
 .bss.mcast_len
                0x000013c0        0x1 contiki-z1.a(bmrf.o)
 *fill*         0x000013c1        0x1 00